Archive member included to satisfy reference by file (symbol)

libc/libc.a(sprintf.o)        bootpack.o (sprintf)

Allocating common symbols
Common symbol       size              file

mousedata0          0x4               mouse.o
keyfifo             0x4               keyboard.o
timerctl            0x271c            timer.o
mousefifo           0x4               mouse.o
keydata0            0x4               keyboard.o

Memory Configuration

Name             Origin             Length             Attributes
*default*        0x0000000000000000 0xffffffffffffffff

Linker script and memory map

LOAD bootpack.o
LOAD dsctbl.o
LOAD graphics.o
LOAD int.o
LOAD fifo.o
LOAD mouse.o
LOAD keyboard.o
LOAD memory.o
LOAD sheet.o
LOAD timer.o
LOAD naskfunc.o
LOAD font_8x16.o
                0x0000000000280000                . = 0x280000

.text           0x0000000000280000     0x330f
 *(.text)
 .text          0x0000000000280000      0xfa7 bootpack.o
                0x0000000000280000                HariMain
                0x00000000002809a9                make_window8
                0x0000000000280bc7                putfonts8_asc_sht
                0x0000000000280c66                make_textbox8
                0x0000000000280e65                task_b_main
 .text          0x0000000000280fa7      0x211 dsctbl.o
                0x0000000000280fa7                init_gdtidt
                0x00000000002810f8                set_segmdesc
                0x0000000000281173                set_gatedesc
 .text          0x00000000002811b8      0x5ce graphics.o
                0x00000000002811b8                init_palette
                0x00000000002811d5                set_palette
                0x0000000000281281                boxfill8
                0x00000000002812d3                init_screen8
                0x00000000002814f0                putfont8
                0x00000000002815f2                putfonts8_asc
                0x0000000000281641                init_mouse_cursor8
                0x0000000000281717                putblock8_8
 .text          0x0000000000281786      0x122 int.o
                0x0000000000281786                init_pic
                0x0000000000281861                inthandler27
 .text          0x00000000002818a8      0x13b fifo.o
                0x00000000002818a8                fifo32_init
                0x00000000002818e6                fifo32_put
                0x000000000028195f                fifo32_get
                0x00000000002819ce                fifo32_status
 .text          0x00000000002819e3      0x1e4 mouse.o
                0x00000000002819e3                inthandler2c
                0x0000000000281a3a                enable_mouse
                0x0000000000281a88                mouse_decode
 .text          0x0000000000281bc7       0xa6 keyboard.o
                0x0000000000281bc7                inthandler21
                0x0000000000281c0c                wait_KBC_sendready
                0x0000000000281c2c                init_keyboard
 .text          0x0000000000281c6d      0x4b1 memory.o
                0x0000000000281c6d                memtest
                0x0000000000281d24                memman_init
                0x0000000000281d51                memman_total
                0x0000000000281d8a                memman_alloc
                0x0000000000281e73                memman_free
                0x00000000002820c3                memman_alloc_4k
                0x00000000002820ef                memman_free_4k
 .text          0x000000000028211e      0xa25 sheet.o
                0x000000000028211e                shtctl_init
                0x0000000000282201                sheet_alloc
                0x0000000000282278                sheet_setbuf
                0x00000000002822a1                sheet_refreshmap
                0x0000000000282455                sheet_refreshsub
                0x0000000000282621                sheet_updown
                0x0000000000282998                sheet_refresh
                0x0000000000282a09                sheet_slide
                0x0000000000282b1c                sheet_free
 .text          0x0000000000282b43      0x278 timer.o
                0x0000000000282b43                init_pit
                0x0000000000282beb                timer_alloc
                0x0000000000282c55                timer_free
                0x0000000000282c65                timer_init
                0x0000000000282c7d                timer_settime
                0x0000000000282d2c                inthandler20
 .text          0x0000000000282dbb      0x135 naskfunc.o
                0x0000000000282dbb                _io_hlt
                0x0000000000282dbd                _io_cli
                0x0000000000282dbf                _io_sti
                0x0000000000282dc1                _io_stihlt
                0x0000000000282dc4                _io_in8
                0x0000000000282dcf                _io_in16
                0x0000000000282ddb                _io_in32
                0x0000000000282de1                _io_out8
                0x0000000000282deb                _io_out16
                0x0000000000282df7                _io_out32
                0x0000000000282e01                _io_load_eflags
                0x0000000000282e04                _io_store_eflags
                0x0000000000282e0b                _load_gdtr
                0x0000000000282e1b                _load_idtr
                0x0000000000282e2b                _load_cr0
                0x0000000000282e2f                _store_cr0
                0x0000000000282e37                _load_tr
                0x0000000000282e3d                _asm_inthandler20
                0x0000000000282e58                _asm_inthandler21
                0x0000000000282e73                _asm_inthandler27
                0x0000000000282e8e                _asm_inthandler2c
                0x0000000000282ea9                _memtest_sub
                0x0000000000282eeb                _farjmp
 .text          0x0000000000282ef0        0x0 font_8x16.o
 .text          0x0000000000282ef0      0x41f libc/libc.a(sprintf.o)
                0x00000000002831d8                sprintf

.iplt           0x0000000000283310        0x0
 .iplt          0x0000000000283310        0x0 libc/libc.a(sprintf.o)

.rodata         0x0000000000283320     0x1080
 .rodata        0x0000000000283320       0x55 bootpack.o
 .rodata        0x0000000000283375       0x15 int.o
 *fill*         0x000000000028338a       0x16 
 .rodata        0x00000000002833a0     0x1000 font_8x16.o
                0x00000000002833a0                fontdata_8x16

.note.gnu.property
                0x00000000002843a0       0x1c
 .note.gnu.property
                0x00000000002843a0       0x1c libc/libc.a(sprintf.o)

.rel.dyn        0x00000000002843bc        0x0
 .rel.got       0x00000000002843bc        0x0 libc/libc.a(sprintf.o)
 .rel.iplt      0x00000000002843bc        0x0 libc/libc.a(sprintf.o)
 .rel.text      0x00000000002843bc        0x0 libc/libc.a(sprintf.o)

.data           0x00000000002843c0      0x280
 *(.data)
 .data          0x00000000002843c0      0x140 bootpack.o
 .data          0x0000000000284500        0x0 dsctbl.o
 .data          0x0000000000284500      0x140 graphics.o
 .data          0x0000000000284640        0x0 int.o
 .data          0x0000000000284640        0x0 fifo.o
 .data          0x0000000000284640        0x0 mouse.o
 .data          0x0000000000284640        0x0 keyboard.o
 .data          0x0000000000284640        0x0 memory.o
 .data          0x0000000000284640        0x0 sheet.o
 .data          0x0000000000284640        0x0 timer.o
 .data          0x0000000000284640        0x0 naskfunc.o
 .data          0x0000000000284640        0x0 font_8x16.o
 .data          0x0000000000284640        0x0 libc/libc.a(sprintf.o)

.got            0x0000000000284640        0x0
 .got           0x0000000000284640        0x0 libc/libc.a(sprintf.o)

.got.plt        0x0000000000284640        0x0
 .got.plt       0x0000000000284640        0x0 libc/libc.a(sprintf.o)

.igot.plt       0x0000000000284640        0x0
 .igot.plt      0x0000000000284640        0x0 libc/libc.a(sprintf.o)

.bss            0x0000000000284640     0x273c
 *(.bss)
 .bss           0x0000000000284640        0x0 bootpack.o
 .bss           0x0000000000284640        0x0 dsctbl.o
 .bss           0x0000000000284640        0x0 graphics.o
 .bss           0x0000000000284640        0x0 int.o
 .bss           0x0000000000284640        0x0 fifo.o
 .bss           0x0000000000284640        0x0 mouse.o
 .bss           0x0000000000284640        0x0 keyboard.o
 .bss           0x0000000000284640        0x0 memory.o
 .bss           0x0000000000284640        0x0 sheet.o
 .bss           0x0000000000284640        0x0 timer.o
 .bss           0x0000000000284640        0x0 naskfunc.o
 .bss           0x0000000000284640        0x0 font_8x16.o
 .bss           0x0000000000284640        0x0 libc/libc.a(sprintf.o)
 COMMON         0x0000000000284640        0x8 mouse.o
                0x0000000000284640                mousedata0
                0x0000000000284644                mousefifo
 COMMON         0x0000000000284648        0x8 keyboard.o
                0x0000000000284648                keyfifo
                0x000000000028464c                keydata0
 *fill*         0x0000000000284650       0x10 
 COMMON         0x0000000000284660     0x271c timer.o
                0x0000000000284660                timerctl
LOAD libc/libc.a
OUTPUT(kernel.elf elf32-i386)

.comment        0x0000000000000000       0x1a
 .comment       0x0000000000000000       0x1a bootpack.o
                                         0x1b (size before relaxing)
 .comment       0x000000000000001a       0x1b dsctbl.o
 .comment       0x000000000000001a       0x1b graphics.o
 .comment       0x000000000000001a       0x1b int.o
 .comment       0x000000000000001a       0x1b fifo.o
 .comment       0x000000000000001a       0x1b mouse.o
 .comment       0x000000000000001a       0x1b keyboard.o
 .comment       0x000000000000001a       0x1b memory.o
 .comment       0x000000000000001a       0x1b sheet.o
 .comment       0x000000000000001a       0x1b timer.o
 .comment       0x000000000000001a       0x1b font_8x16.o
 .comment       0x000000000000001a       0x1b libc/libc.a(sprintf.o)

.note.GNU-stack
                0x0000000000000000        0x0
 .note.GNU-stack
                0x0000000000000000        0x0 bootpack.o
 .note.GNU-stack
                0x0000000000000000        0x0 dsctbl.o
 .note.GNU-stack
                0x0000000000000000        0x0 graphics.o
 .note.GNU-stack
                0x0000000000000000        0x0 int.o
 .note.GNU-stack
                0x0000000000000000        0x0 fifo.o
 .note.GNU-stack
                0x0000000000000000        0x0 mouse.o
 .note.GNU-stack
                0x0000000000000000        0x0 keyboard.o
 .note.GNU-stack
                0x0000000000000000        0x0 memory.o
 .note.GNU-stack
                0x0000000000000000        0x0 sheet.o
 .note.GNU-stack
                0x0000000000000000        0x0 timer.o
 .note.GNU-stack
                0x0000000000000000        0x0 font_8x16.o
 .note.GNU-stack
                0x0000000000000000        0x0 libc/libc.a(sprintf.o)
