Archive member included to satisfy reference by file (symbol)

libc/libc.a(sprintf.o)        bootpack.o (sprintf)

Allocating common symbols
Common symbol       size              file

keyfifo             0x18              keyboard.o
mousefifo           0x18              mouse.o

Memory Configuration

Name             Origin             Length             Attributes
*default*        0x0000000000000000 0xffffffffffffffff

Linker script and memory map

LOAD bootpack.o
LOAD dsctbl.o
LOAD graphics.o
LOAD int.o
LOAD fifo.o
LOAD mouse.o
LOAD keyboard.o
LOAD memory.o
LOAD sheet.o
LOAD naskfunc.o
LOAD font_8x16.o
                0x0000000000280000                . = 0x280000

.text           0x0000000000280000     0x2198
 *(.text)
 .text          0x0000000000280000      0x5d3 bootpack.o
                0x0000000000280000                HariMain
 .text          0x00000000002805d3      0x1f3 dsctbl.o
                0x00000000002805d3                init_gdtidt
                0x0000000000280706                set_segmdesc
                0x0000000000280781                set_gatedesc
 .text          0x00000000002807c6      0x5ce graphics.o
                0x00000000002807c6                init_palette
                0x00000000002807e3                set_palette
                0x000000000028088f                boxfill8
                0x00000000002808e1                init_screen8
                0x0000000000280afe                putfont8
                0x0000000000280c00                putfonts8_asc
                0x0000000000280c4f                init_mouse_cursor8
                0x0000000000280d25                putblock8_8
 .text          0x0000000000280d94      0x122 int.o
                0x0000000000280d94                init_pic
                0x0000000000280e6f                inthandler27
 .text          0x0000000000280eb6      0x143 fifo.o
                0x0000000000280eb6                fifo8_init
                0x0000000000280ef4                fifo8_put
                0x0000000000280f74                fifo8_get
                0x0000000000280fe4                fifo8_status
 .text          0x0000000000280ff9      0x1cc mouse.o
                0x0000000000280ff9                inthandler2c
                0x0000000000281048                enable_mouse
                0x0000000000281086                mouse_decode
 .text          0x00000000002811c5       0x8e keyboard.o
                0x00000000002811c5                inthandler21
                0x0000000000281202                wait_KBC_sendready
                0x0000000000281222                init_keyboard
 .text          0x0000000000281253      0x4af memory.o
                0x0000000000281253                memtest
                0x0000000000281308                memman_init
                0x0000000000281335                memman_total
                0x000000000028136e                memman_alloc
                0x0000000000281457                memman_free
                0x00000000002816a7                memman_alloc_4k
                0x00000000002816d3                memman_free_4k
 .text          0x0000000000281702      0x568 sheet.o
                0x0000000000281702                shtctl_init
                0x000000000028177d                sheet_alloc
                0x00000000002817e4                sheet_setbuf
                0x000000000028180d                sheet_refreshsub
                0x0000000000281915                sheet_updown
                0x0000000000281b61                sheet_refresh
                0x0000000000281bb6                sheet_slide
                0x0000000000281c40                sheet_free
 .text          0x0000000000281c6a      0x10f naskfunc.o
                0x0000000000281c6a                _io_hlt
                0x0000000000281c6c                _io_cli
                0x0000000000281c6e                _io_sti
                0x0000000000281c70                _io_stihlt
                0x0000000000281c73                _io_in8
                0x0000000000281c7e                _io_in16
                0x0000000000281c8a                _io_in32
                0x0000000000281c90                _io_out8
                0x0000000000281c9a                _io_out16
                0x0000000000281ca6                _io_out32
                0x0000000000281cb0                _io_load_eflags
                0x0000000000281cb3                _io_store_eflags
                0x0000000000281cba                _load_gdtr
                0x0000000000281cca                _load_idtr
                0x0000000000281cda                _load_cr0
                0x0000000000281cde                _store_cr0
                0x0000000000281ce6                _asm_inthandler21
                0x0000000000281d01                _asm_inthandler27
                0x0000000000281d1c                _asm_inthandler2c
                0x0000000000281d37                _memtest_sub
 .text          0x0000000000281d79        0x0 font_8x16.o
 .text          0x0000000000281d79      0x41f libc/libc.a(sprintf.o)
                0x0000000000282061                sprintf

.iplt           0x0000000000282198        0x0
 .iplt          0x0000000000282198        0x0 libc/libc.a(sprintf.o)

.rodata         0x00000000002821a0     0x1060
 .rodata        0x00000000002821a0       0x38 bootpack.o
 .rodata        0x00000000002821d8       0x15 int.o
 *fill*         0x00000000002821ed       0x13 
 .rodata        0x0000000000282200     0x1000 font_8x16.o
                0x0000000000282200                fontdata_8x16

.note.gnu.property
                0x0000000000283200       0x1c
 .note.gnu.property
                0x0000000000283200       0x1c libc/libc.a(sprintf.o)

.rel.dyn        0x000000000028321c        0x0
 .rel.got       0x000000000028321c        0x0 libc/libc.a(sprintf.o)
 .rel.iplt      0x000000000028321c        0x0 libc/libc.a(sprintf.o)
 .rel.text      0x000000000028321c        0x0 libc/libc.a(sprintf.o)

.data           0x0000000000283220      0x140
 *(.data)
 .data          0x0000000000283220        0x0 bootpack.o
 .data          0x0000000000283220        0x0 dsctbl.o
 .data          0x0000000000283220      0x140 graphics.o
 .data          0x0000000000283360        0x0 int.o
 .data          0x0000000000283360        0x0 fifo.o
 .data          0x0000000000283360        0x0 mouse.o
 .data          0x0000000000283360        0x0 keyboard.o
 .data          0x0000000000283360        0x0 memory.o
 .data          0x0000000000283360        0x0 sheet.o
 .data          0x0000000000283360        0x0 naskfunc.o
 .data          0x0000000000283360        0x0 font_8x16.o
 .data          0x0000000000283360        0x0 libc/libc.a(sprintf.o)

.got            0x0000000000283360        0x0
 .got           0x0000000000283360        0x0 libc/libc.a(sprintf.o)

.got.plt        0x0000000000283360        0x0
 .got.plt       0x0000000000283360        0x0 libc/libc.a(sprintf.o)

.igot.plt       0x0000000000283360        0x0
 .igot.plt      0x0000000000283360        0x0 libc/libc.a(sprintf.o)

.bss            0x0000000000283360       0x30
 *(.bss)
 .bss           0x0000000000283360        0x0 bootpack.o
 .bss           0x0000000000283360        0x0 dsctbl.o
 .bss           0x0000000000283360        0x0 graphics.o
 .bss           0x0000000000283360        0x0 int.o
 .bss           0x0000000000283360        0x0 fifo.o
 .bss           0x0000000000283360        0x0 mouse.o
 .bss           0x0000000000283360        0x0 keyboard.o
 .bss           0x0000000000283360        0x0 memory.o
 .bss           0x0000000000283360        0x0 sheet.o
 .bss           0x0000000000283360        0x0 naskfunc.o
 .bss           0x0000000000283360        0x0 font_8x16.o
 .bss           0x0000000000283360        0x0 libc/libc.a(sprintf.o)
 COMMON         0x0000000000283360       0x18 mouse.o
                0x0000000000283360                mousefifo
 COMMON         0x0000000000283378       0x18 keyboard.o
                0x0000000000283378                keyfifo
LOAD libc/libc.a
OUTPUT(kernel.elf elf32-i386)

.comment        0x0000000000000000       0x1a
 .comment       0x0000000000000000       0x1a bootpack.o
                                         0x1b (size before relaxing)
 .comment       0x000000000000001a       0x1b dsctbl.o
 .comment       0x000000000000001a       0x1b graphics.o
 .comment       0x000000000000001a       0x1b int.o
 .comment       0x000000000000001a       0x1b fifo.o
 .comment       0x000000000000001a       0x1b mouse.o
 .comment       0x000000000000001a       0x1b keyboard.o
 .comment       0x000000000000001a       0x1b memory.o
 .comment       0x000000000000001a       0x1b sheet.o
 .comment       0x000000000000001a       0x1b font_8x16.o
 .comment       0x000000000000001a       0x1b libc/libc.a(sprintf.o)

.note.GNU-stack
                0x0000000000000000        0x0
 .note.GNU-stack
                0x0000000000000000        0x0 bootpack.o
 .note.GNU-stack
                0x0000000000000000        0x0 dsctbl.o
 .note.GNU-stack
                0x0000000000000000        0x0 graphics.o
 .note.GNU-stack
                0x0000000000000000        0x0 int.o
 .note.GNU-stack
                0x0000000000000000        0x0 fifo.o
 .note.GNU-stack
                0x0000000000000000        0x0 mouse.o
 .note.GNU-stack
                0x0000000000000000        0x0 keyboard.o
 .note.GNU-stack
                0x0000000000000000        0x0 memory.o
 .note.GNU-stack
                0x0000000000000000        0x0 sheet.o
 .note.GNU-stack
                0x0000000000000000        0x0 font_8x16.o
 .note.GNU-stack
                0x0000000000000000        0x0 libc/libc.a(sprintf.o)
