Archive member included to satisfy reference by file (symbol)

libc/libc.a(sprintf.o)        bootpack.o (sprintf)

Allocating common symbols
Common symbol       size              file

mousedata0          0x4               mouse.o
keyfifo             0x4               keyboard.o
taskctl             0x4               mtask.o
timerctl            0x271c            timer.o
mousefifo           0x4               mouse.o
task_timer          0x4               mtask.o
keydata0            0x4               keyboard.o

Memory Configuration

Name             Origin             Length             Attributes
*default*        0x0000000000000000 0xffffffffffffffff

Linker script and memory map

LOAD bootpack.o
LOAD dsctbl.o
LOAD graphics.o
LOAD int.o
LOAD fifo.o
LOAD mouse.o
LOAD keyboard.o
LOAD memory.o
LOAD sheet.o
LOAD timer.o
LOAD mtask.o
LOAD naskfunc.o
LOAD font_8x16.o
                0x0000000000280000                . = 0x280000

.text           0x0000000000280000     0x3b43
 *(.text)
 .text          0x0000000000280000     0x114c bootpack.o
                0x0000000000280000                HariMain
                0x0000000000280a46                make_window8
                0x0000000000280bb8                make_wtitle8
                0x0000000000280cb0                putfonts8_asc_sht
                0x0000000000280d4f                make_textbox8
                0x0000000000280f4e                console_task
 .text          0x000000000028114c      0x211 dsctbl.o
                0x000000000028114c                init_gdtidt
                0x000000000028129d                set_segmdesc
                0x0000000000281318                set_gatedesc
 .text          0x000000000028135d      0x5ce graphics.o
                0x000000000028135d                init_palette
                0x000000000028137a                set_palette
                0x0000000000281426                boxfill8
                0x0000000000281478                init_screen8
                0x0000000000281695                putfont8
                0x0000000000281797                putfonts8_asc
                0x00000000002817e6                init_mouse_cursor8
                0x00000000002818bc                putblock8_8
 .text          0x000000000028192b      0x122 int.o
                0x000000000028192b                init_pic
                0x0000000000281a06                inthandler27
 .text          0x0000000000281a4d      0x178 fifo.o
                0x0000000000281a4d                fifo32_init
                0x0000000000281a94                fifo32_put
                0x0000000000281b41                fifo32_get
                0x0000000000281bb0                fifo32_status
 .text          0x0000000000281bc5      0x1e4 mouse.o
                0x0000000000281bc5                inthandler2c
                0x0000000000281c1c                enable_mouse
                0x0000000000281c6a                mouse_decode
 .text          0x0000000000281da9       0xa6 keyboard.o
                0x0000000000281da9                inthandler21
                0x0000000000281dee                wait_KBC_sendready
                0x0000000000281e0e                init_keyboard
 .text          0x0000000000281e4f      0x4b1 memory.o
                0x0000000000281e4f                memtest
                0x0000000000281f06                memman_init
                0x0000000000281f33                memman_total
                0x0000000000281f6c                memman_alloc
                0x0000000000282055                memman_free
                0x00000000002822a5                memman_alloc_4k
                0x00000000002822d1                memman_free_4k
 .text          0x0000000000282300      0xa25 sheet.o
                0x0000000000282300                shtctl_init
                0x00000000002823e3                sheet_alloc
                0x000000000028245a                sheet_setbuf
                0x0000000000282483                sheet_refreshmap
                0x0000000000282637                sheet_refreshsub
                0x0000000000282803                sheet_updown
                0x0000000000282b7a                sheet_refresh
                0x0000000000282beb                sheet_slide
                0x0000000000282cfe                sheet_free
 .text          0x0000000000282d25      0x29a timer.o
                0x0000000000282d25                init_pit
                0x0000000000282dcd                timer_alloc
                0x0000000000282e37                timer_free
                0x0000000000282e47                timer_init
                0x0000000000282e5f                timer_settime
                0x0000000000282f0e                inthandler20
 .text          0x0000000000282fbf      0x630 mtask.o
                0x0000000000282fbf                task_now
                0x0000000000282fef                task_add
                0x0000000000283038                task_remove
                0x00000000002830f5                task_switchsub
                0x0000000000283141                task_idle
                0x000000000028314e                task_init
                0x0000000000283353                task_alloc
                0x0000000000283463                task_run
                0x00000000002834d0                task_sleep
                0x0000000000283520                task_switch
 .text          0x00000000002835ef      0x135 naskfunc.o
                0x00000000002835ef                _io_hlt
                0x00000000002835f1                _io_cli
                0x00000000002835f3                _io_sti
                0x00000000002835f5                _io_stihlt
                0x00000000002835f8                _io_in8
                0x0000000000283603                _io_in16
                0x000000000028360f                _io_in32
                0x0000000000283615                _io_out8
                0x000000000028361f                _io_out16
                0x000000000028362b                _io_out32
                0x0000000000283635                _io_load_eflags
                0x0000000000283638                _io_store_eflags
                0x000000000028363f                _load_gdtr
                0x000000000028364f                _load_idtr
                0x000000000028365f                _load_cr0
                0x0000000000283663                _store_cr0
                0x000000000028366b                _load_tr
                0x0000000000283671                _asm_inthandler20
                0x000000000028368c                _asm_inthandler21
                0x00000000002836a7                _asm_inthandler27
                0x00000000002836c2                _asm_inthandler2c
                0x00000000002836dd                _memtest_sub
                0x000000000028371f                _farjmp
 .text          0x0000000000283724        0x0 font_8x16.o
 .text          0x0000000000283724      0x41f libc/libc.a(sprintf.o)
                0x0000000000283a0c                sprintf

.iplt           0x0000000000283b43        0x0
 .iplt          0x0000000000283b43        0x0 bootpack.o

.rodata         0x0000000000283b60     0x1060
 .rodata        0x0000000000283b60       0x4b bootpack.o
 .rodata        0x0000000000283bab       0x15 int.o
 .rodata        0x0000000000283bc0     0x1000 font_8x16.o
                0x0000000000283bc0                fontdata_8x16

.rel.dyn        0x0000000000284bc0        0x0
 .rel.got       0x0000000000284bc0        0x0 bootpack.o
 .rel.iplt      0x0000000000284bc0        0x0 bootpack.o
 .rel.text      0x0000000000284bc0        0x0 bootpack.o

.data           0x0000000000284bc0      0x320
 *(.data)
 .data          0x0000000000284bc0      0x1e0 bootpack.o
 .data          0x0000000000284da0        0x0 dsctbl.o
 .data          0x0000000000284da0      0x140 graphics.o
 .data          0x0000000000284ee0        0x0 int.o
 .data          0x0000000000284ee0        0x0 fifo.o
 .data          0x0000000000284ee0        0x0 mouse.o
 .data          0x0000000000284ee0        0x0 keyboard.o
 .data          0x0000000000284ee0        0x0 memory.o
 .data          0x0000000000284ee0        0x0 sheet.o
 .data          0x0000000000284ee0        0x0 timer.o
 .data          0x0000000000284ee0        0x0 mtask.o
 .data          0x0000000000284ee0        0x0 naskfunc.o
 .data          0x0000000000284ee0        0x0 font_8x16.o
 .data          0x0000000000284ee0        0x0 libc/libc.a(sprintf.o)

.got            0x0000000000284ee0        0x0
 .got           0x0000000000284ee0        0x0 bootpack.o

.got.plt        0x0000000000284ee0        0x0
 .got.plt       0x0000000000284ee0        0x0 bootpack.o

.igot.plt       0x0000000000284ee0        0x0
 .igot.plt      0x0000000000284ee0        0x0 bootpack.o

.bss            0x0000000000284ee0     0x2744
 *(.bss)
 .bss           0x0000000000284ee0        0x0 bootpack.o
 .bss           0x0000000000284ee0        0x0 dsctbl.o
 .bss           0x0000000000284ee0        0x0 graphics.o
 .bss           0x0000000000284ee0        0x0 int.o
 .bss           0x0000000000284ee0        0x0 fifo.o
 .bss           0x0000000000284ee0        0x0 mouse.o
 .bss           0x0000000000284ee0        0x0 keyboard.o
 .bss           0x0000000000284ee0        0x0 memory.o
 .bss           0x0000000000284ee0        0x0 sheet.o
 .bss           0x0000000000284ee0        0x0 timer.o
 .bss           0x0000000000284ee0        0x0 mtask.o
 .bss           0x0000000000284ee0        0x0 naskfunc.o
 .bss           0x0000000000284ee0        0x0 font_8x16.o
 .bss           0x0000000000284ee0        0x0 libc/libc.a(sprintf.o)
 COMMON         0x0000000000284ee0        0x8 mouse.o
                0x0000000000284ee0                mousedata0
                0x0000000000284ee4                mousefifo
 COMMON         0x0000000000284ee8        0x8 keyboard.o
                0x0000000000284ee8                keyfifo
                0x0000000000284eec                keydata0
 *fill*         0x0000000000284ef0       0x10 
 COMMON         0x0000000000284f00     0x271c timer.o
                0x0000000000284f00                timerctl
 COMMON         0x000000000028761c        0x8 mtask.o
                0x000000000028761c                taskctl
                0x0000000000287620                task_timer
LOAD libc/libc.a
OUTPUT(kernel.elf elf32-i386)

.comment        0x0000000000000000       0x11
 .comment       0x0000000000000000       0x11 bootpack.o
                                         0x12 (size before relaxing)
 .comment       0x0000000000000011       0x12 dsctbl.o
 .comment       0x0000000000000011       0x12 graphics.o
 .comment       0x0000000000000011       0x12 int.o
 .comment       0x0000000000000011       0x12 fifo.o
 .comment       0x0000000000000011       0x12 mouse.o
 .comment       0x0000000000000011       0x12 keyboard.o
 .comment       0x0000000000000011       0x12 memory.o
 .comment       0x0000000000000011       0x12 sheet.o
 .comment       0x0000000000000011       0x12 timer.o
 .comment       0x0000000000000011       0x12 mtask.o
 .comment       0x0000000000000011       0x12 font_8x16.o
 .comment       0x0000000000000011       0x12 libc/libc.a(sprintf.o)

.note.GNU-stack
                0x0000000000000000        0x0
 .note.GNU-stack
                0x0000000000000000        0x0 bootpack.o
 .note.GNU-stack
                0x0000000000000000        0x0 dsctbl.o
 .note.GNU-stack
                0x0000000000000000        0x0 graphics.o
 .note.GNU-stack
                0x0000000000000000        0x0 int.o
 .note.GNU-stack
                0x0000000000000000        0x0 fifo.o
 .note.GNU-stack
                0x0000000000000000        0x0 mouse.o
 .note.GNU-stack
                0x0000000000000000        0x0 keyboard.o
 .note.GNU-stack
                0x0000000000000000        0x0 memory.o
 .note.GNU-stack
                0x0000000000000000        0x0 sheet.o
 .note.GNU-stack
                0x0000000000000000        0x0 timer.o
 .note.GNU-stack
                0x0000000000000000        0x0 mtask.o
 .note.GNU-stack
                0x0000000000000000        0x0 font_8x16.o
 .note.GNU-stack
                0x0000000000000000        0x0 libc/libc.a(sprintf.o)
