Archive member included to satisfy reference by file (symbol)

libc/libc.a(sprintf.o)        bootpack.o (sprintf)
libc/libc.a(strcmp.o)         bootpack.o (strcmp)

Allocating common symbols
Common symbol       size              file

mousedata0          0x4               mouse.o
keyfifo             0x4               keyboard.o
taskctl             0x4               mtask.o
timerctl            0x271c            timer.o
mousefifo           0x4               mouse.o
task_timer          0x4               mtask.o
keydata0            0x4               keyboard.o

Memory Configuration

Name             Origin             Length             Attributes
*default*        0x0000000000000000 0xffffffffffffffff

Linker script and memory map

LOAD bootpack.o
LOAD dsctbl.o
LOAD graphics.o
LOAD int.o
LOAD fifo.o
LOAD mouse.o
LOAD keyboard.o
LOAD memory.o
LOAD sheet.o
LOAD timer.o
LOAD mtask.o
LOAD naskfunc.o
LOAD font_8x16.o
                0x0000000000280000                . = 0x280000

.text           0x0000000000280000     0x4631
 *(.text)
 .text          0x0000000000280000     0x1afd bootpack.o
                0x0000000000280000                HariMain
                0x0000000000280b5a                make_window8
                0x0000000000280ccc                make_wtitle8
                0x0000000000280dc4                putfonts8_asc_sht
                0x0000000000280e63                make_textbox8
                0x0000000000281062                console_task
                0x0000000000281a14                cons_newline
 .text          0x0000000000281afd      0x211 dsctbl.o
                0x0000000000281afd                init_gdtidt
                0x0000000000281c4e                set_segmdesc
                0x0000000000281cc9                set_gatedesc
 .text          0x0000000000281d0e      0x5ce graphics.o
                0x0000000000281d0e                init_palette
                0x0000000000281d2b                set_palette
                0x0000000000281dd7                boxfill8
                0x0000000000281e29                init_screen8
                0x0000000000282046                putfont8
                0x0000000000282148                putfonts8_asc
                0x0000000000282197                init_mouse_cursor8
                0x000000000028226d                putblock8_8
 .text          0x00000000002822dc      0x122 int.o
                0x00000000002822dc                init_pic
                0x00000000002823b7                inthandler27
 .text          0x00000000002823fe      0x178 fifo.o
                0x00000000002823fe                fifo32_init
                0x0000000000282445                fifo32_put
                0x00000000002824f2                fifo32_get
                0x0000000000282561                fifo32_status
 .text          0x0000000000282576      0x1e4 mouse.o
                0x0000000000282576                inthandler2c
                0x00000000002825cd                enable_mouse
                0x000000000028261b                mouse_decode
 .text          0x000000000028275a       0xa6 keyboard.o
                0x000000000028275a                inthandler21
                0x000000000028279f                wait_KBC_sendready
                0x00000000002827bf                init_keyboard
 .text          0x0000000000282800      0x4b1 memory.o
                0x0000000000282800                memtest
                0x00000000002828b7                memman_init
                0x00000000002828e4                memman_total
                0x000000000028291d                memman_alloc
                0x0000000000282a06                memman_free
                0x0000000000282c56                memman_alloc_4k
                0x0000000000282c82                memman_free_4k
 .text          0x0000000000282cb1      0xa25 sheet.o
                0x0000000000282cb1                shtctl_init
                0x0000000000282d94                sheet_alloc
                0x0000000000282e0b                sheet_setbuf
                0x0000000000282e34                sheet_refreshmap
                0x0000000000282fe8                sheet_refreshsub
                0x00000000002831b4                sheet_updown
                0x000000000028352b                sheet_refresh
                0x000000000028359c                sheet_slide
                0x00000000002836af                sheet_free
 .text          0x00000000002836d6      0x29a timer.o
                0x00000000002836d6                init_pit
                0x000000000028377e                timer_alloc
                0x00000000002837e8                timer_free
                0x00000000002837f8                timer_init
                0x0000000000283810                timer_settime
                0x00000000002838bf                inthandler20
 .text          0x0000000000283970      0x630 mtask.o
                0x0000000000283970                task_now
                0x00000000002839a0                task_add
                0x00000000002839e9                task_remove
                0x0000000000283aa6                task_switchsub
                0x0000000000283af2                task_idle
                0x0000000000283aff                task_init
                0x0000000000283d04                task_alloc
                0x0000000000283e14                task_run
                0x0000000000283e81                task_sleep
                0x0000000000283ed1                task_switch
 .text          0x0000000000283fa0      0x135 naskfunc.o
                0x0000000000283fa0                _io_hlt
                0x0000000000283fa2                _io_cli
                0x0000000000283fa4                _io_sti
                0x0000000000283fa6                _io_stihlt
                0x0000000000283fa9                _io_in8
                0x0000000000283fb4                _io_in16
                0x0000000000283fc0                _io_in32
                0x0000000000283fc6                _io_out8
                0x0000000000283fd0                _io_out16
                0x0000000000283fdc                _io_out32
                0x0000000000283fe6                _io_load_eflags
                0x0000000000283fe9                _io_store_eflags
                0x0000000000283ff0                _load_gdtr
                0x0000000000284000                _load_idtr
                0x0000000000284010                _load_cr0
                0x0000000000284014                _store_cr0
                0x000000000028401c                _load_tr
                0x0000000000284022                _asm_inthandler20
                0x000000000028403d                _asm_inthandler21
                0x0000000000284058                _asm_inthandler27
                0x0000000000284073                _asm_inthandler2c
                0x000000000028408e                _memtest_sub
                0x00000000002840d0                _farjmp
 .text          0x00000000002840d5        0x0 font_8x16.o
 .text          0x00000000002840d5      0x41f libc/libc.a(sprintf.o)
                0x00000000002843bd                sprintf
 .text          0x00000000002844f4      0x13d libc/libc.a(strcmp.o)
                0x00000000002844f4                strcmp
                0x0000000000284586                strncmp

.iplt           0x0000000000284631        0x0
 .iplt          0x0000000000284631        0x0 bootpack.o

.rodata         0x0000000000284640     0x10a0
 .rodata        0x0000000000284640       0x6c bootpack.o
 .rodata        0x00000000002846ac       0x15 int.o
 *fill*         0x00000000002846c1       0x1f 
 .rodata        0x00000000002846e0     0x1000 font_8x16.o
                0x00000000002846e0                fontdata_8x16

.rel.dyn        0x00000000002856e0        0x0
 .rel.got       0x00000000002856e0        0x0 bootpack.o
 .rel.iplt      0x00000000002856e0        0x0 bootpack.o
 .rel.text      0x00000000002856e0        0x0 bootpack.o

.data           0x00000000002856e0      0x320
 *(.data)
 .data          0x00000000002856e0      0x1e0 bootpack.o
 .data          0x00000000002858c0        0x0 dsctbl.o
 .data          0x00000000002858c0      0x140 graphics.o
 .data          0x0000000000285a00        0x0 int.o
 .data          0x0000000000285a00        0x0 fifo.o
 .data          0x0000000000285a00        0x0 mouse.o
 .data          0x0000000000285a00        0x0 keyboard.o
 .data          0x0000000000285a00        0x0 memory.o
 .data          0x0000000000285a00        0x0 sheet.o
 .data          0x0000000000285a00        0x0 timer.o
 .data          0x0000000000285a00        0x0 mtask.o
 .data          0x0000000000285a00        0x0 naskfunc.o
 .data          0x0000000000285a00        0x0 font_8x16.o
 .data          0x0000000000285a00        0x0 libc/libc.a(sprintf.o)
 .data          0x0000000000285a00        0x0 libc/libc.a(strcmp.o)

.got            0x0000000000285a00        0x0
 .got           0x0000000000285a00        0x0 bootpack.o

.got.plt        0x0000000000285a00        0x0
 .got.plt       0x0000000000285a00        0x0 bootpack.o

.igot.plt       0x0000000000285a00        0x0
 .igot.plt      0x0000000000285a00        0x0 bootpack.o

.bss            0x0000000000285a00     0x2744
 *(.bss)
 .bss           0x0000000000285a00        0x0 bootpack.o
 .bss           0x0000000000285a00        0x0 dsctbl.o
 .bss           0x0000000000285a00        0x0 graphics.o
 .bss           0x0000000000285a00        0x0 int.o
 .bss           0x0000000000285a00        0x0 fifo.o
 .bss           0x0000000000285a00        0x0 mouse.o
 .bss           0x0000000000285a00        0x0 keyboard.o
 .bss           0x0000000000285a00        0x0 memory.o
 .bss           0x0000000000285a00        0x0 sheet.o
 .bss           0x0000000000285a00        0x0 timer.o
 .bss           0x0000000000285a00        0x0 mtask.o
 .bss           0x0000000000285a00        0x0 naskfunc.o
 .bss           0x0000000000285a00        0x0 font_8x16.o
 .bss           0x0000000000285a00        0x0 libc/libc.a(sprintf.o)
 .bss           0x0000000000285a00        0x0 libc/libc.a(strcmp.o)
 COMMON         0x0000000000285a00        0x8 mouse.o
                0x0000000000285a00                mousedata0
                0x0000000000285a04                mousefifo
 COMMON         0x0000000000285a08        0x8 keyboard.o
                0x0000000000285a08                keyfifo
                0x0000000000285a0c                keydata0
 *fill*         0x0000000000285a10       0x10 
 COMMON         0x0000000000285a20     0x271c timer.o
                0x0000000000285a20                timerctl
 COMMON         0x000000000028813c        0x8 mtask.o
                0x000000000028813c                taskctl
                0x0000000000288140                task_timer
LOAD libc/libc.a
OUTPUT(kernel.elf elf32-i386)

.comment        0x0000000000000000       0x11
 .comment       0x0000000000000000       0x11 bootpack.o
                                         0x12 (size before relaxing)
 .comment       0x0000000000000011       0x12 dsctbl.o
 .comment       0x0000000000000011       0x12 graphics.o
 .comment       0x0000000000000011       0x12 int.o
 .comment       0x0000000000000011       0x12 fifo.o
 .comment       0x0000000000000011       0x12 mouse.o
 .comment       0x0000000000000011       0x12 keyboard.o
 .comment       0x0000000000000011       0x12 memory.o
 .comment       0x0000000000000011       0x12 sheet.o
 .comment       0x0000000000000011       0x12 timer.o
 .comment       0x0000000000000011       0x12 mtask.o
 .comment       0x0000000000000011       0x12 font_8x16.o
 .comment       0x0000000000000011       0x12 libc/libc.a(sprintf.o)
 .comment       0x0000000000000011       0x12 libc/libc.a(strcmp.o)

.note.GNU-stack
                0x0000000000000000        0x0
 .note.GNU-stack
                0x0000000000000000        0x0 bootpack.o
 .note.GNU-stack
                0x0000000000000000        0x0 dsctbl.o
 .note.GNU-stack
                0x0000000000000000        0x0 graphics.o
 .note.GNU-stack
                0x0000000000000000        0x0 int.o
 .note.GNU-stack
                0x0000000000000000        0x0 fifo.o
 .note.GNU-stack
                0x0000000000000000        0x0 mouse.o
 .note.GNU-stack
                0x0000000000000000        0x0 keyboard.o
 .note.GNU-stack
                0x0000000000000000        0x0 memory.o
 .note.GNU-stack
                0x0000000000000000        0x0 sheet.o
 .note.GNU-stack
                0x0000000000000000        0x0 timer.o
 .note.GNU-stack
                0x0000000000000000        0x0 mtask.o
 .note.GNU-stack
                0x0000000000000000        0x0 font_8x16.o
 .note.GNU-stack
                0x0000000000000000        0x0 libc/libc.a(sprintf.o)
 .note.GNU-stack
                0x0000000000000000        0x0 libc/libc.a(strcmp.o)
