Archive member included to satisfy reference by file (symbol)

libc/libc.a(sprintf.o)        bootpack.o (sprintf)
libc/libc.a(strcmp.o)         bootpack.o (strcmp)

Allocating common symbols
Common symbol       size              file

mousedata0          0x4               mouse.o
keyfifo             0x4               keyboard.o
taskctl             0x4               mtask.o
timerctl            0x271c            timer.o
mousefifo           0x4               mouse.o
task_timer          0x4               mtask.o
keydata0            0x4               keyboard.o

Memory Configuration

Name             Origin             Length             Attributes
*default*        0x0000000000000000 0xffffffffffffffff

Linker script and memory map

LOAD bootpack.o
LOAD dsctbl.o
LOAD graphics.o
LOAD int.o
LOAD fifo.o
LOAD mouse.o
LOAD keyboard.o
LOAD memory.o
LOAD sheet.o
LOAD timer.o
LOAD mtask.o
LOAD naskfunc.o
LOAD font_8x16.o
                0x0000000000280000                . = 0x280000

.text           0x0000000000280000     0x4812
 *(.text)
 .text          0x0000000000280000     0x1cde bootpack.o
                0x0000000000280000                HariMain
                0x0000000000280b5a                make_window8
                0x0000000000280ccc                make_wtitle8
                0x0000000000280dc4                putfonts8_asc_sht
                0x0000000000280e63                make_textbox8
                0x0000000000281062                console_task
                0x0000000000281a9d                cons_newline
                0x0000000000281b86                file_readfat
                0x0000000000281c36                file_loadfile
 .text          0x0000000000281cde      0x211 dsctbl.o
                0x0000000000281cde                init_gdtidt
                0x0000000000281e2f                set_segmdesc
                0x0000000000281eaa                set_gatedesc
 .text          0x0000000000281eef      0x5ce graphics.o
                0x0000000000281eef                init_palette
                0x0000000000281f0c                set_palette
                0x0000000000281fb8                boxfill8
                0x000000000028200a                init_screen8
                0x0000000000282227                putfont8
                0x0000000000282329                putfonts8_asc
                0x0000000000282378                init_mouse_cursor8
                0x000000000028244e                putblock8_8
 .text          0x00000000002824bd      0x122 int.o
                0x00000000002824bd                init_pic
                0x0000000000282598                inthandler27
 .text          0x00000000002825df      0x178 fifo.o
                0x00000000002825df                fifo32_init
                0x0000000000282626                fifo32_put
                0x00000000002826d3                fifo32_get
                0x0000000000282742                fifo32_status
 .text          0x0000000000282757      0x1e4 mouse.o
                0x0000000000282757                inthandler2c
                0x00000000002827ae                enable_mouse
                0x00000000002827fc                mouse_decode
 .text          0x000000000028293b       0xa6 keyboard.o
                0x000000000028293b                inthandler21
                0x0000000000282980                wait_KBC_sendready
                0x00000000002829a0                init_keyboard
 .text          0x00000000002829e1      0x4b1 memory.o
                0x00000000002829e1                memtest
                0x0000000000282a98                memman_init
                0x0000000000282ac5                memman_total
                0x0000000000282afe                memman_alloc
                0x0000000000282be7                memman_free
                0x0000000000282e37                memman_alloc_4k
                0x0000000000282e63                memman_free_4k
 .text          0x0000000000282e92      0xa25 sheet.o
                0x0000000000282e92                shtctl_init
                0x0000000000282f75                sheet_alloc
                0x0000000000282fec                sheet_setbuf
                0x0000000000283015                sheet_refreshmap
                0x00000000002831c9                sheet_refreshsub
                0x0000000000283395                sheet_updown
                0x000000000028370c                sheet_refresh
                0x000000000028377d                sheet_slide
                0x0000000000283890                sheet_free
 .text          0x00000000002838b7      0x29a timer.o
                0x00000000002838b7                init_pit
                0x000000000028395f                timer_alloc
                0x00000000002839c9                timer_free
                0x00000000002839d9                timer_init
                0x00000000002839f1                timer_settime
                0x0000000000283aa0                inthandler20
 .text          0x0000000000283b51      0x630 mtask.o
                0x0000000000283b51                task_now
                0x0000000000283b81                task_add
                0x0000000000283bca                task_remove
                0x0000000000283c87                task_switchsub
                0x0000000000283cd3                task_idle
                0x0000000000283ce0                task_init
                0x0000000000283ee5                task_alloc
                0x0000000000283ff5                task_run
                0x0000000000284062                task_sleep
                0x00000000002840b2                task_switch
 .text          0x0000000000284181      0x135 naskfunc.o
                0x0000000000284181                _io_hlt
                0x0000000000284183                _io_cli
                0x0000000000284185                _io_sti
                0x0000000000284187                _io_stihlt
                0x000000000028418a                _io_in8
                0x0000000000284195                _io_in16
                0x00000000002841a1                _io_in32
                0x00000000002841a7                _io_out8
                0x00000000002841b1                _io_out16
                0x00000000002841bd                _io_out32
                0x00000000002841c7                _io_load_eflags
                0x00000000002841ca                _io_store_eflags
                0x00000000002841d1                _load_gdtr
                0x00000000002841e1                _load_idtr
                0x00000000002841f1                _load_cr0
                0x00000000002841f5                _store_cr0
                0x00000000002841fd                _load_tr
                0x0000000000284203                _asm_inthandler20
                0x000000000028421e                _asm_inthandler21
                0x0000000000284239                _asm_inthandler27
                0x0000000000284254                _asm_inthandler2c
                0x000000000028426f                _memtest_sub
                0x00000000002842b1                _farjmp
 .text          0x00000000002842b6        0x0 font_8x16.o
 .text          0x00000000002842b6      0x41f libc/libc.a(sprintf.o)
                0x000000000028459e                sprintf
 .text          0x00000000002846d5      0x13d libc/libc.a(strcmp.o)
                0x00000000002846d5                strcmp
                0x0000000000284767                strncmp

.iplt           0x0000000000284812        0x0
 .iplt          0x0000000000284812        0x0 bootpack.o

.rodata         0x0000000000284820     0x10a0
 .rodata        0x0000000000284820       0x6c bootpack.o
 .rodata        0x000000000028488c       0x15 int.o
 *fill*         0x00000000002848a1       0x1f 
 .rodata        0x00000000002848c0     0x1000 font_8x16.o
                0x00000000002848c0                fontdata_8x16

.rel.dyn        0x00000000002858c0        0x0
 .rel.got       0x00000000002858c0        0x0 bootpack.o
 .rel.iplt      0x00000000002858c0        0x0 bootpack.o
 .rel.text      0x00000000002858c0        0x0 bootpack.o

.data           0x00000000002858c0      0x320
 *(.data)
 .data          0x00000000002858c0      0x1e0 bootpack.o
 .data          0x0000000000285aa0        0x0 dsctbl.o
 .data          0x0000000000285aa0      0x140 graphics.o
 .data          0x0000000000285be0        0x0 int.o
 .data          0x0000000000285be0        0x0 fifo.o
 .data          0x0000000000285be0        0x0 mouse.o
 .data          0x0000000000285be0        0x0 keyboard.o
 .data          0x0000000000285be0        0x0 memory.o
 .data          0x0000000000285be0        0x0 sheet.o
 .data          0x0000000000285be0        0x0 timer.o
 .data          0x0000000000285be0        0x0 mtask.o
 .data          0x0000000000285be0        0x0 naskfunc.o
 .data          0x0000000000285be0        0x0 font_8x16.o
 .data          0x0000000000285be0        0x0 libc/libc.a(sprintf.o)
 .data          0x0000000000285be0        0x0 libc/libc.a(strcmp.o)

.got            0x0000000000285be0        0x0
 .got           0x0000000000285be0        0x0 bootpack.o

.got.plt        0x0000000000285be0        0x0
 .got.plt       0x0000000000285be0        0x0 bootpack.o

.igot.plt       0x0000000000285be0        0x0
 .igot.plt      0x0000000000285be0        0x0 bootpack.o

.bss            0x0000000000285be0     0x2744
 *(.bss)
 .bss           0x0000000000285be0        0x0 bootpack.o
 .bss           0x0000000000285be0        0x0 dsctbl.o
 .bss           0x0000000000285be0        0x0 graphics.o
 .bss           0x0000000000285be0        0x0 int.o
 .bss           0x0000000000285be0        0x0 fifo.o
 .bss           0x0000000000285be0        0x0 mouse.o
 .bss           0x0000000000285be0        0x0 keyboard.o
 .bss           0x0000000000285be0        0x0 memory.o
 .bss           0x0000000000285be0        0x0 sheet.o
 .bss           0x0000000000285be0        0x0 timer.o
 .bss           0x0000000000285be0        0x0 mtask.o
 .bss           0x0000000000285be0        0x0 naskfunc.o
 .bss           0x0000000000285be0        0x0 font_8x16.o
 .bss           0x0000000000285be0        0x0 libc/libc.a(sprintf.o)
 .bss           0x0000000000285be0        0x0 libc/libc.a(strcmp.o)
 COMMON         0x0000000000285be0        0x8 mouse.o
                0x0000000000285be0                mousedata0
                0x0000000000285be4                mousefifo
 COMMON         0x0000000000285be8        0x8 keyboard.o
                0x0000000000285be8                keyfifo
                0x0000000000285bec                keydata0
 *fill*         0x0000000000285bf0       0x10 
 COMMON         0x0000000000285c00     0x271c timer.o
                0x0000000000285c00                timerctl
 COMMON         0x000000000028831c        0x8 mtask.o
                0x000000000028831c                taskctl
                0x0000000000288320                task_timer
LOAD libc/libc.a
OUTPUT(kernel.elf elf32-i386)

.comment        0x0000000000000000       0x11
 .comment       0x0000000000000000       0x11 bootpack.o
                                         0x12 (size before relaxing)
 .comment       0x0000000000000011       0x12 dsctbl.o
 .comment       0x0000000000000011       0x12 graphics.o
 .comment       0x0000000000000011       0x12 int.o
 .comment       0x0000000000000011       0x12 fifo.o
 .comment       0x0000000000000011       0x12 mouse.o
 .comment       0x0000000000000011       0x12 keyboard.o
 .comment       0x0000000000000011       0x12 memory.o
 .comment       0x0000000000000011       0x12 sheet.o
 .comment       0x0000000000000011       0x12 timer.o
 .comment       0x0000000000000011       0x12 mtask.o
 .comment       0x0000000000000011       0x12 font_8x16.o
 .comment       0x0000000000000011       0x12 libc/libc.a(sprintf.o)
 .comment       0x0000000000000011       0x12 libc/libc.a(strcmp.o)

.note.GNU-stack
                0x0000000000000000        0x0
 .note.GNU-stack
                0x0000000000000000        0x0 bootpack.o
 .note.GNU-stack
                0x0000000000000000        0x0 dsctbl.o
 .note.GNU-stack
                0x0000000000000000        0x0 graphics.o
 .note.GNU-stack
                0x0000000000000000        0x0 int.o
 .note.GNU-stack
                0x0000000000000000        0x0 fifo.o
 .note.GNU-stack
                0x0000000000000000        0x0 mouse.o
 .note.GNU-stack
                0x0000000000000000        0x0 keyboard.o
 .note.GNU-stack
                0x0000000000000000        0x0 memory.o
 .note.GNU-stack
                0x0000000000000000        0x0 sheet.o
 .note.GNU-stack
                0x0000000000000000        0x0 timer.o
 .note.GNU-stack
                0x0000000000000000        0x0 mtask.o
 .note.GNU-stack
                0x0000000000000000        0x0 font_8x16.o
 .note.GNU-stack
                0x0000000000000000        0x0 libc/libc.a(sprintf.o)
 .note.GNU-stack
                0x0000000000000000        0x0 libc/libc.a(strcmp.o)
