Archive member included to satisfy reference by file (symbol)

libc/libc.a(sprintf.o)        bootpack.o (sprintf)

Allocating common symbols
Common symbol       size              file

mousedata0          0x4               mouse.o
keyfifo             0x4               keyboard.o
taskctl             0x4               mtask.o
timerctl            0x271c            timer.o
mousefifo           0x4               mouse.o
task_timer          0x4               mtask.o
keydata0            0x4               keyboard.o

Memory Configuration

Name             Origin             Length             Attributes
*default*        0x0000000000000000 0xffffffffffffffff

Linker script and memory map

LOAD bootpack.o
LOAD dsctbl.o
LOAD graphics.o
LOAD int.o
LOAD fifo.o
LOAD mouse.o
LOAD keyboard.o
LOAD memory.o
LOAD sheet.o
LOAD timer.o
LOAD mtask.o
LOAD naskfunc.o
LOAD font_8x16.o
                0x0000000000280000                . = 0x280000

.text           0x0000000000280000     0x373d
 *(.text)
 .text          0x0000000000280000      0xf78 bootpack.o
                0x0000000000280000                HariMain
                0x00000000002809a0                make_window8
                0x0000000000280be5                putfonts8_asc_sht
                0x0000000000280c84                make_textbox8
                0x0000000000280e83                task_b_main
 .text          0x0000000000280f78      0x211 dsctbl.o
                0x0000000000280f78                init_gdtidt
                0x00000000002810c9                set_segmdesc
                0x0000000000281144                set_gatedesc
 .text          0x0000000000281189      0x5ce graphics.o
                0x0000000000281189                init_palette
                0x00000000002811a6                set_palette
                0x0000000000281252                boxfill8
                0x00000000002812a4                init_screen8
                0x00000000002814c1                putfont8
                0x00000000002815c3                putfonts8_asc
                0x0000000000281612                init_mouse_cursor8
                0x00000000002816e8                putblock8_8
 .text          0x0000000000281757      0x122 int.o
                0x0000000000281757                init_pic
                0x0000000000281832                inthandler27
 .text          0x0000000000281879      0x173 fifo.o
                0x0000000000281879                fifo32_init
                0x00000000002818c0                fifo32_put
                0x0000000000281968                fifo32_get
                0x00000000002819d7                fifo32_status
 .text          0x00000000002819ec      0x1e4 mouse.o
                0x00000000002819ec                inthandler2c
                0x0000000000281a43                enable_mouse
                0x0000000000281a91                mouse_decode
 .text          0x0000000000281bd0       0xa6 keyboard.o
                0x0000000000281bd0                inthandler21
                0x0000000000281c15                wait_KBC_sendready
                0x0000000000281c35                init_keyboard
 .text          0x0000000000281c76      0x4b1 memory.o
                0x0000000000281c76                memtest
                0x0000000000281d2d                memman_init
                0x0000000000281d5a                memman_total
                0x0000000000281d93                memman_alloc
                0x0000000000281e7c                memman_free
                0x00000000002820cc                memman_alloc_4k
                0x00000000002820f8                memman_free_4k
 .text          0x0000000000282127      0xa25 sheet.o
                0x0000000000282127                shtctl_init
                0x000000000028220a                sheet_alloc
                0x0000000000282281                sheet_setbuf
                0x00000000002822aa                sheet_refreshmap
                0x000000000028245e                sheet_refreshsub
                0x000000000028262a                sheet_updown
                0x00000000002829a1                sheet_refresh
                0x0000000000282a12                sheet_slide
                0x0000000000282b25                sheet_free
 .text          0x0000000000282b4c      0x29a timer.o
                0x0000000000282b4c                init_pit
                0x0000000000282bf4                timer_alloc
                0x0000000000282c5e                timer_free
                0x0000000000282c6e                timer_init
                0x0000000000282c86                timer_settime
                0x0000000000282d35                inthandler20
 .text          0x0000000000282de6      0x403 mtask.o
                0x0000000000282de6                task_init
                0x0000000000282f13                task_alloc
                0x000000000028300e                task_run
                0x0000000000283059                task_switch
                0x00000000002830de                task_sleep
 .text          0x00000000002831e9      0x135 naskfunc.o
                0x00000000002831e9                _io_hlt
                0x00000000002831eb                _io_cli
                0x00000000002831ed                _io_sti
                0x00000000002831ef                _io_stihlt
                0x00000000002831f2                _io_in8
                0x00000000002831fd                _io_in16
                0x0000000000283209                _io_in32
                0x000000000028320f                _io_out8
                0x0000000000283219                _io_out16
                0x0000000000283225                _io_out32
                0x000000000028322f                _io_load_eflags
                0x0000000000283232                _io_store_eflags
                0x0000000000283239                _load_gdtr
                0x0000000000283249                _load_idtr
                0x0000000000283259                _load_cr0
                0x000000000028325d                _store_cr0
                0x0000000000283265                _load_tr
                0x000000000028326b                _asm_inthandler20
                0x0000000000283286                _asm_inthandler21
                0x00000000002832a1                _asm_inthandler27
                0x00000000002832bc                _asm_inthandler2c
                0x00000000002832d7                _memtest_sub
                0x0000000000283319                _farjmp
 .text          0x000000000028331e        0x0 font_8x16.o
 .text          0x000000000028331e      0x41f libc/libc.a(sprintf.o)
                0x0000000000283606                sprintf

.iplt           0x0000000000283740        0x0
 .iplt          0x0000000000283740        0x0 libc/libc.a(sprintf.o)

.rodata         0x0000000000283740     0x1080
 .rodata        0x0000000000283740       0x4f bootpack.o
 .rodata        0x000000000028378f       0x15 int.o
 *fill*         0x00000000002837a4       0x1c 
 .rodata        0x00000000002837c0     0x1000 font_8x16.o
                0x00000000002837c0                fontdata_8x16

.note.gnu.property
                0x00000000002847c0       0x1c
 .note.gnu.property
                0x00000000002847c0       0x1c libc/libc.a(sprintf.o)

.rel.dyn        0x00000000002847dc        0x0
 .rel.got       0x00000000002847dc        0x0 libc/libc.a(sprintf.o)
 .rel.iplt      0x00000000002847dc        0x0 libc/libc.a(sprintf.o)
 .rel.text      0x00000000002847dc        0x0 libc/libc.a(sprintf.o)

.data           0x00000000002847e0      0x280
 *(.data)
 .data          0x00000000002847e0      0x140 bootpack.o
 .data          0x0000000000284920        0x0 dsctbl.o
 .data          0x0000000000284920      0x140 graphics.o
 .data          0x0000000000284a60        0x0 int.o
 .data          0x0000000000284a60        0x0 fifo.o
 .data          0x0000000000284a60        0x0 mouse.o
 .data          0x0000000000284a60        0x0 keyboard.o
 .data          0x0000000000284a60        0x0 memory.o
 .data          0x0000000000284a60        0x0 sheet.o
 .data          0x0000000000284a60        0x0 timer.o
 .data          0x0000000000284a60        0x0 mtask.o
 .data          0x0000000000284a60        0x0 naskfunc.o
 .data          0x0000000000284a60        0x0 font_8x16.o
 .data          0x0000000000284a60        0x0 libc/libc.a(sprintf.o)

.got            0x0000000000284a60        0x0
 .got           0x0000000000284a60        0x0 libc/libc.a(sprintf.o)

.got.plt        0x0000000000284a60        0x0
 .got.plt       0x0000000000284a60        0x0 libc/libc.a(sprintf.o)

.igot.plt       0x0000000000284a60        0x0
 .igot.plt      0x0000000000284a60        0x0 libc/libc.a(sprintf.o)

.bss            0x0000000000284a60     0x2744
 *(.bss)
 .bss           0x0000000000284a60        0x0 bootpack.o
 .bss           0x0000000000284a60        0x0 dsctbl.o
 .bss           0x0000000000284a60        0x0 graphics.o
 .bss           0x0000000000284a60        0x0 int.o
 .bss           0x0000000000284a60        0x0 fifo.o
 .bss           0x0000000000284a60        0x0 mouse.o
 .bss           0x0000000000284a60        0x0 keyboard.o
 .bss           0x0000000000284a60        0x0 memory.o
 .bss           0x0000000000284a60        0x0 sheet.o
 .bss           0x0000000000284a60        0x0 timer.o
 .bss           0x0000000000284a60        0x0 mtask.o
 .bss           0x0000000000284a60        0x0 naskfunc.o
 .bss           0x0000000000284a60        0x0 font_8x16.o
 .bss           0x0000000000284a60        0x0 libc/libc.a(sprintf.o)
 COMMON         0x0000000000284a60        0x8 mouse.o
                0x0000000000284a60                mousedata0
                0x0000000000284a64                mousefifo
 COMMON         0x0000000000284a68        0x8 keyboard.o
                0x0000000000284a68                keyfifo
                0x0000000000284a6c                keydata0
 *fill*         0x0000000000284a70       0x10 
 COMMON         0x0000000000284a80     0x271c timer.o
                0x0000000000284a80                timerctl
 COMMON         0x000000000028719c        0x8 mtask.o
                0x000000000028719c                taskctl
                0x00000000002871a0                task_timer
LOAD libc/libc.a
OUTPUT(kernel.elf elf32-i386)

.comment        0x0000000000000000       0x1a
 .comment       0x0000000000000000       0x1a bootpack.o
                                         0x1b (size before relaxing)
 .comment       0x000000000000001a       0x1b dsctbl.o
 .comment       0x000000000000001a       0x1b graphics.o
 .comment       0x000000000000001a       0x1b int.o
 .comment       0x000000000000001a       0x1b fifo.o
 .comment       0x000000000000001a       0x1b mouse.o
 .comment       0x000000000000001a       0x1b keyboard.o
 .comment       0x000000000000001a       0x1b memory.o
 .comment       0x000000000000001a       0x1b sheet.o
 .comment       0x000000000000001a       0x1b timer.o
 .comment       0x000000000000001a       0x1b mtask.o
 .comment       0x000000000000001a       0x1b font_8x16.o
 .comment       0x000000000000001a       0x1b libc/libc.a(sprintf.o)

.note.GNU-stack
                0x0000000000000000        0x0
 .note.GNU-stack
                0x0000000000000000        0x0 bootpack.o
 .note.GNU-stack
                0x0000000000000000        0x0 dsctbl.o
 .note.GNU-stack
                0x0000000000000000        0x0 graphics.o
 .note.GNU-stack
                0x0000000000000000        0x0 int.o
 .note.GNU-stack
                0x0000000000000000        0x0 fifo.o
 .note.GNU-stack
                0x0000000000000000        0x0 mouse.o
 .note.GNU-stack
                0x0000000000000000        0x0 keyboard.o
 .note.GNU-stack
                0x0000000000000000        0x0 memory.o
 .note.GNU-stack
                0x0000000000000000        0x0 sheet.o
 .note.GNU-stack
                0x0000000000000000        0x0 timer.o
 .note.GNU-stack
                0x0000000000000000        0x0 mtask.o
 .note.GNU-stack
                0x0000000000000000        0x0 font_8x16.o
 .note.GNU-stack
                0x0000000000000000        0x0 libc/libc.a(sprintf.o)
