Archive member included to satisfy reference by file (symbol)

libc/libc.a(sprintf.o)        bootpack.o (sprintf)

Allocating common symbols
Common symbol       size              file

mousedata0          0x4               mouse.o
keyfifo             0x4               keyboard.o
timerctl            0x271c            timer.o
mousefifo           0x4               mouse.o
keydata0            0x4               keyboard.o

Memory Configuration

Name             Origin             Length             Attributes
*default*        0x0000000000000000 0xffffffffffffffff

Linker script and memory map

LOAD bootpack.o
LOAD dsctbl.o
LOAD graphics.o
LOAD int.o
LOAD fifo.o
LOAD mouse.o
LOAD keyboard.o
LOAD memory.o
LOAD sheet.o
LOAD timer.o
LOAD naskfunc.o
LOAD font_8x16.o
                0x0000000000280000                . = 0x280000

.text           0x0000000000280000     0x2d63
 *(.text)
 .text          0x0000000000280000      0xa06 bootpack.o
                0x0000000000280000                HariMain
                0x0000000000280749                make_window8
                0x0000000000280967                putfonts8_asc_sht
 .text          0x0000000000280a06      0x211 dsctbl.o
                0x0000000000280a06                init_gdtidt
                0x0000000000280b57                set_segmdesc
                0x0000000000280bd2                set_gatedesc
 .text          0x0000000000280c17      0x5ce graphics.o
                0x0000000000280c17                init_palette
                0x0000000000280c34                set_palette
                0x0000000000280ce0                boxfill8
                0x0000000000280d32                init_screen8
                0x0000000000280f4f                putfont8
                0x0000000000281051                putfonts8_asc
                0x00000000002810a0                init_mouse_cursor8
                0x0000000000281176                putblock8_8
 .text          0x00000000002811e5      0x122 int.o
                0x00000000002811e5                init_pic
                0x00000000002812c0                inthandler27
 .text          0x0000000000281307      0x13b fifo.o
                0x0000000000281307                fifo32_init
                0x0000000000281345                fifo32_put
                0x00000000002813be                fifo32_get
                0x000000000028142d                fifo32_status
 .text          0x0000000000281442      0x1e4 mouse.o
                0x0000000000281442                inthandler2c
                0x0000000000281499                enable_mouse
                0x00000000002814e7                mouse_decode
 .text          0x0000000000281626       0xa6 keyboard.o
                0x0000000000281626                inthandler21
                0x000000000028166b                wait_KBC_sendready
                0x000000000028168b                init_keyboard
 .text          0x00000000002816cc      0x4b1 memory.o
                0x00000000002816cc                memtest
                0x0000000000281783                memman_init
                0x00000000002817b0                memman_total
                0x00000000002817e9                memman_alloc
                0x00000000002818d2                memman_free
                0x0000000000281b22                memman_alloc_4k
                0x0000000000281b4e                memman_free_4k
 .text          0x0000000000281b7d      0xa25 sheet.o
                0x0000000000281b7d                shtctl_init
                0x0000000000281c60                sheet_alloc
                0x0000000000281cd7                sheet_setbuf
                0x0000000000281d00                sheet_refreshmap
                0x0000000000281eb4                sheet_refreshsub
                0x0000000000282080                sheet_updown
                0x00000000002823f7                sheet_refresh
                0x0000000000282468                sheet_slide
                0x000000000028257b                sheet_free
 .text          0x00000000002825a2      0x278 timer.o
                0x00000000002825a2                init_pit
                0x000000000028264a                timer_alloc
                0x00000000002826b4                timer_free
                0x00000000002826c4                timer_init
                0x00000000002826dc                timer_settime
                0x000000000028278b                inthandler20
 .text          0x000000000028281a      0x12a naskfunc.o
                0x000000000028281a                _io_hlt
                0x000000000028281c                _io_cli
                0x000000000028281e                _io_sti
                0x0000000000282820                _io_stihlt
                0x0000000000282823                _io_in8
                0x000000000028282e                _io_in16
                0x000000000028283a                _io_in32
                0x0000000000282840                _io_out8
                0x000000000028284a                _io_out16
                0x0000000000282856                _io_out32
                0x0000000000282860                _io_load_eflags
                0x0000000000282863                _io_store_eflags
                0x000000000028286a                _load_gdtr
                0x000000000028287a                _load_idtr
                0x000000000028288a                _load_cr0
                0x000000000028288e                _store_cr0
                0x0000000000282896                _asm_inthandler20
                0x00000000002828b1                _asm_inthandler21
                0x00000000002828cc                _asm_inthandler27
                0x00000000002828e7                _asm_inthandler2c
                0x0000000000282902                _memtest_sub
 .text          0x0000000000282944        0x0 font_8x16.o
 .text          0x0000000000282944      0x41f libc/libc.a(sprintf.o)
                0x0000000000282c2c                sprintf

.iplt           0x0000000000282d68        0x0
 .iplt          0x0000000000282d68        0x0 libc/libc.a(sprintf.o)

.rodata         0x0000000000282d80     0x1080
 .rodata        0x0000000000282d80       0x54 bootpack.o
 .rodata        0x0000000000282dd4       0x15 int.o
 *fill*         0x0000000000282de9       0x17 
 .rodata        0x0000000000282e00     0x1000 font_8x16.o
                0x0000000000282e00                fontdata_8x16

.note.gnu.property
                0x0000000000283e00       0x1c
 .note.gnu.property
                0x0000000000283e00       0x1c libc/libc.a(sprintf.o)

.rel.dyn        0x0000000000283e1c        0x0
 .rel.got       0x0000000000283e1c        0x0 libc/libc.a(sprintf.o)
 .rel.iplt      0x0000000000283e1c        0x0 libc/libc.a(sprintf.o)
 .rel.text      0x0000000000283e1c        0x0 libc/libc.a(sprintf.o)

.data           0x0000000000283e20      0x220
 *(.data)
 .data          0x0000000000283e20       0xe0 bootpack.o
 .data          0x0000000000283f00        0x0 dsctbl.o
 .data          0x0000000000283f00      0x140 graphics.o
 .data          0x0000000000284040        0x0 int.o
 .data          0x0000000000284040        0x0 fifo.o
 .data          0x0000000000284040        0x0 mouse.o
 .data          0x0000000000284040        0x0 keyboard.o
 .data          0x0000000000284040        0x0 memory.o
 .data          0x0000000000284040        0x0 sheet.o
 .data          0x0000000000284040        0x0 timer.o
 .data          0x0000000000284040        0x0 naskfunc.o
 .data          0x0000000000284040        0x0 font_8x16.o
 .data          0x0000000000284040        0x0 libc/libc.a(sprintf.o)

.got            0x0000000000284040        0x0
 .got           0x0000000000284040        0x0 libc/libc.a(sprintf.o)

.got.plt        0x0000000000284040        0x0
 .got.plt       0x0000000000284040        0x0 libc/libc.a(sprintf.o)

.igot.plt       0x0000000000284040        0x0
 .igot.plt      0x0000000000284040        0x0 libc/libc.a(sprintf.o)

.bss            0x0000000000284040     0x273c
 *(.bss)
 .bss           0x0000000000284040        0x0 bootpack.o
 .bss           0x0000000000284040        0x0 dsctbl.o
 .bss           0x0000000000284040        0x0 graphics.o
 .bss           0x0000000000284040        0x0 int.o
 .bss           0x0000000000284040        0x0 fifo.o
 .bss           0x0000000000284040        0x0 mouse.o
 .bss           0x0000000000284040        0x0 keyboard.o
 .bss           0x0000000000284040        0x0 memory.o
 .bss           0x0000000000284040        0x0 sheet.o
 .bss           0x0000000000284040        0x0 timer.o
 .bss           0x0000000000284040        0x0 naskfunc.o
 .bss           0x0000000000284040        0x0 font_8x16.o
 .bss           0x0000000000284040        0x0 libc/libc.a(sprintf.o)
 COMMON         0x0000000000284040        0x8 mouse.o
                0x0000000000284040                mousedata0
                0x0000000000284044                mousefifo
 COMMON         0x0000000000284048        0x8 keyboard.o
                0x0000000000284048                keyfifo
                0x000000000028404c                keydata0
 *fill*         0x0000000000284050       0x10 
 COMMON         0x0000000000284060     0x271c timer.o
                0x0000000000284060                timerctl
LOAD libc/libc.a
OUTPUT(kernel.elf elf32-i386)

.comment        0x0000000000000000       0x1a
 .comment       0x0000000000000000       0x1a bootpack.o
                                         0x1b (size before relaxing)
 .comment       0x000000000000001a       0x1b dsctbl.o
 .comment       0x000000000000001a       0x1b graphics.o
 .comment       0x000000000000001a       0x1b int.o
 .comment       0x000000000000001a       0x1b fifo.o
 .comment       0x000000000000001a       0x1b mouse.o
 .comment       0x000000000000001a       0x1b keyboard.o
 .comment       0x000000000000001a       0x1b memory.o
 .comment       0x000000000000001a       0x1b sheet.o
 .comment       0x000000000000001a       0x1b timer.o
 .comment       0x000000000000001a       0x1b font_8x16.o
 .comment       0x000000000000001a       0x1b libc/libc.a(sprintf.o)

.note.GNU-stack
                0x0000000000000000        0x0
 .note.GNU-stack
                0x0000000000000000        0x0 bootpack.o
 .note.GNU-stack
                0x0000000000000000        0x0 dsctbl.o
 .note.GNU-stack
                0x0000000000000000        0x0 graphics.o
 .note.GNU-stack
                0x0000000000000000        0x0 int.o
 .note.GNU-stack
                0x0000000000000000        0x0 fifo.o
 .note.GNU-stack
                0x0000000000000000        0x0 mouse.o
 .note.GNU-stack
                0x0000000000000000        0x0 keyboard.o
 .note.GNU-stack
                0x0000000000000000        0x0 memory.o
 .note.GNU-stack
                0x0000000000000000        0x0 sheet.o
 .note.GNU-stack
                0x0000000000000000        0x0 timer.o
 .note.GNU-stack
                0x0000000000000000        0x0 font_8x16.o
 .note.GNU-stack
                0x0000000000000000        0x0 libc/libc.a(sprintf.o)
