Archive member included to satisfy reference by file (symbol)

libc/libc.a(sprintf.o)        bootpack.o (sprintf)

Allocating common symbols
Common symbol       size              file

mousedata0          0x4               mouse.o
keyfifo             0x4               keyboard.o
taskctl             0x4               mtask.o
timerctl            0x271c            timer.o
mousefifo           0x4               mouse.o
task_timer          0x4               mtask.o
keydata0            0x4               keyboard.o

Memory Configuration

Name             Origin             Length             Attributes
*default*        0x0000000000000000 0xffffffffffffffff

Linker script and memory map

LOAD bootpack.o
LOAD dsctbl.o
LOAD graphics.o
LOAD int.o
LOAD fifo.o
LOAD mouse.o
LOAD keyboard.o
LOAD memory.o
LOAD sheet.o
LOAD timer.o
LOAD mtask.o
LOAD naskfunc.o
LOAD font_8x16.o
                0x0000000000280000                . = 0x280000

.text           0x0000000000280000     0x3e9b
 *(.text)
 .text          0x0000000000280000     0x14a4 bootpack.o
                0x0000000000280000                HariMain
                0x0000000000280cc6                make_window8
                0x0000000000280e38                make_wtitle8
                0x0000000000280f30                putfonts8_asc_sht
                0x0000000000280fcf                make_textbox8
                0x00000000002811ce                console_task
 .text          0x00000000002814a4      0x211 dsctbl.o
                0x00000000002814a4                init_gdtidt
                0x00000000002815f5                set_segmdesc
                0x0000000000281670                set_gatedesc
 .text          0x00000000002816b5      0x5ce graphics.o
                0x00000000002816b5                init_palette
                0x00000000002816d2                set_palette
                0x000000000028177e                boxfill8
                0x00000000002817d0                init_screen8
                0x00000000002819ed                putfont8
                0x0000000000281aef                putfonts8_asc
                0x0000000000281b3e                init_mouse_cursor8
                0x0000000000281c14                putblock8_8
 .text          0x0000000000281c83      0x122 int.o
                0x0000000000281c83                init_pic
                0x0000000000281d5e                inthandler27
 .text          0x0000000000281da5      0x178 fifo.o
                0x0000000000281da5                fifo32_init
                0x0000000000281dec                fifo32_put
                0x0000000000281e99                fifo32_get
                0x0000000000281f08                fifo32_status
 .text          0x0000000000281f1d      0x1e4 mouse.o
                0x0000000000281f1d                inthandler2c
                0x0000000000281f74                enable_mouse
                0x0000000000281fc2                mouse_decode
 .text          0x0000000000282101       0xa6 keyboard.o
                0x0000000000282101                inthandler21
                0x0000000000282146                wait_KBC_sendready
                0x0000000000282166                init_keyboard
 .text          0x00000000002821a7      0x4b1 memory.o
                0x00000000002821a7                memtest
                0x000000000028225e                memman_init
                0x000000000028228b                memman_total
                0x00000000002822c4                memman_alloc
                0x00000000002823ad                memman_free
                0x00000000002825fd                memman_alloc_4k
                0x0000000000282629                memman_free_4k
 .text          0x0000000000282658      0xa25 sheet.o
                0x0000000000282658                shtctl_init
                0x000000000028273b                sheet_alloc
                0x00000000002827b2                sheet_setbuf
                0x00000000002827db                sheet_refreshmap
                0x000000000028298f                sheet_refreshsub
                0x0000000000282b5b                sheet_updown
                0x0000000000282ed2                sheet_refresh
                0x0000000000282f43                sheet_slide
                0x0000000000283056                sheet_free
 .text          0x000000000028307d      0x29a timer.o
                0x000000000028307d                init_pit
                0x0000000000283125                timer_alloc
                0x000000000028318f                timer_free
                0x000000000028319f                timer_init
                0x00000000002831b7                timer_settime
                0x0000000000283266                inthandler20
 .text          0x0000000000283317      0x630 mtask.o
                0x0000000000283317                task_now
                0x0000000000283347                task_add
                0x0000000000283390                task_remove
                0x000000000028344d                task_switchsub
                0x0000000000283499                task_idle
                0x00000000002834a6                task_init
                0x00000000002836ab                task_alloc
                0x00000000002837bb                task_run
                0x0000000000283828                task_sleep
                0x0000000000283878                task_switch
 .text          0x0000000000283947      0x135 naskfunc.o
                0x0000000000283947                _io_hlt
                0x0000000000283949                _io_cli
                0x000000000028394b                _io_sti
                0x000000000028394d                _io_stihlt
                0x0000000000283950                _io_in8
                0x000000000028395b                _io_in16
                0x0000000000283967                _io_in32
                0x000000000028396d                _io_out8
                0x0000000000283977                _io_out16
                0x0000000000283983                _io_out32
                0x000000000028398d                _io_load_eflags
                0x0000000000283990                _io_store_eflags
                0x0000000000283997                _load_gdtr
                0x00000000002839a7                _load_idtr
                0x00000000002839b7                _load_cr0
                0x00000000002839bb                _store_cr0
                0x00000000002839c3                _load_tr
                0x00000000002839c9                _asm_inthandler20
                0x00000000002839e4                _asm_inthandler21
                0x00000000002839ff                _asm_inthandler27
                0x0000000000283a1a                _asm_inthandler2c
                0x0000000000283a35                _memtest_sub
                0x0000000000283a77                _farjmp
 .text          0x0000000000283a7c        0x0 font_8x16.o
 .text          0x0000000000283a7c      0x41f libc/libc.a(sprintf.o)
                0x0000000000283d64                sprintf

.iplt           0x0000000000283e9b        0x0
 .iplt          0x0000000000283e9b        0x0 bootpack.o

.rodata         0x0000000000283ea0     0x1060
 .rodata        0x0000000000283ea0       0x4b bootpack.o
 .rodata        0x0000000000283eeb       0x15 int.o
 .rodata        0x0000000000283f00     0x1000 font_8x16.o
                0x0000000000283f00                fontdata_8x16

.rel.dyn        0x0000000000284f00        0x0
 .rel.got       0x0000000000284f00        0x0 bootpack.o
 .rel.iplt      0x0000000000284f00        0x0 bootpack.o
 .rel.text      0x0000000000284f00        0x0 bootpack.o

.data           0x0000000000284f00      0x320
 *(.data)
 .data          0x0000000000284f00      0x1e0 bootpack.o
 .data          0x00000000002850e0        0x0 dsctbl.o
 .data          0x00000000002850e0      0x140 graphics.o
 .data          0x0000000000285220        0x0 int.o
 .data          0x0000000000285220        0x0 fifo.o
 .data          0x0000000000285220        0x0 mouse.o
 .data          0x0000000000285220        0x0 keyboard.o
 .data          0x0000000000285220        0x0 memory.o
 .data          0x0000000000285220        0x0 sheet.o
 .data          0x0000000000285220        0x0 timer.o
 .data          0x0000000000285220        0x0 mtask.o
 .data          0x0000000000285220        0x0 naskfunc.o
 .data          0x0000000000285220        0x0 font_8x16.o
 .data          0x0000000000285220        0x0 libc/libc.a(sprintf.o)

.got            0x0000000000285220        0x0
 .got           0x0000000000285220        0x0 bootpack.o

.got.plt        0x0000000000285220        0x0
 .got.plt       0x0000000000285220        0x0 bootpack.o

.igot.plt       0x0000000000285220        0x0
 .igot.plt      0x0000000000285220        0x0 bootpack.o

.bss            0x0000000000285220     0x2744
 *(.bss)
 .bss           0x0000000000285220        0x0 bootpack.o
 .bss           0x0000000000285220        0x0 dsctbl.o
 .bss           0x0000000000285220        0x0 graphics.o
 .bss           0x0000000000285220        0x0 int.o
 .bss           0x0000000000285220        0x0 fifo.o
 .bss           0x0000000000285220        0x0 mouse.o
 .bss           0x0000000000285220        0x0 keyboard.o
 .bss           0x0000000000285220        0x0 memory.o
 .bss           0x0000000000285220        0x0 sheet.o
 .bss           0x0000000000285220        0x0 timer.o
 .bss           0x0000000000285220        0x0 mtask.o
 .bss           0x0000000000285220        0x0 naskfunc.o
 .bss           0x0000000000285220        0x0 font_8x16.o
 .bss           0x0000000000285220        0x0 libc/libc.a(sprintf.o)
 COMMON         0x0000000000285220        0x8 mouse.o
                0x0000000000285220                mousedata0
                0x0000000000285224                mousefifo
 COMMON         0x0000000000285228        0x8 keyboard.o
                0x0000000000285228                keyfifo
                0x000000000028522c                keydata0
 *fill*         0x0000000000285230       0x10 
 COMMON         0x0000000000285240     0x271c timer.o
                0x0000000000285240                timerctl
 COMMON         0x000000000028795c        0x8 mtask.o
                0x000000000028795c                taskctl
                0x0000000000287960                task_timer
LOAD libc/libc.a
OUTPUT(kernel.elf elf32-i386)

.comment        0x0000000000000000       0x11
 .comment       0x0000000000000000       0x11 bootpack.o
                                         0x12 (size before relaxing)
 .comment       0x0000000000000011       0x12 dsctbl.o
 .comment       0x0000000000000011       0x12 graphics.o
 .comment       0x0000000000000011       0x12 int.o
 .comment       0x0000000000000011       0x12 fifo.o
 .comment       0x0000000000000011       0x12 mouse.o
 .comment       0x0000000000000011       0x12 keyboard.o
 .comment       0x0000000000000011       0x12 memory.o
 .comment       0x0000000000000011       0x12 sheet.o
 .comment       0x0000000000000011       0x12 timer.o
 .comment       0x0000000000000011       0x12 mtask.o
 .comment       0x0000000000000011       0x12 font_8x16.o
 .comment       0x0000000000000011       0x12 libc/libc.a(sprintf.o)

.note.GNU-stack
                0x0000000000000000        0x0
 .note.GNU-stack
                0x0000000000000000        0x0 bootpack.o
 .note.GNU-stack
                0x0000000000000000        0x0 dsctbl.o
 .note.GNU-stack
                0x0000000000000000        0x0 graphics.o
 .note.GNU-stack
                0x0000000000000000        0x0 int.o
 .note.GNU-stack
                0x0000000000000000        0x0 fifo.o
 .note.GNU-stack
                0x0000000000000000        0x0 mouse.o
 .note.GNU-stack
                0x0000000000000000        0x0 keyboard.o
 .note.GNU-stack
                0x0000000000000000        0x0 memory.o
 .note.GNU-stack
                0x0000000000000000        0x0 sheet.o
 .note.GNU-stack
                0x0000000000000000        0x0 timer.o
 .note.GNU-stack
                0x0000000000000000        0x0 mtask.o
 .note.GNU-stack
                0x0000000000000000        0x0 font_8x16.o
 .note.GNU-stack
                0x0000000000000000        0x0 libc/libc.a(sprintf.o)
