Archive member included to satisfy reference by file (symbol)

libc/libc.a(sprintf.o)        bootpack.o (sprintf)

Allocating common symbols
Common symbol       size              file

keyfifo             0x18              int.o
mousefifo           0x18              int.o

Memory Configuration

Name             Origin             Length             Attributes
*default*        0x0000000000000000 0xffffffffffffffff

Linker script and memory map

LOAD bootpack.o
LOAD dsctbl.o
LOAD graphics.o
LOAD int.o
LOAD fifo.o
LOAD naskfunc.o
LOAD font_8x16.o
                0x0000000000280000                . = 0x280000

.text           0x0000000000280000     0x1243
 *(.text)
 .text          0x0000000000280000      0x3d5 bootpack.o
                0x0000000000280000                HariMain
                0x000000000028034d                wait_KBC_sendready
                0x000000000028036d                init_keyboard
                0x000000000028039e                enable_mouse
 .text          0x00000000002803d5      0x1f3 dsctbl.o
                0x00000000002803d5                init_gdtidt
                0x0000000000280508                set_segmdesc
                0x0000000000280583                set_gatedesc
 .text          0x00000000002805c8      0x5ce graphics.o
                0x00000000002805c8                init_palette
                0x00000000002805e5                set_palette
                0x0000000000280691                boxfill8
                0x00000000002806e3                init_screen8
                0x0000000000280900                putfont8
                0x0000000000280a02                putfonts8_asc
                0x0000000000280a51                init_mouse_cursor8
                0x0000000000280b27                putblock8_8
 .text          0x0000000000280b96      0x1ae int.o
                0x0000000000280b96                init_pic
                0x0000000000280c71                inthandler21
                0x0000000000280cae                inthandler2c
                0x0000000000280cfd                inthandler27
 .text          0x0000000000280d44      0x143 fifo.o
                0x0000000000280d44                fifo8_init
                0x0000000000280d82                fifo8_put
                0x0000000000280e02                fifo8_get
                0x0000000000280e72                fifo8_status
 .text          0x0000000000280e87       0xc1 naskfunc.o
                0x0000000000280e87                _io_hlt
                0x0000000000280e89                _io_cli
                0x0000000000280e8b                _io_sti
                0x0000000000280e8d                _io_stihlt
                0x0000000000280e90                _io_in8
                0x0000000000280e9b                _io_in16
                0x0000000000280ea7                _io_in32
                0x0000000000280ead                _io_out8
                0x0000000000280eb7                _io_out16
                0x0000000000280ec3                _io_out32
                0x0000000000280ecd                _io_load_eflags
                0x0000000000280ed0                _io_store_eflags
                0x0000000000280ed7                _load_gdtr
                0x0000000000280ee7                _load_idtr
                0x0000000000280ef7                _asm_inthandler21
                0x0000000000280f12                _asm_inthandler27
                0x0000000000280f2d                _asm_inthandler2c
 .text          0x0000000000280f48        0x0 font_8x16.o
 .text          0x0000000000280f48      0x2fb libc/libc.a(sprintf.o)
                0x0000000000281142                sprintf

.iplt           0x0000000000281248        0x0
 .iplt          0x0000000000281248        0x0 libc/libc.a(sprintf.o)

.rodata         0x0000000000281260     0x1040
 .rodata        0x0000000000281260       0x1d bootpack.o
 .rodata        0x000000000028127d       0x15 int.o
 *fill*         0x0000000000281292        0xe 
 .rodata        0x00000000002812a0     0x1000 font_8x16.o
                0x00000000002812a0                fontdata_8x16

.note.gnu.property
                0x00000000002822a0       0x1c
 .note.gnu.property
                0x00000000002822a0       0x1c libc/libc.a(sprintf.o)

.rel.dyn        0x00000000002822bc        0x0
 .rel.got       0x00000000002822bc        0x0 libc/libc.a(sprintf.o)
 .rel.iplt      0x00000000002822bc        0x0 libc/libc.a(sprintf.o)
 .rel.text      0x00000000002822bc        0x0 libc/libc.a(sprintf.o)

.data           0x00000000002822c0      0x140
 *(.data)
 .data          0x00000000002822c0        0x0 bootpack.o
 .data          0x00000000002822c0        0x0 dsctbl.o
 .data          0x00000000002822c0      0x140 graphics.o
 .data          0x0000000000282400        0x0 int.o
 .data          0x0000000000282400        0x0 fifo.o
 .data          0x0000000000282400        0x0 naskfunc.o
 .data          0x0000000000282400        0x0 font_8x16.o
 .data          0x0000000000282400        0x0 libc/libc.a(sprintf.o)

.got            0x0000000000282400        0x0
 .got           0x0000000000282400        0x0 libc/libc.a(sprintf.o)

.got.plt        0x0000000000282400        0x0
 .got.plt       0x0000000000282400        0x0 libc/libc.a(sprintf.o)

.igot.plt       0x0000000000282400        0x0
 .igot.plt      0x0000000000282400        0x0 libc/libc.a(sprintf.o)

.bss            0x0000000000282400       0x30
 *(.bss)
 .bss           0x0000000000282400        0x0 bootpack.o
 .bss           0x0000000000282400        0x0 dsctbl.o
 .bss           0x0000000000282400        0x0 graphics.o
 .bss           0x0000000000282400        0x0 int.o
 .bss           0x0000000000282400        0x0 fifo.o
 .bss           0x0000000000282400        0x0 naskfunc.o
 .bss           0x0000000000282400        0x0 font_8x16.o
 .bss           0x0000000000282400        0x0 libc/libc.a(sprintf.o)
 COMMON         0x0000000000282400       0x30 int.o
                0x0000000000282400                keyfifo
                0x0000000000282418                mousefifo
LOAD libc/libc.a
OUTPUT(kernel.elf elf32-i386)

.comment        0x0000000000000000       0x1a
 .comment       0x0000000000000000       0x1a bootpack.o
                                         0x1b (size before relaxing)
 .comment       0x000000000000001a       0x1b dsctbl.o
 .comment       0x000000000000001a       0x1b graphics.o
 .comment       0x000000000000001a       0x1b int.o
 .comment       0x000000000000001a       0x1b fifo.o
 .comment       0x000000000000001a       0x1b font_8x16.o
 .comment       0x000000000000001a       0x1b libc/libc.a(sprintf.o)

.note.GNU-stack
                0x0000000000000000        0x0
 .note.GNU-stack
                0x0000000000000000        0x0 bootpack.o
 .note.GNU-stack
                0x0000000000000000        0x0 dsctbl.o
 .note.GNU-stack
                0x0000000000000000        0x0 graphics.o
 .note.GNU-stack
                0x0000000000000000        0x0 int.o
 .note.GNU-stack
                0x0000000000000000        0x0 fifo.o
 .note.GNU-stack
                0x0000000000000000        0x0 font_8x16.o
 .note.GNU-stack
                0x0000000000000000        0x0 libc/libc.a(sprintf.o)
