Archive member included to satisfy reference by file (symbol)

libc/libc.a(sprintf.o)        bootpack.o (sprintf)

Allocating common symbols
Common symbol       size              file

mousedata0          0x4               mouse.o
keyfifo             0x4               keyboard.o
taskctl             0x4               mtask.o
timerctl            0x271c            timer.o
mousefifo           0x4               mouse.o
task_timer          0x4               mtask.o
keydata0            0x4               keyboard.o

Memory Configuration

Name             Origin             Length             Attributes
*default*        0x0000000000000000 0xffffffffffffffff

Linker script and memory map

LOAD bootpack.o
LOAD dsctbl.o
LOAD graphics.o
LOAD int.o
LOAD fifo.o
LOAD mouse.o
LOAD keyboard.o
LOAD memory.o
LOAD sheet.o
LOAD timer.o
LOAD mtask.o
LOAD naskfunc.o
LOAD font_8x16.o
                0x0000000000280000                . = 0x280000

.text           0x0000000000280000     0x393a
 *(.text)
 .text          0x0000000000280000      0xf6d bootpack.o
                0x0000000000280000                HariMain
                0x0000000000280995                make_window8
                0x0000000000280bda                putfonts8_asc_sht
                0x0000000000280c79                make_textbox8
                0x0000000000280e78                task_b_main
 .text          0x0000000000280f6d      0x211 dsctbl.o
                0x0000000000280f6d                init_gdtidt
                0x00000000002810be                set_segmdesc
                0x0000000000281139                set_gatedesc
 .text          0x000000000028117e      0x5ce graphics.o
                0x000000000028117e                init_palette
                0x000000000028119b                set_palette
                0x0000000000281247                boxfill8
                0x0000000000281299                init_screen8
                0x00000000002814b6                putfont8
                0x00000000002815b8                putfonts8_asc
                0x0000000000281607                init_mouse_cursor8
                0x00000000002816dd                putblock8_8
 .text          0x000000000028174c      0x122 int.o
                0x000000000028174c                init_pic
                0x0000000000281827                inthandler27
 .text          0x000000000028186e      0x178 fifo.o
                0x000000000028186e                fifo32_init
                0x00000000002818b5                fifo32_put
                0x0000000000281962                fifo32_get
                0x00000000002819d1                fifo32_status
 .text          0x00000000002819e6      0x1e4 mouse.o
                0x00000000002819e6                inthandler2c
                0x0000000000281a3d                enable_mouse
                0x0000000000281a8b                mouse_decode
 .text          0x0000000000281bca       0xa6 keyboard.o
                0x0000000000281bca                inthandler21
                0x0000000000281c0f                wait_KBC_sendready
                0x0000000000281c2f                init_keyboard
 .text          0x0000000000281c70      0x4b1 memory.o
                0x0000000000281c70                memtest
                0x0000000000281d27                memman_init
                0x0000000000281d54                memman_total
                0x0000000000281d8d                memman_alloc
                0x0000000000281e76                memman_free
                0x00000000002820c6                memman_alloc_4k
                0x00000000002820f2                memman_free_4k
 .text          0x0000000000282121      0xa25 sheet.o
                0x0000000000282121                shtctl_init
                0x0000000000282204                sheet_alloc
                0x000000000028227b                sheet_setbuf
                0x00000000002822a4                sheet_refreshmap
                0x0000000000282458                sheet_refreshsub
                0x0000000000282624                sheet_updown
                0x000000000028299b                sheet_refresh
                0x0000000000282a0c                sheet_slide
                0x0000000000282b1f                sheet_free
 .text          0x0000000000282b46      0x29a timer.o
                0x0000000000282b46                init_pit
                0x0000000000282bee                timer_alloc
                0x0000000000282c58                timer_free
                0x0000000000282c68                timer_init
                0x0000000000282c80                timer_settime
                0x0000000000282d2f                inthandler20
 .text          0x0000000000282de0      0x606 mtask.o
                0x0000000000282de0                task_now
                0x0000000000282e10                task_add
                0x0000000000282e59                task_remove
                0x0000000000282f16                task_switchsub
                0x0000000000282f62                task_idle
                0x0000000000282f6f                task_init
                0x000000000028315f                task_alloc
                0x000000000028325a                task_run
                0x00000000002832c7                task_sleep
                0x0000000000283317                task_switch
 .text          0x00000000002833e6      0x135 naskfunc.o
                0x00000000002833e6                _io_hlt
                0x00000000002833e8                _io_cli
                0x00000000002833ea                _io_sti
                0x00000000002833ec                _io_stihlt
                0x00000000002833ef                _io_in8
                0x00000000002833fa                _io_in16
                0x0000000000283406                _io_in32
                0x000000000028340c                _io_out8
                0x0000000000283416                _io_out16
                0x0000000000283422                _io_out32
                0x000000000028342c                _io_load_eflags
                0x000000000028342f                _io_store_eflags
                0x0000000000283436                _load_gdtr
                0x0000000000283446                _load_idtr
                0x0000000000283456                _load_cr0
                0x000000000028345a                _store_cr0
                0x0000000000283462                _load_tr
                0x0000000000283468                _asm_inthandler20
                0x0000000000283483                _asm_inthandler21
                0x000000000028349e                _asm_inthandler27
                0x00000000002834b9                _asm_inthandler2c
                0x00000000002834d4                _memtest_sub
                0x0000000000283516                _farjmp
 .text          0x000000000028351b        0x0 font_8x16.o
 .text          0x000000000028351b      0x41f libc/libc.a(sprintf.o)
                0x0000000000283803                sprintf

.iplt           0x000000000028393a        0x0
 .iplt          0x000000000028393a        0x0 bootpack.o

.rodata         0x0000000000283940     0x1080
 .rodata        0x0000000000283940       0x4f bootpack.o
 .rodata        0x000000000028398f       0x15 int.o
 *fill*         0x00000000002839a4       0x1c 
 .rodata        0x00000000002839c0     0x1000 font_8x16.o
                0x00000000002839c0                fontdata_8x16

.rel.dyn        0x00000000002849c0        0x0
 .rel.got       0x00000000002849c0        0x0 bootpack.o
 .rel.iplt      0x00000000002849c0        0x0 bootpack.o
 .rel.text      0x00000000002849c0        0x0 bootpack.o

.data           0x00000000002849c0      0x280
 *(.data)
 .data          0x00000000002849c0      0x140 bootpack.o
 .data          0x0000000000284b00        0x0 dsctbl.o
 .data          0x0000000000284b00      0x140 graphics.o
 .data          0x0000000000284c40        0x0 int.o
 .data          0x0000000000284c40        0x0 fifo.o
 .data          0x0000000000284c40        0x0 mouse.o
 .data          0x0000000000284c40        0x0 keyboard.o
 .data          0x0000000000284c40        0x0 memory.o
 .data          0x0000000000284c40        0x0 sheet.o
 .data          0x0000000000284c40        0x0 timer.o
 .data          0x0000000000284c40        0x0 mtask.o
 .data          0x0000000000284c40        0x0 naskfunc.o
 .data          0x0000000000284c40        0x0 font_8x16.o
 .data          0x0000000000284c40        0x0 libc/libc.a(sprintf.o)

.got            0x0000000000284c40        0x0
 .got           0x0000000000284c40        0x0 bootpack.o

.got.plt        0x0000000000284c40        0x0
 .got.plt       0x0000000000284c40        0x0 bootpack.o

.igot.plt       0x0000000000284c40        0x0
 .igot.plt      0x0000000000284c40        0x0 bootpack.o

.bss            0x0000000000284c40     0x2744
 *(.bss)
 .bss           0x0000000000284c40        0x0 bootpack.o
 .bss           0x0000000000284c40        0x0 dsctbl.o
 .bss           0x0000000000284c40        0x0 graphics.o
 .bss           0x0000000000284c40        0x0 int.o
 .bss           0x0000000000284c40        0x0 fifo.o
 .bss           0x0000000000284c40        0x0 mouse.o
 .bss           0x0000000000284c40        0x0 keyboard.o
 .bss           0x0000000000284c40        0x0 memory.o
 .bss           0x0000000000284c40        0x0 sheet.o
 .bss           0x0000000000284c40        0x0 timer.o
 .bss           0x0000000000284c40        0x0 mtask.o
 .bss           0x0000000000284c40        0x0 naskfunc.o
 .bss           0x0000000000284c40        0x0 font_8x16.o
 .bss           0x0000000000284c40        0x0 libc/libc.a(sprintf.o)
 COMMON         0x0000000000284c40        0x8 mouse.o
                0x0000000000284c40                mousedata0
                0x0000000000284c44                mousefifo
 COMMON         0x0000000000284c48        0x8 keyboard.o
                0x0000000000284c48                keyfifo
                0x0000000000284c4c                keydata0
 *fill*         0x0000000000284c50       0x10 
 COMMON         0x0000000000284c60     0x271c timer.o
                0x0000000000284c60                timerctl
 COMMON         0x000000000028737c        0x8 mtask.o
                0x000000000028737c                taskctl
                0x0000000000287380                task_timer
LOAD libc/libc.a
OUTPUT(kernel.elf elf32-i386)

.comment        0x0000000000000000       0x11
 .comment       0x0000000000000000       0x11 bootpack.o
                                         0x12 (size before relaxing)
 .comment       0x0000000000000011       0x12 dsctbl.o
 .comment       0x0000000000000011       0x12 graphics.o
 .comment       0x0000000000000011       0x12 int.o
 .comment       0x0000000000000011       0x12 fifo.o
 .comment       0x0000000000000011       0x12 mouse.o
 .comment       0x0000000000000011       0x12 keyboard.o
 .comment       0x0000000000000011       0x12 memory.o
 .comment       0x0000000000000011       0x12 sheet.o
 .comment       0x0000000000000011       0x12 timer.o
 .comment       0x0000000000000011       0x12 mtask.o
 .comment       0x0000000000000011       0x12 font_8x16.o
 .comment       0x0000000000000011       0x12 libc/libc.a(sprintf.o)

.note.GNU-stack
                0x0000000000000000        0x0
 .note.GNU-stack
                0x0000000000000000        0x0 bootpack.o
 .note.GNU-stack
                0x0000000000000000        0x0 dsctbl.o
 .note.GNU-stack
                0x0000000000000000        0x0 graphics.o
 .note.GNU-stack
                0x0000000000000000        0x0 int.o
 .note.GNU-stack
                0x0000000000000000        0x0 fifo.o
 .note.GNU-stack
                0x0000000000000000        0x0 mouse.o
 .note.GNU-stack
                0x0000000000000000        0x0 keyboard.o
 .note.GNU-stack
                0x0000000000000000        0x0 memory.o
 .note.GNU-stack
                0x0000000000000000        0x0 sheet.o
 .note.GNU-stack
                0x0000000000000000        0x0 timer.o
 .note.GNU-stack
                0x0000000000000000        0x0 mtask.o
 .note.GNU-stack
                0x0000000000000000        0x0 font_8x16.o
 .note.GNU-stack
                0x0000000000000000        0x0 libc/libc.a(sprintf.o)
