Archive member included to satisfy reference by file (symbol)

libc/libc.a(sprintf.o)        bootpack.o (sprintf)

Allocating common symbols
Common symbol       size              file

keyfifo             0x18              keyboard.o
timerctl            0x4               timer.o
mousefifo           0x18              mouse.o

Memory Configuration

Name             Origin             Length             Attributes
*default*        0x0000000000000000 0xffffffffffffffff

Linker script and memory map

LOAD bootpack.o
LOAD dsctbl.o
LOAD graphics.o
LOAD int.o
LOAD fifo.o
LOAD mouse.o
LOAD keyboard.o
LOAD memory.o
LOAD sheet.o
LOAD timer.o
LOAD naskfunc.o
LOAD font_8x16.o
                0x0000000000280000                . = 0x280000

.text           0x0000000000280000     0x29e8
 *(.text)
 .text          0x0000000000280000      0x8c5 bootpack.o
                0x0000000000280000                HariMain
                0x00000000002806a7                make_window8
 .text          0x00000000002808c5      0x211 dsctbl.o
                0x00000000002808c5                init_gdtidt
                0x0000000000280a16                set_segmdesc
                0x0000000000280a91                set_gatedesc
 .text          0x0000000000280ad6      0x5ce graphics.o
                0x0000000000280ad6                init_palette
                0x0000000000280af3                set_palette
                0x0000000000280b9f                boxfill8
                0x0000000000280bf1                init_screen8
                0x0000000000280e0e                putfont8
                0x0000000000280f10                putfonts8_asc
                0x0000000000280f5f                init_mouse_cursor8
                0x0000000000281035                putblock8_8
 .text          0x00000000002810a4      0x122 int.o
                0x00000000002810a4                init_pic
                0x000000000028117f                inthandler27
 .text          0x00000000002811c6      0x143 fifo.o
                0x00000000002811c6                fifo8_init
                0x0000000000281204                fifo8_put
                0x0000000000281284                fifo8_get
                0x00000000002812f4                fifo8_status
 .text          0x0000000000281309      0x1cc mouse.o
                0x0000000000281309                inthandler2c
                0x0000000000281358                enable_mouse
                0x0000000000281396                mouse_decode
 .text          0x00000000002814d5       0x8e keyboard.o
                0x00000000002814d5                inthandler21
                0x0000000000281512                wait_KBC_sendready
                0x0000000000281532                init_keyboard
 .text          0x0000000000281563      0x4af memory.o
                0x0000000000281563                memtest
                0x0000000000281618                memman_init
                0x0000000000281645                memman_total
                0x000000000028167e                memman_alloc
                0x0000000000281767                memman_free
                0x00000000002819b7                memman_alloc_4k
                0x00000000002819e3                memman_free_4k
 .text          0x0000000000281a12      0xa25 sheet.o
                0x0000000000281a12                shtctl_init
                0x0000000000281af5                sheet_alloc
                0x0000000000281b6c                sheet_setbuf
                0x0000000000281b95                sheet_refreshmap
                0x0000000000281d49                sheet_refreshsub
                0x0000000000281f15                sheet_updown
                0x000000000028228c                sheet_refresh
                0x00000000002822fd                sheet_slide
                0x0000000000282410                sheet_free
 .text          0x0000000000282437       0x68 timer.o
                0x0000000000282437                init_pit
                0x000000000028247a                inthandler20
 .text          0x000000000028249f      0x12a naskfunc.o
                0x000000000028249f                _io_hlt
                0x00000000002824a1                _io_cli
                0x00000000002824a3                _io_sti
                0x00000000002824a5                _io_stihlt
                0x00000000002824a8                _io_in8
                0x00000000002824b3                _io_in16
                0x00000000002824bf                _io_in32
                0x00000000002824c5                _io_out8
                0x00000000002824cf                _io_out16
                0x00000000002824db                _io_out32
                0x00000000002824e5                _io_load_eflags
                0x00000000002824e8                _io_store_eflags
                0x00000000002824ef                _load_gdtr
                0x00000000002824ff                _load_idtr
                0x000000000028250f                _load_cr0
                0x0000000000282513                _store_cr0
                0x000000000028251b                _asm_inthandler20
                0x0000000000282536                _asm_inthandler21
                0x0000000000282551                _asm_inthandler27
                0x000000000028256c                _asm_inthandler2c
                0x0000000000282587                _memtest_sub
 .text          0x00000000002825c9        0x0 font_8x16.o
 .text          0x00000000002825c9      0x41f libc/libc.a(sprintf.o)
                0x00000000002828b1                sprintf

.iplt           0x00000000002829e8        0x0
 .iplt          0x00000000002829e8        0x0 libc/libc.a(sprintf.o)

.rodata         0x0000000000282a00     0x1060
 .rodata        0x0000000000282a00       0x45 bootpack.o
 .rodata        0x0000000000282a45       0x15 int.o
 *fill*         0x0000000000282a5a        0x6 
 .rodata        0x0000000000282a60     0x1000 font_8x16.o
                0x0000000000282a60                fontdata_8x16

.note.gnu.property
                0x0000000000283a60       0x1c
 .note.gnu.property
                0x0000000000283a60       0x1c libc/libc.a(sprintf.o)

.rel.dyn        0x0000000000283a7c        0x0
 .rel.got       0x0000000000283a7c        0x0 libc/libc.a(sprintf.o)
 .rel.iplt      0x0000000000283a7c        0x0 libc/libc.a(sprintf.o)
 .rel.text      0x0000000000283a7c        0x0 libc/libc.a(sprintf.o)

.data           0x0000000000283a80      0x220
 *(.data)
 .data          0x0000000000283a80       0xe0 bootpack.o
 .data          0x0000000000283b60        0x0 dsctbl.o
 .data          0x0000000000283b60      0x140 graphics.o
 .data          0x0000000000283ca0        0x0 int.o
 .data          0x0000000000283ca0        0x0 fifo.o
 .data          0x0000000000283ca0        0x0 mouse.o
 .data          0x0000000000283ca0        0x0 keyboard.o
 .data          0x0000000000283ca0        0x0 memory.o
 .data          0x0000000000283ca0        0x0 sheet.o
 .data          0x0000000000283ca0        0x0 timer.o
 .data          0x0000000000283ca0        0x0 naskfunc.o
 .data          0x0000000000283ca0        0x0 font_8x16.o
 .data          0x0000000000283ca0        0x0 libc/libc.a(sprintf.o)

.got            0x0000000000283ca0        0x0
 .got           0x0000000000283ca0        0x0 libc/libc.a(sprintf.o)

.got.plt        0x0000000000283ca0        0x0
 .got.plt       0x0000000000283ca0        0x0 libc/libc.a(sprintf.o)

.igot.plt       0x0000000000283ca0        0x0
 .igot.plt      0x0000000000283ca0        0x0 libc/libc.a(sprintf.o)

.bss            0x0000000000283ca0       0x34
 *(.bss)
 .bss           0x0000000000283ca0        0x0 bootpack.o
 .bss           0x0000000000283ca0        0x0 dsctbl.o
 .bss           0x0000000000283ca0        0x0 graphics.o
 .bss           0x0000000000283ca0        0x0 int.o
 .bss           0x0000000000283ca0        0x0 fifo.o
 .bss           0x0000000000283ca0        0x0 mouse.o
 .bss           0x0000000000283ca0        0x0 keyboard.o
 .bss           0x0000000000283ca0        0x0 memory.o
 .bss           0x0000000000283ca0        0x0 sheet.o
 .bss           0x0000000000283ca0        0x0 timer.o
 .bss           0x0000000000283ca0        0x0 naskfunc.o
 .bss           0x0000000000283ca0        0x0 font_8x16.o
 .bss           0x0000000000283ca0        0x0 libc/libc.a(sprintf.o)
 COMMON         0x0000000000283ca0       0x18 mouse.o
                0x0000000000283ca0                mousefifo
 COMMON         0x0000000000283cb8       0x18 keyboard.o
                0x0000000000283cb8                keyfifo
 COMMON         0x0000000000283cd0        0x4 timer.o
                0x0000000000283cd0                timerctl
LOAD libc/libc.a
OUTPUT(kernel.elf elf32-i386)

.comment        0x0000000000000000       0x1a
 .comment       0x0000000000000000       0x1a bootpack.o
                                         0x1b (size before relaxing)
 .comment       0x000000000000001a       0x1b dsctbl.o
 .comment       0x000000000000001a       0x1b graphics.o
 .comment       0x000000000000001a       0x1b int.o
 .comment       0x000000000000001a       0x1b fifo.o
 .comment       0x000000000000001a       0x1b mouse.o
 .comment       0x000000000000001a       0x1b keyboard.o
 .comment       0x000000000000001a       0x1b memory.o
 .comment       0x000000000000001a       0x1b sheet.o
 .comment       0x000000000000001a       0x1b timer.o
 .comment       0x000000000000001a       0x1b font_8x16.o
 .comment       0x000000000000001a       0x1b libc/libc.a(sprintf.o)

.note.GNU-stack
                0x0000000000000000        0x0
 .note.GNU-stack
                0x0000000000000000        0x0 bootpack.o
 .note.GNU-stack
                0x0000000000000000        0x0 dsctbl.o
 .note.GNU-stack
                0x0000000000000000        0x0 graphics.o
 .note.GNU-stack
                0x0000000000000000        0x0 int.o
 .note.GNU-stack
                0x0000000000000000        0x0 fifo.o
 .note.GNU-stack
                0x0000000000000000        0x0 mouse.o
 .note.GNU-stack
                0x0000000000000000        0x0 keyboard.o
 .note.GNU-stack
                0x0000000000000000        0x0 memory.o
 .note.GNU-stack
                0x0000000000000000        0x0 sheet.o
 .note.GNU-stack
                0x0000000000000000        0x0 timer.o
 .note.GNU-stack
                0x0000000000000000        0x0 font_8x16.o
 .note.GNU-stack
                0x0000000000000000        0x0 libc/libc.a(sprintf.o)
