Archive member included to satisfy reference by file (symbol)

libc/libc.a(sprintf.o)        bootpack.o (sprintf)

Allocating common symbols
Common symbol       size              file

mousedata0          0x4               mouse.o
keyfifo             0x4               keyboard.o
taskctl             0x4               mtask.o
timerctl            0x271c            timer.o
mousefifo           0x4               mouse.o
task_timer          0x4               mtask.o
keydata0            0x4               keyboard.o

Memory Configuration

Name             Origin             Length             Attributes
*default*        0x0000000000000000 0xffffffffffffffff

Linker script and memory map

LOAD bootpack.o
LOAD dsctbl.o
LOAD graphics.o
LOAD int.o
LOAD fifo.o
LOAD mouse.o
LOAD keyboard.o
LOAD memory.o
LOAD sheet.o
LOAD timer.o
LOAD mtask.o
LOAD naskfunc.o
LOAD font_8x16.o
                0x0000000000280000                . = 0x280000

.text           0x0000000000280000     0x3d23
 *(.text)
 .text          0x0000000000280000     0x132c bootpack.o
                0x0000000000280000                HariMain
                0x0000000000280c26                make_window8
                0x0000000000280d98                make_wtitle8
                0x0000000000280e90                putfonts8_asc_sht
                0x0000000000280f2f                make_textbox8
                0x000000000028112e                console_task
 .text          0x000000000028132c      0x211 dsctbl.o
                0x000000000028132c                init_gdtidt
                0x000000000028147d                set_segmdesc
                0x00000000002814f8                set_gatedesc
 .text          0x000000000028153d      0x5ce graphics.o
                0x000000000028153d                init_palette
                0x000000000028155a                set_palette
                0x0000000000281606                boxfill8
                0x0000000000281658                init_screen8
                0x0000000000281875                putfont8
                0x0000000000281977                putfonts8_asc
                0x00000000002819c6                init_mouse_cursor8
                0x0000000000281a9c                putblock8_8
 .text          0x0000000000281b0b      0x122 int.o
                0x0000000000281b0b                init_pic
                0x0000000000281be6                inthandler27
 .text          0x0000000000281c2d      0x178 fifo.o
                0x0000000000281c2d                fifo32_init
                0x0000000000281c74                fifo32_put
                0x0000000000281d21                fifo32_get
                0x0000000000281d90                fifo32_status
 .text          0x0000000000281da5      0x1e4 mouse.o
                0x0000000000281da5                inthandler2c
                0x0000000000281dfc                enable_mouse
                0x0000000000281e4a                mouse_decode
 .text          0x0000000000281f89       0xa6 keyboard.o
                0x0000000000281f89                inthandler21
                0x0000000000281fce                wait_KBC_sendready
                0x0000000000281fee                init_keyboard
 .text          0x000000000028202f      0x4b1 memory.o
                0x000000000028202f                memtest
                0x00000000002820e6                memman_init
                0x0000000000282113                memman_total
                0x000000000028214c                memman_alloc
                0x0000000000282235                memman_free
                0x0000000000282485                memman_alloc_4k
                0x00000000002824b1                memman_free_4k
 .text          0x00000000002824e0      0xa25 sheet.o
                0x00000000002824e0                shtctl_init
                0x00000000002825c3                sheet_alloc
                0x000000000028263a                sheet_setbuf
                0x0000000000282663                sheet_refreshmap
                0x0000000000282817                sheet_refreshsub
                0x00000000002829e3                sheet_updown
                0x0000000000282d5a                sheet_refresh
                0x0000000000282dcb                sheet_slide
                0x0000000000282ede                sheet_free
 .text          0x0000000000282f05      0x29a timer.o
                0x0000000000282f05                init_pit
                0x0000000000282fad                timer_alloc
                0x0000000000283017                timer_free
                0x0000000000283027                timer_init
                0x000000000028303f                timer_settime
                0x00000000002830ee                inthandler20
 .text          0x000000000028319f      0x630 mtask.o
                0x000000000028319f                task_now
                0x00000000002831cf                task_add
                0x0000000000283218                task_remove
                0x00000000002832d5                task_switchsub
                0x0000000000283321                task_idle
                0x000000000028332e                task_init
                0x0000000000283533                task_alloc
                0x0000000000283643                task_run
                0x00000000002836b0                task_sleep
                0x0000000000283700                task_switch
 .text          0x00000000002837cf      0x135 naskfunc.o
                0x00000000002837cf                _io_hlt
                0x00000000002837d1                _io_cli
                0x00000000002837d3                _io_sti
                0x00000000002837d5                _io_stihlt
                0x00000000002837d8                _io_in8
                0x00000000002837e3                _io_in16
                0x00000000002837ef                _io_in32
                0x00000000002837f5                _io_out8
                0x00000000002837ff                _io_out16
                0x000000000028380b                _io_out32
                0x0000000000283815                _io_load_eflags
                0x0000000000283818                _io_store_eflags
                0x000000000028381f                _load_gdtr
                0x000000000028382f                _load_idtr
                0x000000000028383f                _load_cr0
                0x0000000000283843                _store_cr0
                0x000000000028384b                _load_tr
                0x0000000000283851                _asm_inthandler20
                0x000000000028386c                _asm_inthandler21
                0x0000000000283887                _asm_inthandler27
                0x00000000002838a2                _asm_inthandler2c
                0x00000000002838bd                _memtest_sub
                0x00000000002838ff                _farjmp
 .text          0x0000000000283904        0x0 font_8x16.o
 .text          0x0000000000283904      0x41f libc/libc.a(sprintf.o)
                0x0000000000283bec                sprintf

.iplt           0x0000000000283d23        0x0
 .iplt          0x0000000000283d23        0x0 bootpack.o

.rodata         0x0000000000283d40     0x1060
 .rodata        0x0000000000283d40       0x4b bootpack.o
 .rodata        0x0000000000283d8b       0x15 int.o
 .rodata        0x0000000000283da0     0x1000 font_8x16.o
                0x0000000000283da0                fontdata_8x16

.rel.dyn        0x0000000000284da0        0x0
 .rel.got       0x0000000000284da0        0x0 bootpack.o
 .rel.iplt      0x0000000000284da0        0x0 bootpack.o
 .rel.text      0x0000000000284da0        0x0 bootpack.o

.data           0x0000000000284da0      0x320
 *(.data)
 .data          0x0000000000284da0      0x1e0 bootpack.o
 .data          0x0000000000284f80        0x0 dsctbl.o
 .data          0x0000000000284f80      0x140 graphics.o
 .data          0x00000000002850c0        0x0 int.o
 .data          0x00000000002850c0        0x0 fifo.o
 .data          0x00000000002850c0        0x0 mouse.o
 .data          0x00000000002850c0        0x0 keyboard.o
 .data          0x00000000002850c0        0x0 memory.o
 .data          0x00000000002850c0        0x0 sheet.o
 .data          0x00000000002850c0        0x0 timer.o
 .data          0x00000000002850c0        0x0 mtask.o
 .data          0x00000000002850c0        0x0 naskfunc.o
 .data          0x00000000002850c0        0x0 font_8x16.o
 .data          0x00000000002850c0        0x0 libc/libc.a(sprintf.o)

.got            0x00000000002850c0        0x0
 .got           0x00000000002850c0        0x0 bootpack.o

.got.plt        0x00000000002850c0        0x0
 .got.plt       0x00000000002850c0        0x0 bootpack.o

.igot.plt       0x00000000002850c0        0x0
 .igot.plt      0x00000000002850c0        0x0 bootpack.o

.bss            0x00000000002850c0     0x2744
 *(.bss)
 .bss           0x00000000002850c0        0x0 bootpack.o
 .bss           0x00000000002850c0        0x0 dsctbl.o
 .bss           0x00000000002850c0        0x0 graphics.o
 .bss           0x00000000002850c0        0x0 int.o
 .bss           0x00000000002850c0        0x0 fifo.o
 .bss           0x00000000002850c0        0x0 mouse.o
 .bss           0x00000000002850c0        0x0 keyboard.o
 .bss           0x00000000002850c0        0x0 memory.o
 .bss           0x00000000002850c0        0x0 sheet.o
 .bss           0x00000000002850c0        0x0 timer.o
 .bss           0x00000000002850c0        0x0 mtask.o
 .bss           0x00000000002850c0        0x0 naskfunc.o
 .bss           0x00000000002850c0        0x0 font_8x16.o
 .bss           0x00000000002850c0        0x0 libc/libc.a(sprintf.o)
 COMMON         0x00000000002850c0        0x8 mouse.o
                0x00000000002850c0                mousedata0
                0x00000000002850c4                mousefifo
 COMMON         0x00000000002850c8        0x8 keyboard.o
                0x00000000002850c8                keyfifo
                0x00000000002850cc                keydata0
 *fill*         0x00000000002850d0       0x10 
 COMMON         0x00000000002850e0     0x271c timer.o
                0x00000000002850e0                timerctl
 COMMON         0x00000000002877fc        0x8 mtask.o
                0x00000000002877fc                taskctl
                0x0000000000287800                task_timer
LOAD libc/libc.a
OUTPUT(kernel.elf elf32-i386)

.comment        0x0000000000000000       0x11
 .comment       0x0000000000000000       0x11 bootpack.o
                                         0x12 (size before relaxing)
 .comment       0x0000000000000011       0x12 dsctbl.o
 .comment       0x0000000000000011       0x12 graphics.o
 .comment       0x0000000000000011       0x12 int.o
 .comment       0x0000000000000011       0x12 fifo.o
 .comment       0x0000000000000011       0x12 mouse.o
 .comment       0x0000000000000011       0x12 keyboard.o
 .comment       0x0000000000000011       0x12 memory.o
 .comment       0x0000000000000011       0x12 sheet.o
 .comment       0x0000000000000011       0x12 timer.o
 .comment       0x0000000000000011       0x12 mtask.o
 .comment       0x0000000000000011       0x12 font_8x16.o
 .comment       0x0000000000000011       0x12 libc/libc.a(sprintf.o)

.note.GNU-stack
                0x0000000000000000        0x0
 .note.GNU-stack
                0x0000000000000000        0x0 bootpack.o
 .note.GNU-stack
                0x0000000000000000        0x0 dsctbl.o
 .note.GNU-stack
                0x0000000000000000        0x0 graphics.o
 .note.GNU-stack
                0x0000000000000000        0x0 int.o
 .note.GNU-stack
                0x0000000000000000        0x0 fifo.o
 .note.GNU-stack
                0x0000000000000000        0x0 mouse.o
 .note.GNU-stack
                0x0000000000000000        0x0 keyboard.o
 .note.GNU-stack
                0x0000000000000000        0x0 memory.o
 .note.GNU-stack
                0x0000000000000000        0x0 sheet.o
 .note.GNU-stack
                0x0000000000000000        0x0 timer.o
 .note.GNU-stack
                0x0000000000000000        0x0 mtask.o
 .note.GNU-stack
                0x0000000000000000        0x0 font_8x16.o
 .note.GNU-stack
                0x0000000000000000        0x0 libc/libc.a(sprintf.o)
