Archive member included to satisfy reference by file (symbol)

libc/libc.a(sprintf.o)        bootpack.o (sprintf)

Allocating common symbols
Common symbol       size              file

keyfifo             0x18              keyboard.o
timerctl            0x271c            timer.o
mousefifo           0x18              mouse.o

Memory Configuration

Name             Origin             Length             Attributes
*default*        0x0000000000000000 0xffffffffffffffff

Linker script and memory map

LOAD bootpack.o
LOAD dsctbl.o
LOAD graphics.o
LOAD int.o
LOAD fifo.o
LOAD mouse.o
LOAD keyboard.o
LOAD memory.o
LOAD sheet.o
LOAD timer.o
LOAD naskfunc.o
LOAD font_8x16.o
                0x0000000000280000                . = 0x280000

.text           0x0000000000280000     0x2de9
 *(.text)
 .text          0x0000000000280000      0xa49 bootpack.o
                0x0000000000280000                HariMain
                0x000000000028078c                make_window8
                0x00000000002809aa                putfonts8_asc_sht
 .text          0x0000000000280a49      0x211 dsctbl.o
                0x0000000000280a49                init_gdtidt
                0x0000000000280b9a                set_segmdesc
                0x0000000000280c15                set_gatedesc
 .text          0x0000000000280c5a      0x5ce graphics.o
                0x0000000000280c5a                init_palette
                0x0000000000280c77                set_palette
                0x0000000000280d23                boxfill8
                0x0000000000280d75                init_screen8
                0x0000000000280f92                putfont8
                0x0000000000281094                putfonts8_asc
                0x00000000002810e3                init_mouse_cursor8
                0x00000000002811b9                putblock8_8
 .text          0x0000000000281228      0x122 int.o
                0x0000000000281228                init_pic
                0x0000000000281303                inthandler27
 .text          0x000000000028134a      0x143 fifo.o
                0x000000000028134a                fifo8_init
                0x0000000000281388                fifo8_put
                0x0000000000281408                fifo8_get
                0x0000000000281478                fifo8_status
 .text          0x000000000028148d      0x1cc mouse.o
                0x000000000028148d                inthandler2c
                0x00000000002814dc                enable_mouse
                0x000000000028151a                mouse_decode
 .text          0x0000000000281659       0x8e keyboard.o
                0x0000000000281659                inthandler21
                0x0000000000281696                wait_KBC_sendready
                0x00000000002816b6                init_keyboard
 .text          0x00000000002816e7      0x4b1 memory.o
                0x00000000002816e7                memtest
                0x000000000028179e                memman_init
                0x00000000002817cb                memman_total
                0x0000000000281804                memman_alloc
                0x00000000002818ed                memman_free
                0x0000000000281b3d                memman_alloc_4k
                0x0000000000281b69                memman_free_4k
 .text          0x0000000000281b98      0xa25 sheet.o
                0x0000000000281b98                shtctl_init
                0x0000000000281c7b                sheet_alloc
                0x0000000000281cf2                sheet_setbuf
                0x0000000000281d1b                sheet_refreshmap
                0x0000000000281ecf                sheet_refreshsub
                0x000000000028209b                sheet_updown
                0x0000000000282412                sheet_refresh
                0x0000000000282483                sheet_slide
                0x0000000000282596                sheet_free
 .text          0x00000000002825bd      0x2e3 timer.o
                0x00000000002825bd                init_pit
                0x000000000028263e                timer_alloc
                0x000000000028269c                timer_free
                0x00000000002826ac                timer_init
                0x00000000002826ce                timer_settime
                0x0000000000282791                inthandler20
 .text          0x00000000002828a0      0x12a naskfunc.o
                0x00000000002828a0                _io_hlt
                0x00000000002828a2                _io_cli
                0x00000000002828a4                _io_sti
                0x00000000002828a6                _io_stihlt
                0x00000000002828a9                _io_in8
                0x00000000002828b4                _io_in16
                0x00000000002828c0                _io_in32
                0x00000000002828c6                _io_out8
                0x00000000002828d0                _io_out16
                0x00000000002828dc                _io_out32
                0x00000000002828e6                _io_load_eflags
                0x00000000002828e9                _io_store_eflags
                0x00000000002828f0                _load_gdtr
                0x0000000000282900                _load_idtr
                0x0000000000282910                _load_cr0
                0x0000000000282914                _store_cr0
                0x000000000028291c                _asm_inthandler20
                0x0000000000282937                _asm_inthandler21
                0x0000000000282952                _asm_inthandler27
                0x000000000028296d                _asm_inthandler2c
                0x0000000000282988                _memtest_sub
 .text          0x00000000002829ca        0x0 font_8x16.o
 .text          0x00000000002829ca      0x41f libc/libc.a(sprintf.o)
                0x0000000000282cb2                sprintf

.iplt           0x0000000000282df0        0x0
 .iplt          0x0000000000282df0        0x0 libc/libc.a(sprintf.o)

.rodata         0x0000000000282e00     0x1080
 .rodata        0x0000000000282e00       0x54 bootpack.o
 .rodata        0x0000000000282e54       0x15 int.o
 *fill*         0x0000000000282e69       0x17 
 .rodata        0x0000000000282e80     0x1000 font_8x16.o
                0x0000000000282e80                fontdata_8x16

.note.gnu.property
                0x0000000000283e80       0x1c
 .note.gnu.property
                0x0000000000283e80       0x1c libc/libc.a(sprintf.o)

.rel.dyn        0x0000000000283e9c        0x0
 .rel.got       0x0000000000283e9c        0x0 libc/libc.a(sprintf.o)
 .rel.iplt      0x0000000000283e9c        0x0 libc/libc.a(sprintf.o)
 .rel.text      0x0000000000283e9c        0x0 libc/libc.a(sprintf.o)

.data           0x0000000000283ea0      0x220
 *(.data)
 .data          0x0000000000283ea0       0xe0 bootpack.o
 .data          0x0000000000283f80        0x0 dsctbl.o
 .data          0x0000000000283f80      0x140 graphics.o
 .data          0x00000000002840c0        0x0 int.o
 .data          0x00000000002840c0        0x0 fifo.o
 .data          0x00000000002840c0        0x0 mouse.o
 .data          0x00000000002840c0        0x0 keyboard.o
 .data          0x00000000002840c0        0x0 memory.o
 .data          0x00000000002840c0        0x0 sheet.o
 .data          0x00000000002840c0        0x0 timer.o
 .data          0x00000000002840c0        0x0 naskfunc.o
 .data          0x00000000002840c0        0x0 font_8x16.o
 .data          0x00000000002840c0        0x0 libc/libc.a(sprintf.o)

.got            0x00000000002840c0        0x0
 .got           0x00000000002840c0        0x0 libc/libc.a(sprintf.o)

.got.plt        0x00000000002840c0        0x0
 .got.plt       0x00000000002840c0        0x0 libc/libc.a(sprintf.o)

.igot.plt       0x00000000002840c0        0x0
 .igot.plt      0x00000000002840c0        0x0 libc/libc.a(sprintf.o)

.bss            0x00000000002840c0     0x275c
 *(.bss)
 .bss           0x00000000002840c0        0x0 bootpack.o
 .bss           0x00000000002840c0        0x0 dsctbl.o
 .bss           0x00000000002840c0        0x0 graphics.o
 .bss           0x00000000002840c0        0x0 int.o
 .bss           0x00000000002840c0        0x0 fifo.o
 .bss           0x00000000002840c0        0x0 mouse.o
 .bss           0x00000000002840c0        0x0 keyboard.o
 .bss           0x00000000002840c0        0x0 memory.o
 .bss           0x00000000002840c0        0x0 sheet.o
 .bss           0x00000000002840c0        0x0 timer.o
 .bss           0x00000000002840c0        0x0 naskfunc.o
 .bss           0x00000000002840c0        0x0 font_8x16.o
 .bss           0x00000000002840c0        0x0 libc/libc.a(sprintf.o)
 COMMON         0x00000000002840c0       0x18 mouse.o
                0x00000000002840c0                mousefifo
 COMMON         0x00000000002840d8       0x18 keyboard.o
                0x00000000002840d8                keyfifo
 *fill*         0x00000000002840f0       0x10 
 COMMON         0x0000000000284100     0x271c timer.o
                0x0000000000284100                timerctl
LOAD libc/libc.a
OUTPUT(kernel.elf elf32-i386)

.comment        0x0000000000000000       0x1a
 .comment       0x0000000000000000       0x1a bootpack.o
                                         0x1b (size before relaxing)
 .comment       0x000000000000001a       0x1b dsctbl.o
 .comment       0x000000000000001a       0x1b graphics.o
 .comment       0x000000000000001a       0x1b int.o
 .comment       0x000000000000001a       0x1b fifo.o
 .comment       0x000000000000001a       0x1b mouse.o
 .comment       0x000000000000001a       0x1b keyboard.o
 .comment       0x000000000000001a       0x1b memory.o
 .comment       0x000000000000001a       0x1b sheet.o
 .comment       0x000000000000001a       0x1b timer.o
 .comment       0x000000000000001a       0x1b font_8x16.o
 .comment       0x000000000000001a       0x1b libc/libc.a(sprintf.o)

.note.GNU-stack
                0x0000000000000000        0x0
 .note.GNU-stack
                0x0000000000000000        0x0 bootpack.o
 .note.GNU-stack
                0x0000000000000000        0x0 dsctbl.o
 .note.GNU-stack
                0x0000000000000000        0x0 graphics.o
 .note.GNU-stack
                0x0000000000000000        0x0 int.o
 .note.GNU-stack
                0x0000000000000000        0x0 fifo.o
 .note.GNU-stack
                0x0000000000000000        0x0 mouse.o
 .note.GNU-stack
                0x0000000000000000        0x0 keyboard.o
 .note.GNU-stack
                0x0000000000000000        0x0 memory.o
 .note.GNU-stack
                0x0000000000000000        0x0 sheet.o
 .note.GNU-stack
                0x0000000000000000        0x0 timer.o
 .note.GNU-stack
                0x0000000000000000        0x0 font_8x16.o
 .note.GNU-stack
                0x0000000000000000        0x0 libc/libc.a(sprintf.o)
