Archive member included to satisfy reference by file (symbol)

libc/libc.a(sprintf.o)        bootpack.o (sprintf)

Allocating common symbols
Common symbol       size              file

mousedata0          0x4               mouse.o
keyfifo             0x4               keyboard.o
timerctl            0x271c            timer.o
mousefifo           0x4               mouse.o
keydata0            0x4               keyboard.o

Memory Configuration

Name             Origin             Length             Attributes
*default*        0x0000000000000000 0xffffffffffffffff

Linker script and memory map

LOAD bootpack.o
LOAD dsctbl.o
LOAD graphics.o
LOAD int.o
LOAD fifo.o
LOAD mouse.o
LOAD keyboard.o
LOAD memory.o
LOAD sheet.o
LOAD timer.o
LOAD naskfunc.o
LOAD font_8x16.o
                0x0000000000280000                . = 0x280000

.text           0x0000000000280000     0x3031
 *(.text)
 .text          0x0000000000280000      0xcd4 bootpack.o
                0x0000000000280000                HariMain
                0x0000000000280818                make_window8
                0x0000000000280a36                putfonts8_asc_sht
                0x0000000000280ad5                make_textbox8
 .text          0x0000000000280cd4      0x211 dsctbl.o
                0x0000000000280cd4                init_gdtidt
                0x0000000000280e25                set_segmdesc
                0x0000000000280ea0                set_gatedesc
 .text          0x0000000000280ee5      0x5ce graphics.o
                0x0000000000280ee5                init_palette
                0x0000000000280f02                set_palette
                0x0000000000280fae                boxfill8
                0x0000000000281000                init_screen8
                0x000000000028121d                putfont8
                0x000000000028131f                putfonts8_asc
                0x000000000028136e                init_mouse_cursor8
                0x0000000000281444                putblock8_8
 .text          0x00000000002814b3      0x122 int.o
                0x00000000002814b3                init_pic
                0x000000000028158e                inthandler27
 .text          0x00000000002815d5      0x13b fifo.o
                0x00000000002815d5                fifo32_init
                0x0000000000281613                fifo32_put
                0x000000000028168c                fifo32_get
                0x00000000002816fb                fifo32_status
 .text          0x0000000000281710      0x1e4 mouse.o
                0x0000000000281710                inthandler2c
                0x0000000000281767                enable_mouse
                0x00000000002817b5                mouse_decode
 .text          0x00000000002818f4       0xa6 keyboard.o
                0x00000000002818f4                inthandler21
                0x0000000000281939                wait_KBC_sendready
                0x0000000000281959                init_keyboard
 .text          0x000000000028199a      0x4b1 memory.o
                0x000000000028199a                memtest
                0x0000000000281a51                memman_init
                0x0000000000281a7e                memman_total
                0x0000000000281ab7                memman_alloc
                0x0000000000281ba0                memman_free
                0x0000000000281df0                memman_alloc_4k
                0x0000000000281e1c                memman_free_4k
 .text          0x0000000000281e4b      0xa25 sheet.o
                0x0000000000281e4b                shtctl_init
                0x0000000000281f2e                sheet_alloc
                0x0000000000281fa5                sheet_setbuf
                0x0000000000281fce                sheet_refreshmap
                0x0000000000282182                sheet_refreshsub
                0x000000000028234e                sheet_updown
                0x00000000002826c5                sheet_refresh
                0x0000000000282736                sheet_slide
                0x0000000000282849                sheet_free
 .text          0x0000000000282870      0x278 timer.o
                0x0000000000282870                init_pit
                0x0000000000282918                timer_alloc
                0x0000000000282982                timer_free
                0x0000000000282992                timer_init
                0x00000000002829aa                timer_settime
                0x0000000000282a59                inthandler20
 .text          0x0000000000282ae8      0x12a naskfunc.o
                0x0000000000282ae8                _io_hlt
                0x0000000000282aea                _io_cli
                0x0000000000282aec                _io_sti
                0x0000000000282aee                _io_stihlt
                0x0000000000282af1                _io_in8
                0x0000000000282afc                _io_in16
                0x0000000000282b08                _io_in32
                0x0000000000282b0e                _io_out8
                0x0000000000282b18                _io_out16
                0x0000000000282b24                _io_out32
                0x0000000000282b2e                _io_load_eflags
                0x0000000000282b31                _io_store_eflags
                0x0000000000282b38                _load_gdtr
                0x0000000000282b48                _load_idtr
                0x0000000000282b58                _load_cr0
                0x0000000000282b5c                _store_cr0
                0x0000000000282b64                _asm_inthandler20
                0x0000000000282b7f                _asm_inthandler21
                0x0000000000282b9a                _asm_inthandler27
                0x0000000000282bb5                _asm_inthandler2c
                0x0000000000282bd0                _memtest_sub
 .text          0x0000000000282c12        0x0 font_8x16.o
 .text          0x0000000000282c12      0x41f libc/libc.a(sprintf.o)
                0x0000000000282efa                sprintf

.iplt           0x0000000000283038        0x0
 .iplt          0x0000000000283038        0x0 libc/libc.a(sprintf.o)

.rodata         0x0000000000283040     0x1080
 .rodata        0x0000000000283040       0x50 bootpack.o
 .rodata        0x0000000000283090       0x15 int.o
 *fill*         0x00000000002830a5       0x1b 
 .rodata        0x00000000002830c0     0x1000 font_8x16.o
                0x00000000002830c0                fontdata_8x16

.note.gnu.property
                0x00000000002840c0       0x1c
 .note.gnu.property
                0x00000000002840c0       0x1c libc/libc.a(sprintf.o)

.rel.dyn        0x00000000002840dc        0x0
 .rel.got       0x00000000002840dc        0x0 libc/libc.a(sprintf.o)
 .rel.iplt      0x00000000002840dc        0x0 libc/libc.a(sprintf.o)
 .rel.text      0x00000000002840dc        0x0 libc/libc.a(sprintf.o)

.data           0x00000000002840e0      0x280
 *(.data)
 .data          0x00000000002840e0      0x140 bootpack.o
 .data          0x0000000000284220        0x0 dsctbl.o
 .data          0x0000000000284220      0x140 graphics.o
 .data          0x0000000000284360        0x0 int.o
 .data          0x0000000000284360        0x0 fifo.o
 .data          0x0000000000284360        0x0 mouse.o
 .data          0x0000000000284360        0x0 keyboard.o
 .data          0x0000000000284360        0x0 memory.o
 .data          0x0000000000284360        0x0 sheet.o
 .data          0x0000000000284360        0x0 timer.o
 .data          0x0000000000284360        0x0 naskfunc.o
 .data          0x0000000000284360        0x0 font_8x16.o
 .data          0x0000000000284360        0x0 libc/libc.a(sprintf.o)

.got            0x0000000000284360        0x0
 .got           0x0000000000284360        0x0 libc/libc.a(sprintf.o)

.got.plt        0x0000000000284360        0x0
 .got.plt       0x0000000000284360        0x0 libc/libc.a(sprintf.o)

.igot.plt       0x0000000000284360        0x0
 .igot.plt      0x0000000000284360        0x0 libc/libc.a(sprintf.o)

.bss            0x0000000000284360     0x273c
 *(.bss)
 .bss           0x0000000000284360        0x0 bootpack.o
 .bss           0x0000000000284360        0x0 dsctbl.o
 .bss           0x0000000000284360        0x0 graphics.o
 .bss           0x0000000000284360        0x0 int.o
 .bss           0x0000000000284360        0x0 fifo.o
 .bss           0x0000000000284360        0x0 mouse.o
 .bss           0x0000000000284360        0x0 keyboard.o
 .bss           0x0000000000284360        0x0 memory.o
 .bss           0x0000000000284360        0x0 sheet.o
 .bss           0x0000000000284360        0x0 timer.o
 .bss           0x0000000000284360        0x0 naskfunc.o
 .bss           0x0000000000284360        0x0 font_8x16.o
 .bss           0x0000000000284360        0x0 libc/libc.a(sprintf.o)
 COMMON         0x0000000000284360        0x8 mouse.o
                0x0000000000284360                mousedata0
                0x0000000000284364                mousefifo
 COMMON         0x0000000000284368        0x8 keyboard.o
                0x0000000000284368                keyfifo
                0x000000000028436c                keydata0
 *fill*         0x0000000000284370       0x10 
 COMMON         0x0000000000284380     0x271c timer.o
                0x0000000000284380                timerctl
LOAD libc/libc.a
OUTPUT(kernel.elf elf32-i386)

.comment        0x0000000000000000       0x1a
 .comment       0x0000000000000000       0x1a bootpack.o
                                         0x1b (size before relaxing)
 .comment       0x000000000000001a       0x1b dsctbl.o
 .comment       0x000000000000001a       0x1b graphics.o
 .comment       0x000000000000001a       0x1b int.o
 .comment       0x000000000000001a       0x1b fifo.o
 .comment       0x000000000000001a       0x1b mouse.o
 .comment       0x000000000000001a       0x1b keyboard.o
 .comment       0x000000000000001a       0x1b memory.o
 .comment       0x000000000000001a       0x1b sheet.o
 .comment       0x000000000000001a       0x1b timer.o
 .comment       0x000000000000001a       0x1b font_8x16.o
 .comment       0x000000000000001a       0x1b libc/libc.a(sprintf.o)

.note.GNU-stack
                0x0000000000000000        0x0
 .note.GNU-stack
                0x0000000000000000        0x0 bootpack.o
 .note.GNU-stack
                0x0000000000000000        0x0 dsctbl.o
 .note.GNU-stack
                0x0000000000000000        0x0 graphics.o
 .note.GNU-stack
                0x0000000000000000        0x0 int.o
 .note.GNU-stack
                0x0000000000000000        0x0 fifo.o
 .note.GNU-stack
                0x0000000000000000        0x0 mouse.o
 .note.GNU-stack
                0x0000000000000000        0x0 keyboard.o
 .note.GNU-stack
                0x0000000000000000        0x0 memory.o
 .note.GNU-stack
                0x0000000000000000        0x0 sheet.o
 .note.GNU-stack
                0x0000000000000000        0x0 timer.o
 .note.GNU-stack
                0x0000000000000000        0x0 font_8x16.o
 .note.GNU-stack
                0x0000000000000000        0x0 libc/libc.a(sprintf.o)
