Archive member included to satisfy reference by file (symbol)

libc/libc.a(sprintf.o)        bootpack.o (sprintf)

Allocating common symbols
Common symbol       size              file

keybuf              0x2c              int.o

Memory Configuration

Name             Origin             Length             Attributes
*default*        0x0000000000000000 0xffffffffffffffff

Linker script and memory map

LOAD bootpack.o
LOAD dsctbl.o
LOAD graphics.o
LOAD int.o
LOAD naskfunc.o
LOAD font_8x16.o
                0x0000000000280000                . = 0x280000

.text           0x0000000000280000      0xf59
 *(.text)
 .text          0x0000000000280000      0x1e4 bootpack.o
                0x0000000000280000                HariMain
 .text          0x00000000002801e4      0x1f3 dsctbl.o
                0x00000000002801e4                init_gdtidt
                0x0000000000280317                set_segmdesc
                0x0000000000280392                set_gatedesc
 .text          0x00000000002803d7      0x5ce graphics.o
                0x00000000002803d7                init_palette
                0x00000000002803f4                set_palette
                0x00000000002804a0                boxfill8
                0x00000000002804f2                init_screen8
                0x000000000028070f                putfont8
                0x0000000000280811                putfonts8_asc
                0x0000000000280860                init_mouse_cursor8
                0x0000000000280936                putblock8_8
 .text          0x00000000002809a5      0x1f8 int.o
                0x00000000002809a5                init_pic
                0x0000000000280a80                inthandler21
                0x0000000000280af0                inthandler2c
                0x0000000000280b56                inthandler27
 .text          0x0000000000280b9d       0xc1 naskfunc.o
                0x0000000000280b9d                _io_hlt
                0x0000000000280b9f                _io_cli
                0x0000000000280ba1                _io_sti
                0x0000000000280ba3                _io_stihlt
                0x0000000000280ba6                _io_in8
                0x0000000000280bb1                _io_in16
                0x0000000000280bbd                _io_in32
                0x0000000000280bc3                _io_out8
                0x0000000000280bcd                _io_out16
                0x0000000000280bd9                _io_out32
                0x0000000000280be3                _io_load_eflags
                0x0000000000280be6                _io_store_eflags
                0x0000000000280bed                _load_gdtr
                0x0000000000280bfd                _load_idtr
                0x0000000000280c0d                _asm_inthandler21
                0x0000000000280c28                _asm_inthandler27
                0x0000000000280c43                _asm_inthandler2c
 .text          0x0000000000280c5e        0x0 font_8x16.o
 .text          0x0000000000280c5e      0x2fb libc/libc.a(sprintf.o)
                0x0000000000280e58                sprintf

.iplt           0x0000000000280f60        0x0
 .iplt          0x0000000000280f60        0x0 libc/libc.a(sprintf.o)

.rodata         0x0000000000280f60     0x1040
 .rodata        0x0000000000280f60        0xe bootpack.o
 .rodata        0x0000000000280f6e       0x32 int.o
 .rodata        0x0000000000280fa0     0x1000 font_8x16.o
                0x0000000000280fa0                fontdata_8x16

.note.gnu.property
                0x0000000000281fa0       0x1c
 .note.gnu.property
                0x0000000000281fa0       0x1c libc/libc.a(sprintf.o)

.rel.dyn        0x0000000000281fbc        0x0
 .rel.got       0x0000000000281fbc        0x0 libc/libc.a(sprintf.o)
 .rel.iplt      0x0000000000281fbc        0x0 libc/libc.a(sprintf.o)
 .rel.text      0x0000000000281fbc        0x0 libc/libc.a(sprintf.o)

.data           0x0000000000281fc0      0x140
 *(.data)
 .data          0x0000000000281fc0        0x0 bootpack.o
 .data          0x0000000000281fc0        0x0 dsctbl.o
 .data          0x0000000000281fc0      0x140 graphics.o
 .data          0x0000000000282100        0x0 int.o
 .data          0x0000000000282100        0x0 naskfunc.o
 .data          0x0000000000282100        0x0 font_8x16.o
 .data          0x0000000000282100        0x0 libc/libc.a(sprintf.o)

.got            0x0000000000282100        0x0
 .got           0x0000000000282100        0x0 libc/libc.a(sprintf.o)

.got.plt        0x0000000000282100        0x0
 .got.plt       0x0000000000282100        0x0 libc/libc.a(sprintf.o)

.igot.plt       0x0000000000282100        0x0
 .igot.plt      0x0000000000282100        0x0 libc/libc.a(sprintf.o)

.bss            0x0000000000282100       0x2c
 *(.bss)
 .bss           0x0000000000282100        0x0 bootpack.o
 .bss           0x0000000000282100        0x0 dsctbl.o
 .bss           0x0000000000282100        0x0 graphics.o
 .bss           0x0000000000282100        0x0 int.o
 .bss           0x0000000000282100        0x0 naskfunc.o
 .bss           0x0000000000282100        0x0 font_8x16.o
 .bss           0x0000000000282100        0x0 libc/libc.a(sprintf.o)
 COMMON         0x0000000000282100       0x2c int.o
                0x0000000000282100                keybuf
LOAD libc/libc.a
OUTPUT(kernel.elf elf32-i386)

.comment        0x0000000000000000       0x1a
 .comment       0x0000000000000000       0x1a bootpack.o
                                         0x1b (size before relaxing)
 .comment       0x000000000000001a       0x1b dsctbl.o
 .comment       0x000000000000001a       0x1b graphics.o
 .comment       0x000000000000001a       0x1b int.o
 .comment       0x000000000000001a       0x1b font_8x16.o
 .comment       0x000000000000001a       0x1b libc/libc.a(sprintf.o)

.note.GNU-stack
                0x0000000000000000        0x0
 .note.GNU-stack
                0x0000000000000000        0x0 bootpack.o
 .note.GNU-stack
                0x0000000000000000        0x0 dsctbl.o
 .note.GNU-stack
                0x0000000000000000        0x0 graphics.o
 .note.GNU-stack
                0x0000000000000000        0x0 int.o
 .note.GNU-stack
                0x0000000000000000        0x0 font_8x16.o
 .note.GNU-stack
                0x0000000000000000        0x0 libc/libc.a(sprintf.o)
