Archive member included to satisfy reference by file (symbol)

libc/libc.a(sprintf.o)        bootpack.o (sprintf)
libc/libc.a(strcmp.o)         bootpack.o (strcmp)

Allocating common symbols
Common symbol       size              file

mousedata0          0x4               mouse.o
keyfifo             0x4               keyboard.o
taskctl             0x4               mtask.o
timerctl            0x271c            timer.o
mousefifo           0x4               mouse.o
task_timer          0x4               mtask.o
keydata0            0x4               keyboard.o

Memory Configuration

Name             Origin             Length             Attributes
*default*        0x0000000000000000 0xffffffffffffffff

Linker script and memory map

LOAD bootpack.o
LOAD dsctbl.o
LOAD graphics.o
LOAD int.o
LOAD fifo.o
LOAD mouse.o
LOAD keyboard.o
LOAD memory.o
LOAD sheet.o
LOAD timer.o
LOAD mtask.o
LOAD naskfunc.o
LOAD font_8x16.o
                0x0000000000280000                . = 0x280000

.text           0x0000000000280000     0x415d
 *(.text)
 .text          0x0000000000280000     0x1629 bootpack.o
                0x0000000000280000                HariMain
                0x0000000000280b5a                make_window8
                0x0000000000280ccc                make_wtitle8
                0x0000000000280dc4                putfonts8_asc_sht
                0x0000000000280e63                make_textbox8
                0x0000000000281062                console_task
                0x0000000000281540                cons_newline
 .text          0x0000000000281629      0x211 dsctbl.o
                0x0000000000281629                init_gdtidt
                0x000000000028177a                set_segmdesc
                0x00000000002817f5                set_gatedesc
 .text          0x000000000028183a      0x5ce graphics.o
                0x000000000028183a                init_palette
                0x0000000000281857                set_palette
                0x0000000000281903                boxfill8
                0x0000000000281955                init_screen8
                0x0000000000281b72                putfont8
                0x0000000000281c74                putfonts8_asc
                0x0000000000281cc3                init_mouse_cursor8
                0x0000000000281d99                putblock8_8
 .text          0x0000000000281e08      0x122 int.o
                0x0000000000281e08                init_pic
                0x0000000000281ee3                inthandler27
 .text          0x0000000000281f2a      0x178 fifo.o
                0x0000000000281f2a                fifo32_init
                0x0000000000281f71                fifo32_put
                0x000000000028201e                fifo32_get
                0x000000000028208d                fifo32_status
 .text          0x00000000002820a2      0x1e4 mouse.o
                0x00000000002820a2                inthandler2c
                0x00000000002820f9                enable_mouse
                0x0000000000282147                mouse_decode
 .text          0x0000000000282286       0xa6 keyboard.o
                0x0000000000282286                inthandler21
                0x00000000002822cb                wait_KBC_sendready
                0x00000000002822eb                init_keyboard
 .text          0x000000000028232c      0x4b1 memory.o
                0x000000000028232c                memtest
                0x00000000002823e3                memman_init
                0x0000000000282410                memman_total
                0x0000000000282449                memman_alloc
                0x0000000000282532                memman_free
                0x0000000000282782                memman_alloc_4k
                0x00000000002827ae                memman_free_4k
 .text          0x00000000002827dd      0xa25 sheet.o
                0x00000000002827dd                shtctl_init
                0x00000000002828c0                sheet_alloc
                0x0000000000282937                sheet_setbuf
                0x0000000000282960                sheet_refreshmap
                0x0000000000282b14                sheet_refreshsub
                0x0000000000282ce0                sheet_updown
                0x0000000000283057                sheet_refresh
                0x00000000002830c8                sheet_slide
                0x00000000002831db                sheet_free
 .text          0x0000000000283202      0x29a timer.o
                0x0000000000283202                init_pit
                0x00000000002832aa                timer_alloc
                0x0000000000283314                timer_free
                0x0000000000283324                timer_init
                0x000000000028333c                timer_settime
                0x00000000002833eb                inthandler20
 .text          0x000000000028349c      0x630 mtask.o
                0x000000000028349c                task_now
                0x00000000002834cc                task_add
                0x0000000000283515                task_remove
                0x00000000002835d2                task_switchsub
                0x000000000028361e                task_idle
                0x000000000028362b                task_init
                0x0000000000283830                task_alloc
                0x0000000000283940                task_run
                0x00000000002839ad                task_sleep
                0x00000000002839fd                task_switch
 .text          0x0000000000283acc      0x135 naskfunc.o
                0x0000000000283acc                _io_hlt
                0x0000000000283ace                _io_cli
                0x0000000000283ad0                _io_sti
                0x0000000000283ad2                _io_stihlt
                0x0000000000283ad5                _io_in8
                0x0000000000283ae0                _io_in16
                0x0000000000283aec                _io_in32
                0x0000000000283af2                _io_out8
                0x0000000000283afc                _io_out16
                0x0000000000283b08                _io_out32
                0x0000000000283b12                _io_load_eflags
                0x0000000000283b15                _io_store_eflags
                0x0000000000283b1c                _load_gdtr
                0x0000000000283b2c                _load_idtr
                0x0000000000283b3c                _load_cr0
                0x0000000000283b40                _store_cr0
                0x0000000000283b48                _load_tr
                0x0000000000283b4e                _asm_inthandler20
                0x0000000000283b69                _asm_inthandler21
                0x0000000000283b84                _asm_inthandler27
                0x0000000000283b9f                _asm_inthandler2c
                0x0000000000283bba                _memtest_sub
                0x0000000000283bfc                _farjmp
 .text          0x0000000000283c01        0x0 font_8x16.o
 .text          0x0000000000283c01      0x41f libc/libc.a(sprintf.o)
                0x0000000000283ee9                sprintf
 .text          0x0000000000284020      0x13d libc/libc.a(strcmp.o)
                0x0000000000284020                strcmp
                0x00000000002840b2                strncmp

.iplt           0x000000000028415d        0x0
 .iplt          0x000000000028415d        0x0 bootpack.o

.rodata         0x0000000000284160     0x1060
 .rodata        0x0000000000284160       0x3f bootpack.o
 .rodata        0x000000000028419f       0x15 int.o
 *fill*         0x00000000002841b4        0xc 
 .rodata        0x00000000002841c0     0x1000 font_8x16.o
                0x00000000002841c0                fontdata_8x16

.rel.dyn        0x00000000002851c0        0x0
 .rel.got       0x00000000002851c0        0x0 bootpack.o
 .rel.iplt      0x00000000002851c0        0x0 bootpack.o
 .rel.text      0x00000000002851c0        0x0 bootpack.o

.data           0x00000000002851c0      0x320
 *(.data)
 .data          0x00000000002851c0      0x1e0 bootpack.o
 .data          0x00000000002853a0        0x0 dsctbl.o
 .data          0x00000000002853a0      0x140 graphics.o
 .data          0x00000000002854e0        0x0 int.o
 .data          0x00000000002854e0        0x0 fifo.o
 .data          0x00000000002854e0        0x0 mouse.o
 .data          0x00000000002854e0        0x0 keyboard.o
 .data          0x00000000002854e0        0x0 memory.o
 .data          0x00000000002854e0        0x0 sheet.o
 .data          0x00000000002854e0        0x0 timer.o
 .data          0x00000000002854e0        0x0 mtask.o
 .data          0x00000000002854e0        0x0 naskfunc.o
 .data          0x00000000002854e0        0x0 font_8x16.o
 .data          0x00000000002854e0        0x0 libc/libc.a(sprintf.o)
 .data          0x00000000002854e0        0x0 libc/libc.a(strcmp.o)

.got            0x00000000002854e0        0x0
 .got           0x00000000002854e0        0x0 bootpack.o

.got.plt        0x00000000002854e0        0x0
 .got.plt       0x00000000002854e0        0x0 bootpack.o

.igot.plt       0x00000000002854e0        0x0
 .igot.plt      0x00000000002854e0        0x0 bootpack.o

.bss            0x00000000002854e0     0x2744
 *(.bss)
 .bss           0x00000000002854e0        0x0 bootpack.o
 .bss           0x00000000002854e0        0x0 dsctbl.o
 .bss           0x00000000002854e0        0x0 graphics.o
 .bss           0x00000000002854e0        0x0 int.o
 .bss           0x00000000002854e0        0x0 fifo.o
 .bss           0x00000000002854e0        0x0 mouse.o
 .bss           0x00000000002854e0        0x0 keyboard.o
 .bss           0x00000000002854e0        0x0 memory.o
 .bss           0x00000000002854e0        0x0 sheet.o
 .bss           0x00000000002854e0        0x0 timer.o
 .bss           0x00000000002854e0        0x0 mtask.o
 .bss           0x00000000002854e0        0x0 naskfunc.o
 .bss           0x00000000002854e0        0x0 font_8x16.o
 .bss           0x00000000002854e0        0x0 libc/libc.a(sprintf.o)
 .bss           0x00000000002854e0        0x0 libc/libc.a(strcmp.o)
 COMMON         0x00000000002854e0        0x8 mouse.o
                0x00000000002854e0                mousedata0
                0x00000000002854e4                mousefifo
 COMMON         0x00000000002854e8        0x8 keyboard.o
                0x00000000002854e8                keyfifo
                0x00000000002854ec                keydata0
 *fill*         0x00000000002854f0       0x10 
 COMMON         0x0000000000285500     0x271c timer.o
                0x0000000000285500                timerctl
 COMMON         0x0000000000287c1c        0x8 mtask.o
                0x0000000000287c1c                taskctl
                0x0000000000287c20                task_timer
LOAD libc/libc.a
OUTPUT(kernel.elf elf32-i386)

.comment        0x0000000000000000       0x11
 .comment       0x0000000000000000       0x11 bootpack.o
                                         0x12 (size before relaxing)
 .comment       0x0000000000000011       0x12 dsctbl.o
 .comment       0x0000000000000011       0x12 graphics.o
 .comment       0x0000000000000011       0x12 int.o
 .comment       0x0000000000000011       0x12 fifo.o
 .comment       0x0000000000000011       0x12 mouse.o
 .comment       0x0000000000000011       0x12 keyboard.o
 .comment       0x0000000000000011       0x12 memory.o
 .comment       0x0000000000000011       0x12 sheet.o
 .comment       0x0000000000000011       0x12 timer.o
 .comment       0x0000000000000011       0x12 mtask.o
 .comment       0x0000000000000011       0x12 font_8x16.o
 .comment       0x0000000000000011       0x12 libc/libc.a(sprintf.o)
 .comment       0x0000000000000011       0x12 libc/libc.a(strcmp.o)

.note.GNU-stack
                0x0000000000000000        0x0
 .note.GNU-stack
                0x0000000000000000        0x0 bootpack.o
 .note.GNU-stack
                0x0000000000000000        0x0 dsctbl.o
 .note.GNU-stack
                0x0000000000000000        0x0 graphics.o
 .note.GNU-stack
                0x0000000000000000        0x0 int.o
 .note.GNU-stack
                0x0000000000000000        0x0 fifo.o
 .note.GNU-stack
                0x0000000000000000        0x0 mouse.o
 .note.GNU-stack
                0x0000000000000000        0x0 keyboard.o
 .note.GNU-stack
                0x0000000000000000        0x0 memory.o
 .note.GNU-stack
                0x0000000000000000        0x0 sheet.o
 .note.GNU-stack
                0x0000000000000000        0x0 timer.o
 .note.GNU-stack
                0x0000000000000000        0x0 mtask.o
 .note.GNU-stack
                0x0000000000000000        0x0 font_8x16.o
 .note.GNU-stack
                0x0000000000000000        0x0 libc/libc.a(sprintf.o)
 .note.GNU-stack
                0x0000000000000000        0x0 libc/libc.a(strcmp.o)
