Archive member included to satisfy reference by file (symbol)

libc/libc.a(sprintf.o)        bootpack.o (sprintf)

Allocating common symbols
Common symbol       size              file

mousedata0          0x4               mouse.o
keyfifo             0x4               keyboard.o
taskctl             0x4               mtask.o
timerctl            0x271c            timer.o
mousefifo           0x4               mouse.o
task_timer          0x4               mtask.o
keydata0            0x4               keyboard.o

Memory Configuration

Name             Origin             Length             Attributes
*default*        0x0000000000000000 0xffffffffffffffff

Linker script and memory map

LOAD bootpack.o
LOAD dsctbl.o
LOAD graphics.o
LOAD int.o
LOAD fifo.o
LOAD mouse.o
LOAD keyboard.o
LOAD memory.o
LOAD sheet.o
LOAD timer.o
LOAD mtask.o
LOAD naskfunc.o
LOAD font_8x16.o
                0x0000000000280000                . = 0x280000

.text           0x0000000000280000     0x3fb3
 *(.text)
 .text          0x0000000000280000     0x15bc bootpack.o
                0x0000000000280000                HariMain
                0x0000000000280b5a                make_window8
                0x0000000000280ccc                make_wtitle8
                0x0000000000280dc4                putfonts8_asc_sht
                0x0000000000280e63                make_textbox8
                0x0000000000281062                console_task
                0x00000000002814d3                cons_newline
 .text          0x00000000002815bc      0x211 dsctbl.o
                0x00000000002815bc                init_gdtidt
                0x000000000028170d                set_segmdesc
                0x0000000000281788                set_gatedesc
 .text          0x00000000002817cd      0x5ce graphics.o
                0x00000000002817cd                init_palette
                0x00000000002817ea                set_palette
                0x0000000000281896                boxfill8
                0x00000000002818e8                init_screen8
                0x0000000000281b05                putfont8
                0x0000000000281c07                putfonts8_asc
                0x0000000000281c56                init_mouse_cursor8
                0x0000000000281d2c                putblock8_8
 .text          0x0000000000281d9b      0x122 int.o
                0x0000000000281d9b                init_pic
                0x0000000000281e76                inthandler27
 .text          0x0000000000281ebd      0x178 fifo.o
                0x0000000000281ebd                fifo32_init
                0x0000000000281f04                fifo32_put
                0x0000000000281fb1                fifo32_get
                0x0000000000282020                fifo32_status
 .text          0x0000000000282035      0x1e4 mouse.o
                0x0000000000282035                inthandler2c
                0x000000000028208c                enable_mouse
                0x00000000002820da                mouse_decode
 .text          0x0000000000282219       0xa6 keyboard.o
                0x0000000000282219                inthandler21
                0x000000000028225e                wait_KBC_sendready
                0x000000000028227e                init_keyboard
 .text          0x00000000002822bf      0x4b1 memory.o
                0x00000000002822bf                memtest
                0x0000000000282376                memman_init
                0x00000000002823a3                memman_total
                0x00000000002823dc                memman_alloc
                0x00000000002824c5                memman_free
                0x0000000000282715                memman_alloc_4k
                0x0000000000282741                memman_free_4k
 .text          0x0000000000282770      0xa25 sheet.o
                0x0000000000282770                shtctl_init
                0x0000000000282853                sheet_alloc
                0x00000000002828ca                sheet_setbuf
                0x00000000002828f3                sheet_refreshmap
                0x0000000000282aa7                sheet_refreshsub
                0x0000000000282c73                sheet_updown
                0x0000000000282fea                sheet_refresh
                0x000000000028305b                sheet_slide
                0x000000000028316e                sheet_free
 .text          0x0000000000283195      0x29a timer.o
                0x0000000000283195                init_pit
                0x000000000028323d                timer_alloc
                0x00000000002832a7                timer_free
                0x00000000002832b7                timer_init
                0x00000000002832cf                timer_settime
                0x000000000028337e                inthandler20
 .text          0x000000000028342f      0x630 mtask.o
                0x000000000028342f                task_now
                0x000000000028345f                task_add
                0x00000000002834a8                task_remove
                0x0000000000283565                task_switchsub
                0x00000000002835b1                task_idle
                0x00000000002835be                task_init
                0x00000000002837c3                task_alloc
                0x00000000002838d3                task_run
                0x0000000000283940                task_sleep
                0x0000000000283990                task_switch
 .text          0x0000000000283a5f      0x135 naskfunc.o
                0x0000000000283a5f                _io_hlt
                0x0000000000283a61                _io_cli
                0x0000000000283a63                _io_sti
                0x0000000000283a65                _io_stihlt
                0x0000000000283a68                _io_in8
                0x0000000000283a73                _io_in16
                0x0000000000283a7f                _io_in32
                0x0000000000283a85                _io_out8
                0x0000000000283a8f                _io_out16
                0x0000000000283a9b                _io_out32
                0x0000000000283aa5                _io_load_eflags
                0x0000000000283aa8                _io_store_eflags
                0x0000000000283aaf                _load_gdtr
                0x0000000000283abf                _load_idtr
                0x0000000000283acf                _load_cr0
                0x0000000000283ad3                _store_cr0
                0x0000000000283adb                _load_tr
                0x0000000000283ae1                _asm_inthandler20
                0x0000000000283afc                _asm_inthandler21
                0x0000000000283b17                _asm_inthandler27
                0x0000000000283b32                _asm_inthandler2c
                0x0000000000283b4d                _memtest_sub
                0x0000000000283b8f                _farjmp
 .text          0x0000000000283b94        0x0 font_8x16.o
 .text          0x0000000000283b94      0x41f libc/libc.a(sprintf.o)
                0x0000000000283e7c                sprintf

.iplt           0x0000000000283fb3        0x0
 .iplt          0x0000000000283fb3        0x0 bootpack.o

.rodata         0x0000000000283fc0     0x1060
 .rodata        0x0000000000283fc0       0x37 bootpack.o
 .rodata        0x0000000000283ff7       0x15 int.o
 *fill*         0x000000000028400c       0x14 
 .rodata        0x0000000000284020     0x1000 font_8x16.o
                0x0000000000284020                fontdata_8x16

.rel.dyn        0x0000000000285020        0x0
 .rel.got       0x0000000000285020        0x0 bootpack.o
 .rel.iplt      0x0000000000285020        0x0 bootpack.o
 .rel.text      0x0000000000285020        0x0 bootpack.o

.data           0x0000000000285020      0x320
 *(.data)
 .data          0x0000000000285020      0x1e0 bootpack.o
 .data          0x0000000000285200        0x0 dsctbl.o
 .data          0x0000000000285200      0x140 graphics.o
 .data          0x0000000000285340        0x0 int.o
 .data          0x0000000000285340        0x0 fifo.o
 .data          0x0000000000285340        0x0 mouse.o
 .data          0x0000000000285340        0x0 keyboard.o
 .data          0x0000000000285340        0x0 memory.o
 .data          0x0000000000285340        0x0 sheet.o
 .data          0x0000000000285340        0x0 timer.o
 .data          0x0000000000285340        0x0 mtask.o
 .data          0x0000000000285340        0x0 naskfunc.o
 .data          0x0000000000285340        0x0 font_8x16.o
 .data          0x0000000000285340        0x0 libc/libc.a(sprintf.o)

.got            0x0000000000285340        0x0
 .got           0x0000000000285340        0x0 bootpack.o

.got.plt        0x0000000000285340        0x0
 .got.plt       0x0000000000285340        0x0 bootpack.o

.igot.plt       0x0000000000285340        0x0
 .igot.plt      0x0000000000285340        0x0 bootpack.o

.bss            0x0000000000285340     0x2744
 *(.bss)
 .bss           0x0000000000285340        0x0 bootpack.o
 .bss           0x0000000000285340        0x0 dsctbl.o
 .bss           0x0000000000285340        0x0 graphics.o
 .bss           0x0000000000285340        0x0 int.o
 .bss           0x0000000000285340        0x0 fifo.o
 .bss           0x0000000000285340        0x0 mouse.o
 .bss           0x0000000000285340        0x0 keyboard.o
 .bss           0x0000000000285340        0x0 memory.o
 .bss           0x0000000000285340        0x0 sheet.o
 .bss           0x0000000000285340        0x0 timer.o
 .bss           0x0000000000285340        0x0 mtask.o
 .bss           0x0000000000285340        0x0 naskfunc.o
 .bss           0x0000000000285340        0x0 font_8x16.o
 .bss           0x0000000000285340        0x0 libc/libc.a(sprintf.o)
 COMMON         0x0000000000285340        0x8 mouse.o
                0x0000000000285340                mousedata0
                0x0000000000285344                mousefifo
 COMMON         0x0000000000285348        0x8 keyboard.o
                0x0000000000285348                keyfifo
                0x000000000028534c                keydata0
 *fill*         0x0000000000285350       0x10 
 COMMON         0x0000000000285360     0x271c timer.o
                0x0000000000285360                timerctl
 COMMON         0x0000000000287a7c        0x8 mtask.o
                0x0000000000287a7c                taskctl
                0x0000000000287a80                task_timer
LOAD libc/libc.a
OUTPUT(kernel.elf elf32-i386)

.comment        0x0000000000000000       0x11
 .comment       0x0000000000000000       0x11 bootpack.o
                                         0x12 (size before relaxing)
 .comment       0x0000000000000011       0x12 dsctbl.o
 .comment       0x0000000000000011       0x12 graphics.o
 .comment       0x0000000000000011       0x12 int.o
 .comment       0x0000000000000011       0x12 fifo.o
 .comment       0x0000000000000011       0x12 mouse.o
 .comment       0x0000000000000011       0x12 keyboard.o
 .comment       0x0000000000000011       0x12 memory.o
 .comment       0x0000000000000011       0x12 sheet.o
 .comment       0x0000000000000011       0x12 timer.o
 .comment       0x0000000000000011       0x12 mtask.o
 .comment       0x0000000000000011       0x12 font_8x16.o
 .comment       0x0000000000000011       0x12 libc/libc.a(sprintf.o)

.note.GNU-stack
                0x0000000000000000        0x0
 .note.GNU-stack
                0x0000000000000000        0x0 bootpack.o
 .note.GNU-stack
                0x0000000000000000        0x0 dsctbl.o
 .note.GNU-stack
                0x0000000000000000        0x0 graphics.o
 .note.GNU-stack
                0x0000000000000000        0x0 int.o
 .note.GNU-stack
                0x0000000000000000        0x0 fifo.o
 .note.GNU-stack
                0x0000000000000000        0x0 mouse.o
 .note.GNU-stack
                0x0000000000000000        0x0 keyboard.o
 .note.GNU-stack
                0x0000000000000000        0x0 memory.o
 .note.GNU-stack
                0x0000000000000000        0x0 sheet.o
 .note.GNU-stack
                0x0000000000000000        0x0 timer.o
 .note.GNU-stack
                0x0000000000000000        0x0 mtask.o
 .note.GNU-stack
                0x0000000000000000        0x0 font_8x16.o
 .note.GNU-stack
                0x0000000000000000        0x0 libc/libc.a(sprintf.o)
