Archive member included to satisfy reference by file (symbol)

libc/libc.a(sprintf.o)        bootpack.o (sprintf)

Allocating common symbols
Common symbol       size              file

keyfifo             0x18              keyboard.o
mousefifo           0x18              mouse.o

Memory Configuration

Name             Origin             Length             Attributes
*default*        0x0000000000000000 0xffffffffffffffff

Linker script and memory map

LOAD bootpack.o
LOAD dsctbl.o
LOAD graphics.o
LOAD int.o
LOAD fifo.o
LOAD mouse.o
LOAD keyboard.o
LOAD naskfunc.o
LOAD font_8x16.o
                0x0000000000280000                . = 0x280000

.text           0x0000000000280000     0x176c
 *(.text)
 .text          0x0000000000280000      0x600 bootpack.o
                0x0000000000280000                HariMain
                0x00000000002804ba                memtest
                0x000000000028056f                memtest_sub
 .text          0x0000000000280600      0x1f3 dsctbl.o
                0x0000000000280600                init_gdtidt
                0x0000000000280733                set_segmdesc
                0x00000000002807ae                set_gatedesc
 .text          0x00000000002807f3      0x5ce graphics.o
                0x00000000002807f3                init_palette
                0x0000000000280810                set_palette
                0x00000000002808bc                boxfill8
                0x000000000028090e                init_screen8
                0x0000000000280b2b                putfont8
                0x0000000000280c2d                putfonts8_asc
                0x0000000000280c7c                init_mouse_cursor8
                0x0000000000280d52                putblock8_8
 .text          0x0000000000280dc1      0x122 int.o
                0x0000000000280dc1                init_pic
                0x0000000000280e9c                inthandler27
 .text          0x0000000000280ee3      0x143 fifo.o
                0x0000000000280ee3                fifo8_init
                0x0000000000280f21                fifo8_put
                0x0000000000280fa1                fifo8_get
                0x0000000000281011                fifo8_status
 .text          0x0000000000281026      0x1cc mouse.o
                0x0000000000281026                inthandler2c
                0x0000000000281075                enable_mouse
                0x00000000002810b3                mouse_decode
 .text          0x00000000002811f2       0x8e keyboard.o
                0x00000000002811f2                inthandler21
                0x000000000028122f                wait_KBC_sendready
                0x000000000028124f                init_keyboard
 .text          0x0000000000281280       0xcd naskfunc.o
                0x0000000000281280                _io_hlt
                0x0000000000281282                _io_cli
                0x0000000000281284                _io_sti
                0x0000000000281286                _io_stihlt
                0x0000000000281289                _io_in8
                0x0000000000281294                _io_in16
                0x00000000002812a0                _io_in32
                0x00000000002812a6                _io_out8
                0x00000000002812b0                _io_out16
                0x00000000002812bc                _io_out32
                0x00000000002812c6                _io_load_eflags
                0x00000000002812c9                _io_store_eflags
                0x00000000002812d0                _load_gdtr
                0x00000000002812e0                _load_idtr
                0x00000000002812f0                _load_cr0
                0x00000000002812f4                _store_cr0
                0x00000000002812fc                _asm_inthandler21
                0x0000000000281317                _asm_inthandler27
                0x0000000000281332                _asm_inthandler2c
 .text          0x000000000028134d        0x0 font_8x16.o
 .text          0x000000000028134d      0x41f libc/libc.a(sprintf.o)
                0x0000000000281635                sprintf

.iplt           0x0000000000281770        0x0
 .iplt          0x0000000000281770        0x0 libc/libc.a(sprintf.o)

.rodata         0x0000000000281780     0x1040
 .rodata        0x0000000000281780       0x2a bootpack.o
 .rodata        0x00000000002817aa       0x15 int.o
 *fill*         0x00000000002817bf        0x1 
 .rodata        0x00000000002817c0     0x1000 font_8x16.o
                0x00000000002817c0                fontdata_8x16

.note.gnu.property
                0x00000000002827c0       0x1c
 .note.gnu.property
                0x00000000002827c0       0x1c libc/libc.a(sprintf.o)

.rel.dyn        0x00000000002827dc        0x0
 .rel.got       0x00000000002827dc        0x0 libc/libc.a(sprintf.o)
 .rel.iplt      0x00000000002827dc        0x0 libc/libc.a(sprintf.o)
 .rel.text      0x00000000002827dc        0x0 libc/libc.a(sprintf.o)

.data           0x00000000002827e0      0x140
 *(.data)
 .data          0x00000000002827e0        0x0 bootpack.o
 .data          0x00000000002827e0        0x0 dsctbl.o
 .data          0x00000000002827e0      0x140 graphics.o
 .data          0x0000000000282920        0x0 int.o
 .data          0x0000000000282920        0x0 fifo.o
 .data          0x0000000000282920        0x0 mouse.o
 .data          0x0000000000282920        0x0 keyboard.o
 .data          0x0000000000282920        0x0 naskfunc.o
 .data          0x0000000000282920        0x0 font_8x16.o
 .data          0x0000000000282920        0x0 libc/libc.a(sprintf.o)

.got            0x0000000000282920        0x0
 .got           0x0000000000282920        0x0 libc/libc.a(sprintf.o)

.got.plt        0x0000000000282920        0x0
 .got.plt       0x0000000000282920        0x0 libc/libc.a(sprintf.o)

.igot.plt       0x0000000000282920        0x0
 .igot.plt      0x0000000000282920        0x0 libc/libc.a(sprintf.o)

.bss            0x0000000000282920       0x30
 *(.bss)
 .bss           0x0000000000282920        0x0 bootpack.o
 .bss           0x0000000000282920        0x0 dsctbl.o
 .bss           0x0000000000282920        0x0 graphics.o
 .bss           0x0000000000282920        0x0 int.o
 .bss           0x0000000000282920        0x0 fifo.o
 .bss           0x0000000000282920        0x0 mouse.o
 .bss           0x0000000000282920        0x0 keyboard.o
 .bss           0x0000000000282920        0x0 naskfunc.o
 .bss           0x0000000000282920        0x0 font_8x16.o
 .bss           0x0000000000282920        0x0 libc/libc.a(sprintf.o)
 COMMON         0x0000000000282920       0x18 mouse.o
                0x0000000000282920                mousefifo
 COMMON         0x0000000000282938       0x18 keyboard.o
                0x0000000000282938                keyfifo
LOAD libc/libc.a
OUTPUT(kernel.elf elf32-i386)

.comment        0x0000000000000000       0x1a
 .comment       0x0000000000000000       0x1a bootpack.o
                                         0x1b (size before relaxing)
 .comment       0x000000000000001a       0x1b dsctbl.o
 .comment       0x000000000000001a       0x1b graphics.o
 .comment       0x000000000000001a       0x1b int.o
 .comment       0x000000000000001a       0x1b fifo.o
 .comment       0x000000000000001a       0x1b mouse.o
 .comment       0x000000000000001a       0x1b keyboard.o
 .comment       0x000000000000001a       0x1b font_8x16.o
 .comment       0x000000000000001a       0x1b libc/libc.a(sprintf.o)

.note.GNU-stack
                0x0000000000000000        0x0
 .note.GNU-stack
                0x0000000000000000        0x0 bootpack.o
 .note.GNU-stack
                0x0000000000000000        0x0 dsctbl.o
 .note.GNU-stack
                0x0000000000000000        0x0 graphics.o
 .note.GNU-stack
                0x0000000000000000        0x0 int.o
 .note.GNU-stack
                0x0000000000000000        0x0 fifo.o
 .note.GNU-stack
                0x0000000000000000        0x0 mouse.o
 .note.GNU-stack
                0x0000000000000000        0x0 keyboard.o
 .note.GNU-stack
                0x0000000000000000        0x0 font_8x16.o
 .note.GNU-stack
                0x0000000000000000        0x0 libc/libc.a(sprintf.o)
