Archive member included to satisfy reference by file (symbol)

libc/libc.a(sprintf.o)        bootpack.o (sprintf)

Allocating common symbols
Common symbol       size              file

keyfifo             0x18              keyboard.o
timerctl            0x10              timer.o
mousefifo           0x18              mouse.o

Memory Configuration

Name             Origin             Length             Attributes
*default*        0x0000000000000000 0xffffffffffffffff

Linker script and memory map

LOAD bootpack.o
LOAD dsctbl.o
LOAD graphics.o
LOAD int.o
LOAD fifo.o
LOAD mouse.o
LOAD keyboard.o
LOAD memory.o
LOAD sheet.o
LOAD timer.o
LOAD naskfunc.o
LOAD font_8x16.o
                0x0000000000280000                . = 0x280000

.text           0x0000000000280000     0x2b20
 *(.text)
 .text          0x0000000000280000      0x972 bootpack.o
                0x0000000000280000                HariMain
                0x0000000000280754                make_window8
 .text          0x0000000000280972      0x211 dsctbl.o
                0x0000000000280972                init_gdtidt
                0x0000000000280ac3                set_segmdesc
                0x0000000000280b3e                set_gatedesc
 .text          0x0000000000280b83      0x5ce graphics.o
                0x0000000000280b83                init_palette
                0x0000000000280ba0                set_palette
                0x0000000000280c4c                boxfill8
                0x0000000000280c9e                init_screen8
                0x0000000000280ebb                putfont8
                0x0000000000280fbd                putfonts8_asc
                0x000000000028100c                init_mouse_cursor8
                0x00000000002810e2                putblock8_8
 .text          0x0000000000281151      0x122 int.o
                0x0000000000281151                init_pic
                0x000000000028122c                inthandler27
 .text          0x0000000000281273      0x143 fifo.o
                0x0000000000281273                fifo8_init
                0x00000000002812b1                fifo8_put
                0x0000000000281331                fifo8_get
                0x00000000002813a1                fifo8_status
 .text          0x00000000002813b6      0x1cc mouse.o
                0x00000000002813b6                inthandler2c
                0x0000000000281405                enable_mouse
                0x0000000000281443                mouse_decode
 .text          0x0000000000281582       0x8e keyboard.o
                0x0000000000281582                inthandler21
                0x00000000002815bf                wait_KBC_sendready
                0x00000000002815df                init_keyboard
 .text          0x0000000000281610      0x4b1 memory.o
                0x0000000000281610                memtest
                0x00000000002816c7                memman_init
                0x00000000002816f4                memman_total
                0x000000000028172d                memman_alloc
                0x0000000000281816                memman_free
                0x0000000000281a66                memman_alloc_4k
                0x0000000000281a92                memman_free_4k
 .text          0x0000000000281ac1      0xa25 sheet.o
                0x0000000000281ac1                shtctl_init
                0x0000000000281ba4                sheet_alloc
                0x0000000000281c1b                sheet_setbuf
                0x0000000000281c44                sheet_refreshmap
                0x0000000000281df8                sheet_refreshsub
                0x0000000000281fc4                sheet_updown
                0x000000000028233b                sheet_refresh
                0x00000000002823ac                sheet_slide
                0x00000000002824bf                sheet_free
 .text          0x00000000002824e6       0xf1 timer.o
                0x00000000002824e6                init_pit
                0x0000000000282533                inthandler20
                0x0000000000282594                settimer
 .text          0x00000000002825d7      0x12a naskfunc.o
                0x00000000002825d7                _io_hlt
                0x00000000002825d9                _io_cli
                0x00000000002825db                _io_sti
                0x00000000002825dd                _io_stihlt
                0x00000000002825e0                _io_in8
                0x00000000002825eb                _io_in16
                0x00000000002825f7                _io_in32
                0x00000000002825fd                _io_out8
                0x0000000000282607                _io_out16
                0x0000000000282613                _io_out32
                0x000000000028261d                _io_load_eflags
                0x0000000000282620                _io_store_eflags
                0x0000000000282627                _load_gdtr
                0x0000000000282637                _load_idtr
                0x0000000000282647                _load_cr0
                0x000000000028264b                _store_cr0
                0x0000000000282653                _asm_inthandler20
                0x000000000028266e                _asm_inthandler21
                0x0000000000282689                _asm_inthandler27
                0x00000000002826a4                _asm_inthandler2c
                0x00000000002826bf                _memtest_sub
 .text          0x0000000000282701        0x0 font_8x16.o
 .text          0x0000000000282701      0x41f libc/libc.a(sprintf.o)
                0x00000000002829e9                sprintf

.iplt           0x0000000000282b20        0x0
 .iplt          0x0000000000282b20        0x0 libc/libc.a(sprintf.o)

.rodata         0x0000000000282b20     0x1080
 .rodata        0x0000000000282b20       0x4d bootpack.o
 .rodata        0x0000000000282b6d       0x15 int.o
 *fill*         0x0000000000282b82       0x1e 
 .rodata        0x0000000000282ba0     0x1000 font_8x16.o
                0x0000000000282ba0                fontdata_8x16

.note.gnu.property
                0x0000000000283ba0       0x1c
 .note.gnu.property
                0x0000000000283ba0       0x1c libc/libc.a(sprintf.o)

.rel.dyn        0x0000000000283bbc        0x0
 .rel.got       0x0000000000283bbc        0x0 libc/libc.a(sprintf.o)
 .rel.iplt      0x0000000000283bbc        0x0 libc/libc.a(sprintf.o)
 .rel.text      0x0000000000283bbc        0x0 libc/libc.a(sprintf.o)

.data           0x0000000000283bc0      0x220
 *(.data)
 .data          0x0000000000283bc0       0xe0 bootpack.o
 .data          0x0000000000283ca0        0x0 dsctbl.o
 .data          0x0000000000283ca0      0x140 graphics.o
 .data          0x0000000000283de0        0x0 int.o
 .data          0x0000000000283de0        0x0 fifo.o
 .data          0x0000000000283de0        0x0 mouse.o
 .data          0x0000000000283de0        0x0 keyboard.o
 .data          0x0000000000283de0        0x0 memory.o
 .data          0x0000000000283de0        0x0 sheet.o
 .data          0x0000000000283de0        0x0 timer.o
 .data          0x0000000000283de0        0x0 naskfunc.o
 .data          0x0000000000283de0        0x0 font_8x16.o
 .data          0x0000000000283de0        0x0 libc/libc.a(sprintf.o)

.got            0x0000000000283de0        0x0
 .got           0x0000000000283de0        0x0 libc/libc.a(sprintf.o)

.got.plt        0x0000000000283de0        0x0
 .got.plt       0x0000000000283de0        0x0 libc/libc.a(sprintf.o)

.igot.plt       0x0000000000283de0        0x0
 .igot.plt      0x0000000000283de0        0x0 libc/libc.a(sprintf.o)

.bss            0x0000000000283de0       0x40
 *(.bss)
 .bss           0x0000000000283de0        0x0 bootpack.o
 .bss           0x0000000000283de0        0x0 dsctbl.o
 .bss           0x0000000000283de0        0x0 graphics.o
 .bss           0x0000000000283de0        0x0 int.o
 .bss           0x0000000000283de0        0x0 fifo.o
 .bss           0x0000000000283de0        0x0 mouse.o
 .bss           0x0000000000283de0        0x0 keyboard.o
 .bss           0x0000000000283de0        0x0 memory.o
 .bss           0x0000000000283de0        0x0 sheet.o
 .bss           0x0000000000283de0        0x0 timer.o
 .bss           0x0000000000283de0        0x0 naskfunc.o
 .bss           0x0000000000283de0        0x0 font_8x16.o
 .bss           0x0000000000283de0        0x0 libc/libc.a(sprintf.o)
 COMMON         0x0000000000283de0       0x18 mouse.o
                0x0000000000283de0                mousefifo
 COMMON         0x0000000000283df8       0x18 keyboard.o
                0x0000000000283df8                keyfifo
 COMMON         0x0000000000283e10       0x10 timer.o
                0x0000000000283e10                timerctl
LOAD libc/libc.a
OUTPUT(kernel.elf elf32-i386)

.comment        0x0000000000000000       0x1a
 .comment       0x0000000000000000       0x1a bootpack.o
                                         0x1b (size before relaxing)
 .comment       0x000000000000001a       0x1b dsctbl.o
 .comment       0x000000000000001a       0x1b graphics.o
 .comment       0x000000000000001a       0x1b int.o
 .comment       0x000000000000001a       0x1b fifo.o
 .comment       0x000000000000001a       0x1b mouse.o
 .comment       0x000000000000001a       0x1b keyboard.o
 .comment       0x000000000000001a       0x1b memory.o
 .comment       0x000000000000001a       0x1b sheet.o
 .comment       0x000000000000001a       0x1b timer.o
 .comment       0x000000000000001a       0x1b font_8x16.o
 .comment       0x000000000000001a       0x1b libc/libc.a(sprintf.o)

.note.GNU-stack
                0x0000000000000000        0x0
 .note.GNU-stack
                0x0000000000000000        0x0 bootpack.o
 .note.GNU-stack
                0x0000000000000000        0x0 dsctbl.o
 .note.GNU-stack
                0x0000000000000000        0x0 graphics.o
 .note.GNU-stack
                0x0000000000000000        0x0 int.o
 .note.GNU-stack
                0x0000000000000000        0x0 fifo.o
 .note.GNU-stack
                0x0000000000000000        0x0 mouse.o
 .note.GNU-stack
                0x0000000000000000        0x0 keyboard.o
 .note.GNU-stack
                0x0000000000000000        0x0 memory.o
 .note.GNU-stack
                0x0000000000000000        0x0 sheet.o
 .note.GNU-stack
                0x0000000000000000        0x0 timer.o
 .note.GNU-stack
                0x0000000000000000        0x0 font_8x16.o
 .note.GNU-stack
                0x0000000000000000        0x0 libc/libc.a(sprintf.o)
