Archive member included to satisfy reference by file (symbol)

libc/libc.a(sprintf.o)        bootpack.o (sprintf)

Allocating common symbols
Common symbol       size              file

keybuf              0x2               int.o

Memory Configuration

Name             Origin             Length             Attributes
*default*        0x0000000000000000 0xffffffffffffffff

Linker script and memory map

LOAD bootpack.o
LOAD dsctbl.o
LOAD graphics.o
LOAD int.o
LOAD naskfunc.o
LOAD font_8x16.o
                0x0000000000280000                . = 0x280000

.text           0x0000000000280000      0xe1a
 *(.text)
 .text          0x0000000000280000      0x1ba bootpack.o
                0x0000000000280000                HariMain
 .text          0x00000000002801ba      0x1f3 dsctbl.o
                0x00000000002801ba                init_gdtidt
                0x00000000002802ed                set_segmdesc
                0x0000000000280368                set_gatedesc
 .text          0x00000000002803ad      0x5ce graphics.o
                0x00000000002803ad                init_palette
                0x00000000002803ca                set_palette
                0x0000000000280476                boxfill8
                0x00000000002804c8                init_screen8
                0x00000000002806e5                putfont8
                0x00000000002807e7                putfonts8_asc
                0x0000000000280836                init_mouse_cursor8
                0x000000000028090c                putblock8_8
 .text          0x000000000028097b      0x1cc int.o
                0x000000000028097b                init_pic
                0x0000000000280a56                inthandler21
                0x0000000000280a9a                inthandler2c
                0x0000000000280b00                inthandler27
 .text          0x0000000000280b47       0xc1 naskfunc.o
                0x0000000000280b47                _io_hlt
                0x0000000000280b49                _io_cli
                0x0000000000280b4b                _io_sti
                0x0000000000280b4d                _io_stihlt
                0x0000000000280b50                _io_in8
                0x0000000000280b5b                _io_in16
                0x0000000000280b67                _io_in32
                0x0000000000280b6d                _io_out8
                0x0000000000280b77                _io_out16
                0x0000000000280b83                _io_out32
                0x0000000000280b8d                _io_load_eflags
                0x0000000000280b90                _io_store_eflags
                0x0000000000280b97                _load_gdtr
                0x0000000000280ba7                _load_idtr
                0x0000000000280bb7                _asm_inthandler21
                0x0000000000280bd2                _asm_inthandler27
                0x0000000000280bed                _asm_inthandler2c
 .text          0x0000000000280c08        0x0 font_8x16.o
 .text          0x0000000000280c08      0x212 libc/libc.a(sprintf.o)
                0x0000000000280d4f                sprintf

.iplt           0x0000000000280e20        0x0
 .iplt          0x0000000000280e20        0x0 libc/libc.a(sprintf.o)

.rodata         0x0000000000280e20     0x1040
 .rodata        0x0000000000280e20        0xe bootpack.o
 .rodata        0x0000000000280e2e       0x32 int.o
 .rodata        0x0000000000280e60     0x1000 font_8x16.o
                0x0000000000280e60                fontdata_8x16

.note.gnu.property
                0x0000000000281e60       0x1c
 .note.gnu.property
                0x0000000000281e60       0x1c libc/libc.a(sprintf.o)

.rel.dyn        0x0000000000281e7c        0x0
 .rel.got       0x0000000000281e7c        0x0 libc/libc.a(sprintf.o)
 .rel.iplt      0x0000000000281e7c        0x0 libc/libc.a(sprintf.o)
 .rel.text      0x0000000000281e7c        0x0 libc/libc.a(sprintf.o)

.data           0x0000000000281e80      0x140
 *(.data)
 .data          0x0000000000281e80        0x0 bootpack.o
 .data          0x0000000000281e80        0x0 dsctbl.o
 .data          0x0000000000281e80      0x140 graphics.o
 .data          0x0000000000281fc0        0x0 int.o
 .data          0x0000000000281fc0        0x0 naskfunc.o
 .data          0x0000000000281fc0        0x0 font_8x16.o
 .data          0x0000000000281fc0        0x0 libc/libc.a(sprintf.o)

.got            0x0000000000281fc0        0x0
 .got           0x0000000000281fc0        0x0 libc/libc.a(sprintf.o)

.got.plt        0x0000000000281fc0        0x0
 .got.plt       0x0000000000281fc0        0x0 libc/libc.a(sprintf.o)

.igot.plt       0x0000000000281fc0        0x0
 .igot.plt      0x0000000000281fc0        0x0 libc/libc.a(sprintf.o)

.bss            0x0000000000281fc0        0x2
 *(.bss)
 .bss           0x0000000000281fc0        0x0 bootpack.o
 .bss           0x0000000000281fc0        0x0 dsctbl.o
 .bss           0x0000000000281fc0        0x0 graphics.o
 .bss           0x0000000000281fc0        0x0 int.o
 .bss           0x0000000000281fc0        0x0 naskfunc.o
 .bss           0x0000000000281fc0        0x0 font_8x16.o
 .bss           0x0000000000281fc0        0x0 libc/libc.a(sprintf.o)
 COMMON         0x0000000000281fc0        0x2 int.o
                0x0000000000281fc0                keybuf
LOAD libc/libc.a
OUTPUT(kernel.elf elf32-i386)

.comment        0x0000000000000000       0x1a
 .comment       0x0000000000000000       0x1a bootpack.o
                                         0x1b (size before relaxing)
 .comment       0x000000000000001a       0x1b dsctbl.o
 .comment       0x000000000000001a       0x1b graphics.o
 .comment       0x000000000000001a       0x1b int.o
 .comment       0x000000000000001a       0x1b font_8x16.o
 .comment       0x000000000000001a       0x1b libc/libc.a(sprintf.o)

.note.GNU-stack
                0x0000000000000000        0x0
 .note.GNU-stack
                0x0000000000000000        0x0 bootpack.o
 .note.GNU-stack
                0x0000000000000000        0x0 dsctbl.o
 .note.GNU-stack
                0x0000000000000000        0x0 graphics.o
 .note.GNU-stack
                0x0000000000000000        0x0 int.o
 .note.GNU-stack
                0x0000000000000000        0x0 font_8x16.o
 .note.GNU-stack
                0x0000000000000000        0x0 libc/libc.a(sprintf.o)
