Archive member included to satisfy reference by file (symbol)

libc/libc.a(sprintf.o)        bootpack.o (sprintf)

Allocating common symbols
Common symbol       size              file

mousedata0          0x4               mouse.o
keyfifo             0x4               keyboard.o
mt_timer            0x4               mtask.o
timerctl            0x271c            timer.o
mousefifo           0x4               mouse.o
mt_tr               0x4               mtask.o
keydata0            0x4               keyboard.o

Memory Configuration

Name             Origin             Length             Attributes
*default*        0x0000000000000000 0xffffffffffffffff

Linker script and memory map

LOAD bootpack.o
LOAD dsctbl.o
LOAD graphics.o
LOAD int.o
LOAD fifo.o
LOAD mouse.o
LOAD keyboard.o
LOAD memory.o
LOAD sheet.o
LOAD timer.o
LOAD mtask.o
LOAD naskfunc.o
LOAD font_8x16.o
                0x0000000000280000                . = 0x280000

.text           0x0000000000280000     0x33a0
 *(.text)
 .text          0x0000000000280000      0xf97 bootpack.o
                0x0000000000280000                HariMain
                0x000000000028095b                make_window8
                0x0000000000280b79                putfonts8_asc_sht
                0x0000000000280c18                make_textbox8
                0x0000000000280e17                task_b_main
 .text          0x0000000000280f97      0x211 dsctbl.o
                0x0000000000280f97                init_gdtidt
                0x00000000002810e8                set_segmdesc
                0x0000000000281163                set_gatedesc
 .text          0x00000000002811a8      0x5ce graphics.o
                0x00000000002811a8                init_palette
                0x00000000002811c5                set_palette
                0x0000000000281271                boxfill8
                0x00000000002812c3                init_screen8
                0x00000000002814e0                putfont8
                0x00000000002815e2                putfonts8_asc
                0x0000000000281631                init_mouse_cursor8
                0x0000000000281707                putblock8_8
 .text          0x0000000000281776      0x122 int.o
                0x0000000000281776                init_pic
                0x0000000000281851                inthandler27
 .text          0x0000000000281898      0x13b fifo.o
                0x0000000000281898                fifo32_init
                0x00000000002818d6                fifo32_put
                0x000000000028194f                fifo32_get
                0x00000000002819be                fifo32_status
 .text          0x00000000002819d3      0x1e4 mouse.o
                0x00000000002819d3                inthandler2c
                0x0000000000281a2a                enable_mouse
                0x0000000000281a78                mouse_decode
 .text          0x0000000000281bb7       0xa6 keyboard.o
                0x0000000000281bb7                inthandler21
                0x0000000000281bfc                wait_KBC_sendready
                0x0000000000281c1c                init_keyboard
 .text          0x0000000000281c5d      0x4b1 memory.o
                0x0000000000281c5d                memtest
                0x0000000000281d14                memman_init
                0x0000000000281d41                memman_total
                0x0000000000281d7a                memman_alloc
                0x0000000000281e63                memman_free
                0x00000000002820b3                memman_alloc_4k
                0x00000000002820df                memman_free_4k
 .text          0x000000000028210e      0xa25 sheet.o
                0x000000000028210e                shtctl_init
                0x00000000002821f1                sheet_alloc
                0x0000000000282268                sheet_setbuf
                0x0000000000282291                sheet_refreshmap
                0x0000000000282445                sheet_refreshsub
                0x0000000000282611                sheet_updown
                0x0000000000282988                sheet_refresh
                0x00000000002829f9                sheet_slide
                0x0000000000282b0c                sheet_free
 .text          0x0000000000282b33      0x29a timer.o
                0x0000000000282b33                init_pit
                0x0000000000282bdb                timer_alloc
                0x0000000000282c45                timer_free
                0x0000000000282c55                timer_init
                0x0000000000282c6d                timer_settime
                0x0000000000282d1c                inthandler20
 .text          0x0000000000282dcd       0x7f mtask.o
                0x0000000000282dcd                mt_init
                0x0000000000282dfd                mt_taskswitch
 .text          0x0000000000282e4c      0x135 naskfunc.o
                0x0000000000282e4c                _io_hlt
                0x0000000000282e4e                _io_cli
                0x0000000000282e50                _io_sti
                0x0000000000282e52                _io_stihlt
                0x0000000000282e55                _io_in8
                0x0000000000282e60                _io_in16
                0x0000000000282e6c                _io_in32
                0x0000000000282e72                _io_out8
                0x0000000000282e7c                _io_out16
                0x0000000000282e88                _io_out32
                0x0000000000282e92                _io_load_eflags
                0x0000000000282e95                _io_store_eflags
                0x0000000000282e9c                _load_gdtr
                0x0000000000282eac                _load_idtr
                0x0000000000282ebc                _load_cr0
                0x0000000000282ec0                _store_cr0
                0x0000000000282ec8                _load_tr
                0x0000000000282ece                _asm_inthandler20
                0x0000000000282ee9                _asm_inthandler21
                0x0000000000282f04                _asm_inthandler27
                0x0000000000282f1f                _asm_inthandler2c
                0x0000000000282f3a                _memtest_sub
                0x0000000000282f7c                _farjmp
 .text          0x0000000000282f81        0x0 font_8x16.o
 .text          0x0000000000282f81      0x41f libc/libc.a(sprintf.o)
                0x0000000000283269                sprintf

.iplt           0x00000000002833a0        0x0
 .iplt          0x00000000002833a0        0x0 libc/libc.a(sprintf.o)

.rodata         0x00000000002833a0     0x1080
 .rodata        0x00000000002833a0       0x55 bootpack.o
 .rodata        0x00000000002833f5       0x15 int.o
 *fill*         0x000000000028340a       0x16 
 .rodata        0x0000000000283420     0x1000 font_8x16.o
                0x0000000000283420                fontdata_8x16

.note.gnu.property
                0x0000000000284420       0x1c
 .note.gnu.property
                0x0000000000284420       0x1c libc/libc.a(sprintf.o)

.rel.dyn        0x000000000028443c        0x0
 .rel.got       0x000000000028443c        0x0 libc/libc.a(sprintf.o)
 .rel.iplt      0x000000000028443c        0x0 libc/libc.a(sprintf.o)
 .rel.text      0x000000000028443c        0x0 libc/libc.a(sprintf.o)

.data           0x0000000000284440      0x280
 *(.data)
 .data          0x0000000000284440      0x140 bootpack.o
 .data          0x0000000000284580        0x0 dsctbl.o
 .data          0x0000000000284580      0x140 graphics.o
 .data          0x00000000002846c0        0x0 int.o
 .data          0x00000000002846c0        0x0 fifo.o
 .data          0x00000000002846c0        0x0 mouse.o
 .data          0x00000000002846c0        0x0 keyboard.o
 .data          0x00000000002846c0        0x0 memory.o
 .data          0x00000000002846c0        0x0 sheet.o
 .data          0x00000000002846c0        0x0 timer.o
 .data          0x00000000002846c0        0x0 mtask.o
 .data          0x00000000002846c0        0x0 naskfunc.o
 .data          0x00000000002846c0        0x0 font_8x16.o
 .data          0x00000000002846c0        0x0 libc/libc.a(sprintf.o)

.got            0x00000000002846c0        0x0
 .got           0x00000000002846c0        0x0 libc/libc.a(sprintf.o)

.got.plt        0x00000000002846c0        0x0
 .got.plt       0x00000000002846c0        0x0 libc/libc.a(sprintf.o)

.igot.plt       0x00000000002846c0        0x0
 .igot.plt      0x00000000002846c0        0x0 libc/libc.a(sprintf.o)

.bss            0x00000000002846c0     0x2744
 *(.bss)
 .bss           0x00000000002846c0        0x0 bootpack.o
 .bss           0x00000000002846c0        0x0 dsctbl.o
 .bss           0x00000000002846c0        0x0 graphics.o
 .bss           0x00000000002846c0        0x0 int.o
 .bss           0x00000000002846c0        0x0 fifo.o
 .bss           0x00000000002846c0        0x0 mouse.o
 .bss           0x00000000002846c0        0x0 keyboard.o
 .bss           0x00000000002846c0        0x0 memory.o
 .bss           0x00000000002846c0        0x0 sheet.o
 .bss           0x00000000002846c0        0x0 timer.o
 .bss           0x00000000002846c0        0x0 mtask.o
 .bss           0x00000000002846c0        0x0 naskfunc.o
 .bss           0x00000000002846c0        0x0 font_8x16.o
 .bss           0x00000000002846c0        0x0 libc/libc.a(sprintf.o)
 COMMON         0x00000000002846c0        0x8 mouse.o
                0x00000000002846c0                mousedata0
                0x00000000002846c4                mousefifo
 COMMON         0x00000000002846c8        0x8 keyboard.o
                0x00000000002846c8                keyfifo
                0x00000000002846cc                keydata0
 *fill*         0x00000000002846d0       0x10 
 COMMON         0x00000000002846e0     0x271c timer.o
                0x00000000002846e0                timerctl
 COMMON         0x0000000000286dfc        0x8 mtask.o
                0x0000000000286dfc                mt_timer
                0x0000000000286e00                mt_tr
LOAD libc/libc.a
OUTPUT(kernel.elf elf32-i386)

.comment        0x0000000000000000       0x1a
 .comment       0x0000000000000000       0x1a bootpack.o
                                         0x1b (size before relaxing)
 .comment       0x000000000000001a       0x1b dsctbl.o
 .comment       0x000000000000001a       0x1b graphics.o
 .comment       0x000000000000001a       0x1b int.o
 .comment       0x000000000000001a       0x1b fifo.o
 .comment       0x000000000000001a       0x1b mouse.o
 .comment       0x000000000000001a       0x1b keyboard.o
 .comment       0x000000000000001a       0x1b memory.o
 .comment       0x000000000000001a       0x1b sheet.o
 .comment       0x000000000000001a       0x1b timer.o
 .comment       0x000000000000001a       0x1b mtask.o
 .comment       0x000000000000001a       0x1b font_8x16.o
 .comment       0x000000000000001a       0x1b libc/libc.a(sprintf.o)

.note.GNU-stack
                0x0000000000000000        0x0
 .note.GNU-stack
                0x0000000000000000        0x0 bootpack.o
 .note.GNU-stack
                0x0000000000000000        0x0 dsctbl.o
 .note.GNU-stack
                0x0000000000000000        0x0 graphics.o
 .note.GNU-stack
                0x0000000000000000        0x0 int.o
 .note.GNU-stack
                0x0000000000000000        0x0 fifo.o
 .note.GNU-stack
                0x0000000000000000        0x0 mouse.o
 .note.GNU-stack
                0x0000000000000000        0x0 keyboard.o
 .note.GNU-stack
                0x0000000000000000        0x0 memory.o
 .note.GNU-stack
                0x0000000000000000        0x0 sheet.o
 .note.GNU-stack
                0x0000000000000000        0x0 timer.o
 .note.GNU-stack
                0x0000000000000000        0x0 mtask.o
 .note.GNU-stack
                0x0000000000000000        0x0 font_8x16.o
 .note.GNU-stack
                0x0000000000000000        0x0 libc/libc.a(sprintf.o)
