Archive member included to satisfy reference by file (symbol)

libc/libc.a(sprintf.o)        bootpack.o (sprintf)
libc/libc.a(strcmp.o)         bootpack.o (strcmp)

Allocating common symbols
Common symbol       size              file

mousedata0          0x4               mouse.o
keyfifo             0x4               keyboard.o
taskctl             0x4               mtask.o
timerctl            0x271c            timer.o
mousefifo           0x4               mouse.o
task_timer          0x4               mtask.o
keydata0            0x4               keyboard.o

Memory Configuration

Name             Origin             Length             Attributes
*default*        0x0000000000000000 0xffffffffffffffff

Linker script and memory map

LOAD bootpack.o
LOAD dsctbl.o
LOAD graphics.o
LOAD int.o
LOAD fifo.o
LOAD mouse.o
LOAD keyboard.o
LOAD memory.o
LOAD sheet.o
LOAD timer.o
LOAD mtask.o
LOAD naskfunc.o
LOAD font_8x16.o
                0x0000000000280000                . = 0x280000

.text           0x0000000000280000     0x42e3
 *(.text)
 .text          0x0000000000280000     0x17af bootpack.o
                0x0000000000280000                HariMain
                0x0000000000280b5a                make_window8
                0x0000000000280ccc                make_wtitle8
                0x0000000000280dc4                putfonts8_asc_sht
                0x0000000000280e63                make_textbox8
                0x0000000000281062                console_task
                0x00000000002816c6                cons_newline
 .text          0x00000000002817af      0x211 dsctbl.o
                0x00000000002817af                init_gdtidt
                0x0000000000281900                set_segmdesc
                0x000000000028197b                set_gatedesc
 .text          0x00000000002819c0      0x5ce graphics.o
                0x00000000002819c0                init_palette
                0x00000000002819dd                set_palette
                0x0000000000281a89                boxfill8
                0x0000000000281adb                init_screen8
                0x0000000000281cf8                putfont8
                0x0000000000281dfa                putfonts8_asc
                0x0000000000281e49                init_mouse_cursor8
                0x0000000000281f1f                putblock8_8
 .text          0x0000000000281f8e      0x122 int.o
                0x0000000000281f8e                init_pic
                0x0000000000282069                inthandler27
 .text          0x00000000002820b0      0x178 fifo.o
                0x00000000002820b0                fifo32_init
                0x00000000002820f7                fifo32_put
                0x00000000002821a4                fifo32_get
                0x0000000000282213                fifo32_status
 .text          0x0000000000282228      0x1e4 mouse.o
                0x0000000000282228                inthandler2c
                0x000000000028227f                enable_mouse
                0x00000000002822cd                mouse_decode
 .text          0x000000000028240c       0xa6 keyboard.o
                0x000000000028240c                inthandler21
                0x0000000000282451                wait_KBC_sendready
                0x0000000000282471                init_keyboard
 .text          0x00000000002824b2      0x4b1 memory.o
                0x00000000002824b2                memtest
                0x0000000000282569                memman_init
                0x0000000000282596                memman_total
                0x00000000002825cf                memman_alloc
                0x00000000002826b8                memman_free
                0x0000000000282908                memman_alloc_4k
                0x0000000000282934                memman_free_4k
 .text          0x0000000000282963      0xa25 sheet.o
                0x0000000000282963                shtctl_init
                0x0000000000282a46                sheet_alloc
                0x0000000000282abd                sheet_setbuf
                0x0000000000282ae6                sheet_refreshmap
                0x0000000000282c9a                sheet_refreshsub
                0x0000000000282e66                sheet_updown
                0x00000000002831dd                sheet_refresh
                0x000000000028324e                sheet_slide
                0x0000000000283361                sheet_free
 .text          0x0000000000283388      0x29a timer.o
                0x0000000000283388                init_pit
                0x0000000000283430                timer_alloc
                0x000000000028349a                timer_free
                0x00000000002834aa                timer_init
                0x00000000002834c2                timer_settime
                0x0000000000283571                inthandler20
 .text          0x0000000000283622      0x630 mtask.o
                0x0000000000283622                task_now
                0x0000000000283652                task_add
                0x000000000028369b                task_remove
                0x0000000000283758                task_switchsub
                0x00000000002837a4                task_idle
                0x00000000002837b1                task_init
                0x00000000002839b6                task_alloc
                0x0000000000283ac6                task_run
                0x0000000000283b33                task_sleep
                0x0000000000283b83                task_switch
 .text          0x0000000000283c52      0x135 naskfunc.o
                0x0000000000283c52                _io_hlt
                0x0000000000283c54                _io_cli
                0x0000000000283c56                _io_sti
                0x0000000000283c58                _io_stihlt
                0x0000000000283c5b                _io_in8
                0x0000000000283c66                _io_in16
                0x0000000000283c72                _io_in32
                0x0000000000283c78                _io_out8
                0x0000000000283c82                _io_out16
                0x0000000000283c8e                _io_out32
                0x0000000000283c98                _io_load_eflags
                0x0000000000283c9b                _io_store_eflags
                0x0000000000283ca2                _load_gdtr
                0x0000000000283cb2                _load_idtr
                0x0000000000283cc2                _load_cr0
                0x0000000000283cc6                _store_cr0
                0x0000000000283cce                _load_tr
                0x0000000000283cd4                _asm_inthandler20
                0x0000000000283cef                _asm_inthandler21
                0x0000000000283d0a                _asm_inthandler27
                0x0000000000283d25                _asm_inthandler2c
                0x0000000000283d40                _memtest_sub
                0x0000000000283d82                _farjmp
 .text          0x0000000000283d87        0x0 font_8x16.o
 .text          0x0000000000283d87      0x41f libc/libc.a(sprintf.o)
                0x000000000028406f                sprintf
 .text          0x00000000002841a6      0x13d libc/libc.a(strcmp.o)
                0x00000000002841a6                strcmp
                0x0000000000284238                strncmp

.iplt           0x00000000002842e3        0x0
 .iplt          0x00000000002842e3        0x0 bootpack.o

.rodata         0x0000000000284300     0x1080
 .rodata        0x0000000000284300       0x56 bootpack.o
 .rodata        0x0000000000284356       0x15 int.o
 *fill*         0x000000000028436b       0x15 
 .rodata        0x0000000000284380     0x1000 font_8x16.o
                0x0000000000284380                fontdata_8x16

.rel.dyn        0x0000000000285380        0x0
 .rel.got       0x0000000000285380        0x0 bootpack.o
 .rel.iplt      0x0000000000285380        0x0 bootpack.o
 .rel.text      0x0000000000285380        0x0 bootpack.o

.data           0x0000000000285380      0x320
 *(.data)
 .data          0x0000000000285380      0x1e0 bootpack.o
 .data          0x0000000000285560        0x0 dsctbl.o
 .data          0x0000000000285560      0x140 graphics.o
 .data          0x00000000002856a0        0x0 int.o
 .data          0x00000000002856a0        0x0 fifo.o
 .data          0x00000000002856a0        0x0 mouse.o
 .data          0x00000000002856a0        0x0 keyboard.o
 .data          0x00000000002856a0        0x0 memory.o
 .data          0x00000000002856a0        0x0 sheet.o
 .data          0x00000000002856a0        0x0 timer.o
 .data          0x00000000002856a0        0x0 mtask.o
 .data          0x00000000002856a0        0x0 naskfunc.o
 .data          0x00000000002856a0        0x0 font_8x16.o
 .data          0x00000000002856a0        0x0 libc/libc.a(sprintf.o)
 .data          0x00000000002856a0        0x0 libc/libc.a(strcmp.o)

.got            0x00000000002856a0        0x0
 .got           0x00000000002856a0        0x0 bootpack.o

.got.plt        0x00000000002856a0        0x0
 .got.plt       0x00000000002856a0        0x0 bootpack.o

.igot.plt       0x00000000002856a0        0x0
 .igot.plt      0x00000000002856a0        0x0 bootpack.o

.bss            0x00000000002856a0     0x2744
 *(.bss)
 .bss           0x00000000002856a0        0x0 bootpack.o
 .bss           0x00000000002856a0        0x0 dsctbl.o
 .bss           0x00000000002856a0        0x0 graphics.o
 .bss           0x00000000002856a0        0x0 int.o
 .bss           0x00000000002856a0        0x0 fifo.o
 .bss           0x00000000002856a0        0x0 mouse.o
 .bss           0x00000000002856a0        0x0 keyboard.o
 .bss           0x00000000002856a0        0x0 memory.o
 .bss           0x00000000002856a0        0x0 sheet.o
 .bss           0x00000000002856a0        0x0 timer.o
 .bss           0x00000000002856a0        0x0 mtask.o
 .bss           0x00000000002856a0        0x0 naskfunc.o
 .bss           0x00000000002856a0        0x0 font_8x16.o
 .bss           0x00000000002856a0        0x0 libc/libc.a(sprintf.o)
 .bss           0x00000000002856a0        0x0 libc/libc.a(strcmp.o)
 COMMON         0x00000000002856a0        0x8 mouse.o
                0x00000000002856a0                mousedata0
                0x00000000002856a4                mousefifo
 COMMON         0x00000000002856a8        0x8 keyboard.o
                0x00000000002856a8                keyfifo
                0x00000000002856ac                keydata0
 *fill*         0x00000000002856b0       0x10 
 COMMON         0x00000000002856c0     0x271c timer.o
                0x00000000002856c0                timerctl
 COMMON         0x0000000000287ddc        0x8 mtask.o
                0x0000000000287ddc                taskctl
                0x0000000000287de0                task_timer
LOAD libc/libc.a
OUTPUT(kernel.elf elf32-i386)

.comment        0x0000000000000000       0x11
 .comment       0x0000000000000000       0x11 bootpack.o
                                         0x12 (size before relaxing)
 .comment       0x0000000000000011       0x12 dsctbl.o
 .comment       0x0000000000000011       0x12 graphics.o
 .comment       0x0000000000000011       0x12 int.o
 .comment       0x0000000000000011       0x12 fifo.o
 .comment       0x0000000000000011       0x12 mouse.o
 .comment       0x0000000000000011       0x12 keyboard.o
 .comment       0x0000000000000011       0x12 memory.o
 .comment       0x0000000000000011       0x12 sheet.o
 .comment       0x0000000000000011       0x12 timer.o
 .comment       0x0000000000000011       0x12 mtask.o
 .comment       0x0000000000000011       0x12 font_8x16.o
 .comment       0x0000000000000011       0x12 libc/libc.a(sprintf.o)
 .comment       0x0000000000000011       0x12 libc/libc.a(strcmp.o)

.note.GNU-stack
                0x0000000000000000        0x0
 .note.GNU-stack
                0x0000000000000000        0x0 bootpack.o
 .note.GNU-stack
                0x0000000000000000        0x0 dsctbl.o
 .note.GNU-stack
                0x0000000000000000        0x0 graphics.o
 .note.GNU-stack
                0x0000000000000000        0x0 int.o
 .note.GNU-stack
                0x0000000000000000        0x0 fifo.o
 .note.GNU-stack
                0x0000000000000000        0x0 mouse.o
 .note.GNU-stack
                0x0000000000000000        0x0 keyboard.o
 .note.GNU-stack
                0x0000000000000000        0x0 memory.o
 .note.GNU-stack
                0x0000000000000000        0x0 sheet.o
 .note.GNU-stack
                0x0000000000000000        0x0 timer.o
 .note.GNU-stack
                0x0000000000000000        0x0 mtask.o
 .note.GNU-stack
                0x0000000000000000        0x0 font_8x16.o
 .note.GNU-stack
                0x0000000000000000        0x0 libc/libc.a(sprintf.o)
 .note.GNU-stack
                0x0000000000000000        0x0 libc/libc.a(strcmp.o)
