Archive member included to satisfy reference by file (symbol)

libc/libc.a(sprintf.o)        bootpack.o (sprintf)

Allocating common symbols
Common symbol       size              file

keyfifo             0x18              keyboard.o
mousefifo           0x18              mouse.o

Memory Configuration

Name             Origin             Length             Attributes
*default*        0x0000000000000000 0xffffffffffffffff

Linker script and memory map

LOAD bootpack.o
LOAD dsctbl.o
LOAD graphics.o
LOAD int.o
LOAD fifo.o
LOAD mouse.o
LOAD keyboard.o
LOAD memory.o
LOAD sheet.o
LOAD naskfunc.o
LOAD font_8x16.o
                0x0000000000280000                . = 0x280000

.text           0x0000000000280000     0x256a
 *(.text)
 .text          0x0000000000280000      0x8cb bootpack.o
                0x0000000000280000                HariMain
                0x00000000002806ad                make_window8
 .text          0x00000000002808cb      0x1f3 dsctbl.o
                0x00000000002808cb                init_gdtidt
                0x00000000002809fe                set_segmdesc
                0x0000000000280a79                set_gatedesc
 .text          0x0000000000280abe      0x5ce graphics.o
                0x0000000000280abe                init_palette
                0x0000000000280adb                set_palette
                0x0000000000280b87                boxfill8
                0x0000000000280bd9                init_screen8
                0x0000000000280df6                putfont8
                0x0000000000280ef8                putfonts8_asc
                0x0000000000280f47                init_mouse_cursor8
                0x000000000028101d                putblock8_8
 .text          0x000000000028108c      0x122 int.o
                0x000000000028108c                init_pic
                0x0000000000281167                inthandler27
 .text          0x00000000002811ae      0x143 fifo.o
                0x00000000002811ae                fifo8_init
                0x00000000002811ec                fifo8_put
                0x000000000028126c                fifo8_get
                0x00000000002812dc                fifo8_status
 .text          0x00000000002812f1      0x1cc mouse.o
                0x00000000002812f1                inthandler2c
                0x0000000000281340                enable_mouse
                0x000000000028137e                mouse_decode
 .text          0x00000000002814bd       0x8e keyboard.o
                0x00000000002814bd                inthandler21
                0x00000000002814fa                wait_KBC_sendready
                0x000000000028151a                init_keyboard
 .text          0x000000000028154b      0x4af memory.o
                0x000000000028154b                memtest
                0x0000000000281600                memman_init
                0x000000000028162d                memman_total
                0x0000000000281666                memman_alloc
                0x000000000028174f                memman_free
                0x000000000028199f                memman_alloc_4k
                0x00000000002819cb                memman_free_4k
 .text          0x00000000002819fa      0x642 sheet.o
                0x00000000002819fa                shtctl_init
                0x0000000000281a98                sheet_alloc
                0x0000000000281b0c                sheet_setbuf
                0x0000000000281b35                sheet_refreshsub
                0x0000000000281cd2                sheet_updown
                0x0000000000281f27                sheet_refresh
                0x0000000000281f81                sheet_slide
                0x0000000000282015                sheet_free
 .text          0x000000000028203c      0x10f naskfunc.o
                0x000000000028203c                _io_hlt
                0x000000000028203e                _io_cli
                0x0000000000282040                _io_sti
                0x0000000000282042                _io_stihlt
                0x0000000000282045                _io_in8
                0x0000000000282050                _io_in16
                0x000000000028205c                _io_in32
                0x0000000000282062                _io_out8
                0x000000000028206c                _io_out16
                0x0000000000282078                _io_out32
                0x0000000000282082                _io_load_eflags
                0x0000000000282085                _io_store_eflags
                0x000000000028208c                _load_gdtr
                0x000000000028209c                _load_idtr
                0x00000000002820ac                _load_cr0
                0x00000000002820b0                _store_cr0
                0x00000000002820b8                _asm_inthandler21
                0x00000000002820d3                _asm_inthandler27
                0x00000000002820ee                _asm_inthandler2c
                0x0000000000282109                _memtest_sub
 .text          0x000000000028214b        0x0 font_8x16.o
 .text          0x000000000028214b      0x41f libc/libc.a(sprintf.o)
                0x0000000000282433                sprintf

.iplt           0x0000000000282570        0x0
 .iplt          0x0000000000282570        0x0 libc/libc.a(sprintf.o)

.rodata         0x0000000000282580     0x1060
 .rodata        0x0000000000282580       0x45 bootpack.o
 .rodata        0x00000000002825c5       0x15 int.o
 *fill*         0x00000000002825da        0x6 
 .rodata        0x00000000002825e0     0x1000 font_8x16.o
                0x00000000002825e0                fontdata_8x16

.note.gnu.property
                0x00000000002835e0       0x1c
 .note.gnu.property
                0x00000000002835e0       0x1c libc/libc.a(sprintf.o)

.rel.dyn        0x00000000002835fc        0x0
 .rel.got       0x00000000002835fc        0x0 libc/libc.a(sprintf.o)
 .rel.iplt      0x00000000002835fc        0x0 libc/libc.a(sprintf.o)
 .rel.text      0x00000000002835fc        0x0 libc/libc.a(sprintf.o)

.data           0x0000000000283600      0x220
 *(.data)
 .data          0x0000000000283600       0xe0 bootpack.o
 .data          0x00000000002836e0        0x0 dsctbl.o
 .data          0x00000000002836e0      0x140 graphics.o
 .data          0x0000000000283820        0x0 int.o
 .data          0x0000000000283820        0x0 fifo.o
 .data          0x0000000000283820        0x0 mouse.o
 .data          0x0000000000283820        0x0 keyboard.o
 .data          0x0000000000283820        0x0 memory.o
 .data          0x0000000000283820        0x0 sheet.o
 .data          0x0000000000283820        0x0 naskfunc.o
 .data          0x0000000000283820        0x0 font_8x16.o
 .data          0x0000000000283820        0x0 libc/libc.a(sprintf.o)

.got            0x0000000000283820        0x0
 .got           0x0000000000283820        0x0 libc/libc.a(sprintf.o)

.got.plt        0x0000000000283820        0x0
 .got.plt       0x0000000000283820        0x0 libc/libc.a(sprintf.o)

.igot.plt       0x0000000000283820        0x0
 .igot.plt      0x0000000000283820        0x0 libc/libc.a(sprintf.o)

.bss            0x0000000000283820       0x30
 *(.bss)
 .bss           0x0000000000283820        0x0 bootpack.o
 .bss           0x0000000000283820        0x0 dsctbl.o
 .bss           0x0000000000283820        0x0 graphics.o
 .bss           0x0000000000283820        0x0 int.o
 .bss           0x0000000000283820        0x0 fifo.o
 .bss           0x0000000000283820        0x0 mouse.o
 .bss           0x0000000000283820        0x0 keyboard.o
 .bss           0x0000000000283820        0x0 memory.o
 .bss           0x0000000000283820        0x0 sheet.o
 .bss           0x0000000000283820        0x0 naskfunc.o
 .bss           0x0000000000283820        0x0 font_8x16.o
 .bss           0x0000000000283820        0x0 libc/libc.a(sprintf.o)
 COMMON         0x0000000000283820       0x18 mouse.o
                0x0000000000283820                mousefifo
 COMMON         0x0000000000283838       0x18 keyboard.o
                0x0000000000283838                keyfifo
LOAD libc/libc.a
OUTPUT(kernel.elf elf32-i386)

.comment        0x0000000000000000       0x1a
 .comment       0x0000000000000000       0x1a bootpack.o
                                         0x1b (size before relaxing)
 .comment       0x000000000000001a       0x1b dsctbl.o
 .comment       0x000000000000001a       0x1b graphics.o
 .comment       0x000000000000001a       0x1b int.o
 .comment       0x000000000000001a       0x1b fifo.o
 .comment       0x000000000000001a       0x1b mouse.o
 .comment       0x000000000000001a       0x1b keyboard.o
 .comment       0x000000000000001a       0x1b memory.o
 .comment       0x000000000000001a       0x1b sheet.o
 .comment       0x000000000000001a       0x1b font_8x16.o
 .comment       0x000000000000001a       0x1b libc/libc.a(sprintf.o)

.note.GNU-stack
                0x0000000000000000        0x0
 .note.GNU-stack
                0x0000000000000000        0x0 bootpack.o
 .note.GNU-stack
                0x0000000000000000        0x0 dsctbl.o
 .note.GNU-stack
                0x0000000000000000        0x0 graphics.o
 .note.GNU-stack
                0x0000000000000000        0x0 int.o
 .note.GNU-stack
                0x0000000000000000        0x0 fifo.o
 .note.GNU-stack
                0x0000000000000000        0x0 mouse.o
 .note.GNU-stack
                0x0000000000000000        0x0 keyboard.o
 .note.GNU-stack
                0x0000000000000000        0x0 memory.o
 .note.GNU-stack
                0x0000000000000000        0x0 sheet.o
 .note.GNU-stack
                0x0000000000000000        0x0 font_8x16.o
 .note.GNU-stack
                0x0000000000000000        0x0 libc/libc.a(sprintf.o)
