Archive member included to satisfy reference by file (symbol)

libc/libc.a(sprintf.o)        bootpack.o (sprintf)

Allocating common symbols
Common symbol       size              file

keyfifo             0x18              int.o

Memory Configuration

Name             Origin             Length             Attributes
*default*        0x0000000000000000 0xffffffffffffffff

Linker script and memory map

LOAD bootpack.o
LOAD dsctbl.o
LOAD graphics.o
LOAD int.o
LOAD fifo.o
LOAD naskfunc.o
LOAD font_8x16.o
                0x0000000000280000                . = 0x280000

.text           0x0000000000280000     0x10f2
 *(.text)
 .text          0x0000000000280000      0x26d bootpack.o
                0x0000000000280000                HariMain
                0x00000000002801e5                wait_KBC_sendready
                0x0000000000280205                init_keyboard
                0x0000000000280236                enable_mouse
 .text          0x000000000028026d      0x1f3 dsctbl.o
                0x000000000028026d                init_gdtidt
                0x00000000002803a0                set_segmdesc
                0x000000000028041b                set_gatedesc
 .text          0x0000000000280460      0x5ce graphics.o
                0x0000000000280460                init_palette
                0x000000000028047d                set_palette
                0x0000000000280529                boxfill8
                0x000000000028057b                init_screen8
                0x0000000000280798                putfont8
                0x000000000028089a                putfonts8_asc
                0x00000000002808e9                init_mouse_cursor8
                0x00000000002809bf                putblock8_8
 .text          0x0000000000280a2e      0x1c5 int.o
                0x0000000000280a2e                init_pic
                0x0000000000280b09                inthandler21
                0x0000000000280b46                inthandler2c
                0x0000000000280bac                inthandler27
 .text          0x0000000000280bf3      0x143 fifo.o
                0x0000000000280bf3                fifo8_init
                0x0000000000280c31                fifo8_put
                0x0000000000280cb1                fifo8_get
                0x0000000000280d21                fifo8_status
 .text          0x0000000000280d36       0xc1 naskfunc.o
                0x0000000000280d36                _io_hlt
                0x0000000000280d38                _io_cli
                0x0000000000280d3a                _io_sti
                0x0000000000280d3c                _io_stihlt
                0x0000000000280d3f                _io_in8
                0x0000000000280d4a                _io_in16
                0x0000000000280d56                _io_in32
                0x0000000000280d5c                _io_out8
                0x0000000000280d66                _io_out16
                0x0000000000280d72                _io_out32
                0x0000000000280d7c                _io_load_eflags
                0x0000000000280d7f                _io_store_eflags
                0x0000000000280d86                _load_gdtr
                0x0000000000280d96                _load_idtr
                0x0000000000280da6                _asm_inthandler21
                0x0000000000280dc1                _asm_inthandler27
                0x0000000000280ddc                _asm_inthandler2c
 .text          0x0000000000280df7        0x0 font_8x16.o
 .text          0x0000000000280df7      0x2fb libc/libc.a(sprintf.o)
                0x0000000000280ff1                sprintf

.iplt           0x00000000002810f8        0x0
 .iplt          0x00000000002810f8        0x0 libc/libc.a(sprintf.o)

.rodata         0x0000000000281100     0x1040
 .rodata        0x0000000000281100        0xe bootpack.o
 .rodata        0x000000000028110e       0x32 int.o
 .rodata        0x0000000000281140     0x1000 font_8x16.o
                0x0000000000281140                fontdata_8x16

.note.gnu.property
                0x0000000000282140       0x1c
 .note.gnu.property
                0x0000000000282140       0x1c libc/libc.a(sprintf.o)

.rel.dyn        0x000000000028215c        0x0
 .rel.got       0x000000000028215c        0x0 libc/libc.a(sprintf.o)
 .rel.iplt      0x000000000028215c        0x0 libc/libc.a(sprintf.o)
 .rel.text      0x000000000028215c        0x0 libc/libc.a(sprintf.o)

.data           0x0000000000282160      0x140
 *(.data)
 .data          0x0000000000282160        0x0 bootpack.o
 .data          0x0000000000282160        0x0 dsctbl.o
 .data          0x0000000000282160      0x140 graphics.o
 .data          0x00000000002822a0        0x0 int.o
 .data          0x00000000002822a0        0x0 fifo.o
 .data          0x00000000002822a0        0x0 naskfunc.o
 .data          0x00000000002822a0        0x0 font_8x16.o
 .data          0x00000000002822a0        0x0 libc/libc.a(sprintf.o)

.got            0x00000000002822a0        0x0
 .got           0x00000000002822a0        0x0 libc/libc.a(sprintf.o)

.got.plt        0x00000000002822a0        0x0
 .got.plt       0x00000000002822a0        0x0 libc/libc.a(sprintf.o)

.igot.plt       0x00000000002822a0        0x0
 .igot.plt      0x00000000002822a0        0x0 libc/libc.a(sprintf.o)

.bss            0x00000000002822a0       0x18
 *(.bss)
 .bss           0x00000000002822a0        0x0 bootpack.o
 .bss           0x00000000002822a0        0x0 dsctbl.o
 .bss           0x00000000002822a0        0x0 graphics.o
 .bss           0x00000000002822a0        0x0 int.o
 .bss           0x00000000002822a0        0x0 fifo.o
 .bss           0x00000000002822a0        0x0 naskfunc.o
 .bss           0x00000000002822a0        0x0 font_8x16.o
 .bss           0x00000000002822a0        0x0 libc/libc.a(sprintf.o)
 COMMON         0x00000000002822a0       0x18 int.o
                0x00000000002822a0                keyfifo
LOAD libc/libc.a
OUTPUT(kernel.elf elf32-i386)

.comment        0x0000000000000000       0x1a
 .comment       0x0000000000000000       0x1a bootpack.o
                                         0x1b (size before relaxing)
 .comment       0x000000000000001a       0x1b dsctbl.o
 .comment       0x000000000000001a       0x1b graphics.o
 .comment       0x000000000000001a       0x1b int.o
 .comment       0x000000000000001a       0x1b fifo.o
 .comment       0x000000000000001a       0x1b font_8x16.o
 .comment       0x000000000000001a       0x1b libc/libc.a(sprintf.o)

.note.GNU-stack
                0x0000000000000000        0x0
 .note.GNU-stack
                0x0000000000000000        0x0 bootpack.o
 .note.GNU-stack
                0x0000000000000000        0x0 dsctbl.o
 .note.GNU-stack
                0x0000000000000000        0x0 graphics.o
 .note.GNU-stack
                0x0000000000000000        0x0 int.o
 .note.GNU-stack
                0x0000000000000000        0x0 fifo.o
 .note.GNU-stack
                0x0000000000000000        0x0 font_8x16.o
 .note.GNU-stack
                0x0000000000000000        0x0 libc/libc.a(sprintf.o)
