Archive member included to satisfy reference by file (symbol)

libc/libc.a(sprintf.o)        bootpack.o (sprintf)

Allocating common symbols
Common symbol       size              file

mousedata0          0x4               mouse.o
keyfifo             0x4               keyboard.o
timerctl            0x271c            timer.o
mousefifo           0x4               mouse.o
keydata0            0x4               keyboard.o

Memory Configuration

Name             Origin             Length             Attributes
*default*        0x0000000000000000 0xffffffffffffffff

Linker script and memory map

LOAD bootpack.o
LOAD dsctbl.o
LOAD graphics.o
LOAD int.o
LOAD fifo.o
LOAD mouse.o
LOAD keyboard.o
LOAD memory.o
LOAD sheet.o
LOAD timer.o
LOAD naskfunc.o
LOAD font_8x16.o
                0x0000000000280000                . = 0x280000

.text           0x0000000000280000     0x32cb
 *(.text)
 .text          0x0000000000280000      0xf63 bootpack.o
                0x0000000000280000                HariMain
                0x00000000002809a6                make_window8
                0x0000000000280bc4                putfonts8_asc_sht
                0x0000000000280c63                make_textbox8
                0x0000000000280e62                task_b_main
 .text          0x0000000000280f63      0x211 dsctbl.o
                0x0000000000280f63                init_gdtidt
                0x00000000002810b4                set_segmdesc
                0x000000000028112f                set_gatedesc
 .text          0x0000000000281174      0x5ce graphics.o
                0x0000000000281174                init_palette
                0x0000000000281191                set_palette
                0x000000000028123d                boxfill8
                0x000000000028128f                init_screen8
                0x00000000002814ac                putfont8
                0x00000000002815ae                putfonts8_asc
                0x00000000002815fd                init_mouse_cursor8
                0x00000000002816d3                putblock8_8
 .text          0x0000000000281742      0x122 int.o
                0x0000000000281742                init_pic
                0x000000000028181d                inthandler27
 .text          0x0000000000281864      0x13b fifo.o
                0x0000000000281864                fifo32_init
                0x00000000002818a2                fifo32_put
                0x000000000028191b                fifo32_get
                0x000000000028198a                fifo32_status
 .text          0x000000000028199f      0x1e4 mouse.o
                0x000000000028199f                inthandler2c
                0x00000000002819f6                enable_mouse
                0x0000000000281a44                mouse_decode
 .text          0x0000000000281b83       0xa6 keyboard.o
                0x0000000000281b83                inthandler21
                0x0000000000281bc8                wait_KBC_sendready
                0x0000000000281be8                init_keyboard
 .text          0x0000000000281c29      0x4b1 memory.o
                0x0000000000281c29                memtest
                0x0000000000281ce0                memman_init
                0x0000000000281d0d                memman_total
                0x0000000000281d46                memman_alloc
                0x0000000000281e2f                memman_free
                0x000000000028207f                memman_alloc_4k
                0x00000000002820ab                memman_free_4k
 .text          0x00000000002820da      0xa25 sheet.o
                0x00000000002820da                shtctl_init
                0x00000000002821bd                sheet_alloc
                0x0000000000282234                sheet_setbuf
                0x000000000028225d                sheet_refreshmap
                0x0000000000282411                sheet_refreshsub
                0x00000000002825dd                sheet_updown
                0x0000000000282954                sheet_refresh
                0x00000000002829c5                sheet_slide
                0x0000000000282ad8                sheet_free
 .text          0x0000000000282aff      0x278 timer.o
                0x0000000000282aff                init_pit
                0x0000000000282ba7                timer_alloc
                0x0000000000282c11                timer_free
                0x0000000000282c21                timer_init
                0x0000000000282c39                timer_settime
                0x0000000000282ce8                inthandler20
 .text          0x0000000000282d77      0x135 naskfunc.o
                0x0000000000282d77                _io_hlt
                0x0000000000282d79                _io_cli
                0x0000000000282d7b                _io_sti
                0x0000000000282d7d                _io_stihlt
                0x0000000000282d80                _io_in8
                0x0000000000282d8b                _io_in16
                0x0000000000282d97                _io_in32
                0x0000000000282d9d                _io_out8
                0x0000000000282da7                _io_out16
                0x0000000000282db3                _io_out32
                0x0000000000282dbd                _io_load_eflags
                0x0000000000282dc0                _io_store_eflags
                0x0000000000282dc7                _load_gdtr
                0x0000000000282dd7                _load_idtr
                0x0000000000282de7                _load_cr0
                0x0000000000282deb                _store_cr0
                0x0000000000282df3                _load_tr
                0x0000000000282df9                _asm_inthandler20
                0x0000000000282e14                _asm_inthandler21
                0x0000000000282e2f                _asm_inthandler27
                0x0000000000282e4a                _asm_inthandler2c
                0x0000000000282e65                _memtest_sub
                0x0000000000282ea7                _farjmp
 .text          0x0000000000282eac        0x0 font_8x16.o
 .text          0x0000000000282eac      0x41f libc/libc.a(sprintf.o)
                0x0000000000283194                sprintf

.iplt           0x00000000002832d0        0x0
 .iplt          0x00000000002832d0        0x0 libc/libc.a(sprintf.o)

.rodata         0x00000000002832e0     0x1080
 .rodata        0x00000000002832e0       0x55 bootpack.o
 .rodata        0x0000000000283335       0x15 int.o
 *fill*         0x000000000028334a       0x16 
 .rodata        0x0000000000283360     0x1000 font_8x16.o
                0x0000000000283360                fontdata_8x16

.note.gnu.property
                0x0000000000284360       0x1c
 .note.gnu.property
                0x0000000000284360       0x1c libc/libc.a(sprintf.o)

.rel.dyn        0x000000000028437c        0x0
 .rel.got       0x000000000028437c        0x0 libc/libc.a(sprintf.o)
 .rel.iplt      0x000000000028437c        0x0 libc/libc.a(sprintf.o)
 .rel.text      0x000000000028437c        0x0 libc/libc.a(sprintf.o)

.data           0x0000000000284380      0x280
 *(.data)
 .data          0x0000000000284380      0x140 bootpack.o
 .data          0x00000000002844c0        0x0 dsctbl.o
 .data          0x00000000002844c0      0x140 graphics.o
 .data          0x0000000000284600        0x0 int.o
 .data          0x0000000000284600        0x0 fifo.o
 .data          0x0000000000284600        0x0 mouse.o
 .data          0x0000000000284600        0x0 keyboard.o
 .data          0x0000000000284600        0x0 memory.o
 .data          0x0000000000284600        0x0 sheet.o
 .data          0x0000000000284600        0x0 timer.o
 .data          0x0000000000284600        0x0 naskfunc.o
 .data          0x0000000000284600        0x0 font_8x16.o
 .data          0x0000000000284600        0x0 libc/libc.a(sprintf.o)

.got            0x0000000000284600        0x0
 .got           0x0000000000284600        0x0 libc/libc.a(sprintf.o)

.got.plt        0x0000000000284600        0x0
 .got.plt       0x0000000000284600        0x0 libc/libc.a(sprintf.o)

.igot.plt       0x0000000000284600        0x0
 .igot.plt      0x0000000000284600        0x0 libc/libc.a(sprintf.o)

.bss            0x0000000000284600     0x273c
 *(.bss)
 .bss           0x0000000000284600        0x0 bootpack.o
 .bss           0x0000000000284600        0x0 dsctbl.o
 .bss           0x0000000000284600        0x0 graphics.o
 .bss           0x0000000000284600        0x0 int.o
 .bss           0x0000000000284600        0x0 fifo.o
 .bss           0x0000000000284600        0x0 mouse.o
 .bss           0x0000000000284600        0x0 keyboard.o
 .bss           0x0000000000284600        0x0 memory.o
 .bss           0x0000000000284600        0x0 sheet.o
 .bss           0x0000000000284600        0x0 timer.o
 .bss           0x0000000000284600        0x0 naskfunc.o
 .bss           0x0000000000284600        0x0 font_8x16.o
 .bss           0x0000000000284600        0x0 libc/libc.a(sprintf.o)
 COMMON         0x0000000000284600        0x8 mouse.o
                0x0000000000284600                mousedata0
                0x0000000000284604                mousefifo
 COMMON         0x0000000000284608        0x8 keyboard.o
                0x0000000000284608                keyfifo
                0x000000000028460c                keydata0
 *fill*         0x0000000000284610       0x10 
 COMMON         0x0000000000284620     0x271c timer.o
                0x0000000000284620                timerctl
LOAD libc/libc.a
OUTPUT(kernel.elf elf32-i386)

.comment        0x0000000000000000       0x1a
 .comment       0x0000000000000000       0x1a bootpack.o
                                         0x1b (size before relaxing)
 .comment       0x000000000000001a       0x1b dsctbl.o
 .comment       0x000000000000001a       0x1b graphics.o
 .comment       0x000000000000001a       0x1b int.o
 .comment       0x000000000000001a       0x1b fifo.o
 .comment       0x000000000000001a       0x1b mouse.o
 .comment       0x000000000000001a       0x1b keyboard.o
 .comment       0x000000000000001a       0x1b memory.o
 .comment       0x000000000000001a       0x1b sheet.o
 .comment       0x000000000000001a       0x1b timer.o
 .comment       0x000000000000001a       0x1b font_8x16.o
 .comment       0x000000000000001a       0x1b libc/libc.a(sprintf.o)

.note.GNU-stack
                0x0000000000000000        0x0
 .note.GNU-stack
                0x0000000000000000        0x0 bootpack.o
 .note.GNU-stack
                0x0000000000000000        0x0 dsctbl.o
 .note.GNU-stack
                0x0000000000000000        0x0 graphics.o
 .note.GNU-stack
                0x0000000000000000        0x0 int.o
 .note.GNU-stack
                0x0000000000000000        0x0 fifo.o
 .note.GNU-stack
                0x0000000000000000        0x0 mouse.o
 .note.GNU-stack
                0x0000000000000000        0x0 keyboard.o
 .note.GNU-stack
                0x0000000000000000        0x0 memory.o
 .note.GNU-stack
                0x0000000000000000        0x0 sheet.o
 .note.GNU-stack
                0x0000000000000000        0x0 timer.o
 .note.GNU-stack
                0x0000000000000000        0x0 font_8x16.o
 .note.GNU-stack
                0x0000000000000000        0x0 libc/libc.a(sprintf.o)
