Archive member included to satisfy reference by file (symbol)

libc/libc.a(sprintf.o)        int.o (sprintf)

Memory Configuration

Name             Origin             Length             Attributes
*default*        0x0000000000000000 0xffffffffffffffff

Linker script and memory map

LOAD bootpack.o
LOAD dsctbl.o
LOAD graphics.o
LOAD int.o
LOAD naskfunc.o
LOAD font_8x16.o
                0x0000000000280000                . = 0x280000

.text           0x0000000000280000      0xd6e
 *(.text)
 .text          0x0000000000280000       0xbc bootpack.o
                0x0000000000280000                HariMain
 .text          0x00000000002800bc      0x1f3 dsctbl.o
                0x00000000002800bc                init_gdtidt
                0x00000000002801ef                set_segmdesc
                0x000000000028026a                set_gatedesc
 .text          0x00000000002802af      0x5ce graphics.o
                0x00000000002802af                init_palette
                0x00000000002802cc                set_palette
                0x0000000000280378                boxfill8
                0x00000000002803ca                init_screen8
                0x00000000002805e7                putfont8
                0x00000000002806e9                putfonts8_asc
                0x0000000000280738                init_mouse_cursor8
                0x000000000028080e                putblock8_8
 .text          0x000000000028087d      0x21e int.o
                0x000000000028087d                init_pic
                0x0000000000280958                inthandler21
                0x00000000002809ee                inthandler2c
                0x0000000000280a54                inthandler27
 .text          0x0000000000280a9b       0xc1 naskfunc.o
                0x0000000000280a9b                _io_hlt
                0x0000000000280a9d                _io_cli
                0x0000000000280a9f                _io_sti
                0x0000000000280aa1                _io_stihlt
                0x0000000000280aa4                _io_in8
                0x0000000000280aaf                _io_in16
                0x0000000000280abb                _io_in32
                0x0000000000280ac1                _io_out8
                0x0000000000280acb                _io_out16
                0x0000000000280ad7                _io_out32
                0x0000000000280ae1                _io_load_eflags
                0x0000000000280ae4                _io_store_eflags
                0x0000000000280aeb                _load_gdtr
                0x0000000000280afb                _load_idtr
                0x0000000000280b0b                _asm_inthandler21
                0x0000000000280b26                _asm_inthandler27
                0x0000000000280b41                _asm_inthandler2c
 .text          0x0000000000280b5c        0x0 font_8x16.o
 .text          0x0000000000280b5c      0x212 libc/libc.a(sprintf.o)
                0x0000000000280ca3                sprintf

.iplt           0x0000000000280d70        0x0
 .iplt          0x0000000000280d70        0x0 libc/libc.a(sprintf.o)

.rodata         0x0000000000280d80     0x1040
 .rodata        0x0000000000280d80       0x37 int.o
 *fill*         0x0000000000280db7        0x9 
 .rodata        0x0000000000280dc0     0x1000 font_8x16.o
                0x0000000000280dc0                fontdata_8x16

.note.gnu.property
                0x0000000000281dc0       0x1c
 .note.gnu.property
                0x0000000000281dc0       0x1c libc/libc.a(sprintf.o)

.rel.dyn        0x0000000000281ddc        0x0
 .rel.got       0x0000000000281ddc        0x0 libc/libc.a(sprintf.o)
 .rel.iplt      0x0000000000281ddc        0x0 libc/libc.a(sprintf.o)

.data           0x0000000000281de0      0x140
 *(.data)
 .data          0x0000000000281de0        0x0 bootpack.o
 .data          0x0000000000281de0        0x0 dsctbl.o
 .data          0x0000000000281de0      0x140 graphics.o
 .data          0x0000000000281f20        0x0 int.o
 .data          0x0000000000281f20        0x0 naskfunc.o
 .data          0x0000000000281f20        0x0 font_8x16.o
 .data          0x0000000000281f20        0x0 libc/libc.a(sprintf.o)

.got            0x0000000000281f20        0x0
 .got           0x0000000000281f20        0x0 libc/libc.a(sprintf.o)

.got.plt        0x0000000000281f20        0x0
 .got.plt       0x0000000000281f20        0x0 libc/libc.a(sprintf.o)

.igot.plt       0x0000000000281f20        0x0
 .igot.plt      0x0000000000281f20        0x0 libc/libc.a(sprintf.o)

.bss            0x0000000000281f20        0x0
 *(.bss)
 .bss           0x0000000000281f20        0x0 bootpack.o
 .bss           0x0000000000281f20        0x0 dsctbl.o
 .bss           0x0000000000281f20        0x0 graphics.o
 .bss           0x0000000000281f20        0x0 int.o
 .bss           0x0000000000281f20        0x0 naskfunc.o
 .bss           0x0000000000281f20        0x0 font_8x16.o
 .bss           0x0000000000281f20        0x0 libc/libc.a(sprintf.o)
LOAD libc/libc.a
OUTPUT(kernel.elf elf32-i386)

.comment        0x0000000000000000       0x1a
 .comment       0x0000000000000000       0x1a bootpack.o
                                         0x1b (size before relaxing)
 .comment       0x000000000000001a       0x1b dsctbl.o
 .comment       0x000000000000001a       0x1b graphics.o
 .comment       0x000000000000001a       0x1b int.o
 .comment       0x000000000000001a       0x1b font_8x16.o
 .comment       0x000000000000001a       0x1b libc/libc.a(sprintf.o)

.note.GNU-stack
                0x0000000000000000        0x0
 .note.GNU-stack
                0x0000000000000000        0x0 bootpack.o
 .note.GNU-stack
                0x0000000000000000        0x0 dsctbl.o
 .note.GNU-stack
                0x0000000000000000        0x0 graphics.o
 .note.GNU-stack
                0x0000000000000000        0x0 int.o
 .note.GNU-stack
                0x0000000000000000        0x0 font_8x16.o
 .note.GNU-stack
                0x0000000000000000        0x0 libc/libc.a(sprintf.o)
