Archive member included to satisfy reference by file (symbol)

libc/libc.a(sprintf.o)        bootpack.o (sprintf)

Allocating common symbols
Common symbol       size              file

keyfifo             0x18              keyboard.o
mousefifo           0x18              mouse.o

Memory Configuration

Name             Origin             Length             Attributes
*default*        0x0000000000000000 0xffffffffffffffff

Linker script and memory map

LOAD bootpack.o
LOAD dsctbl.o
LOAD graphics.o
LOAD int.o
LOAD fifo.o
LOAD mouse.o
LOAD keyboard.o
LOAD naskfunc.o
LOAD font_8x16.o
                0x0000000000280000                . = 0x280000

.text           0x0000000000280000     0x1b17
 *(.text)
 .text          0x0000000000280000      0x969 bootpack.o
                0x0000000000280000                HariMain
                0x0000000000280515                memtest
                0x00000000002805ca                memman_init
                0x00000000002805f7                memman_total
                0x0000000000280630                memman_alloc
                0x0000000000280719                memman_free
 .text          0x0000000000280969      0x1f3 dsctbl.o
                0x0000000000280969                init_gdtidt
                0x0000000000280a9c                set_segmdesc
                0x0000000000280b17                set_gatedesc
 .text          0x0000000000280b5c      0x5ce graphics.o
                0x0000000000280b5c                init_palette
                0x0000000000280b79                set_palette
                0x0000000000280c25                boxfill8
                0x0000000000280c77                init_screen8
                0x0000000000280e94                putfont8
                0x0000000000280f96                putfonts8_asc
                0x0000000000280fe5                init_mouse_cursor8
                0x00000000002810bb                putblock8_8
 .text          0x000000000028112a      0x122 int.o
                0x000000000028112a                init_pic
                0x0000000000281205                inthandler27
 .text          0x000000000028124c      0x143 fifo.o
                0x000000000028124c                fifo8_init
                0x000000000028128a                fifo8_put
                0x000000000028130a                fifo8_get
                0x000000000028137a                fifo8_status
 .text          0x000000000028138f      0x1cc mouse.o
                0x000000000028138f                inthandler2c
                0x00000000002813de                enable_mouse
                0x000000000028141c                mouse_decode
 .text          0x000000000028155b       0x8e keyboard.o
                0x000000000028155b                inthandler21
                0x0000000000281598                wait_KBC_sendready
                0x00000000002815b8                init_keyboard
 .text          0x00000000002815e9      0x10f naskfunc.o
                0x00000000002815e9                _io_hlt
                0x00000000002815eb                _io_cli
                0x00000000002815ed                _io_sti
                0x00000000002815ef                _io_stihlt
                0x00000000002815f2                _io_in8
                0x00000000002815fd                _io_in16
                0x0000000000281609                _io_in32
                0x000000000028160f                _io_out8
                0x0000000000281619                _io_out16
                0x0000000000281625                _io_out32
                0x000000000028162f                _io_load_eflags
                0x0000000000281632                _io_store_eflags
                0x0000000000281639                _load_gdtr
                0x0000000000281649                _load_idtr
                0x0000000000281659                _load_cr0
                0x000000000028165d                _store_cr0
                0x0000000000281665                _asm_inthandler21
                0x0000000000281680                _asm_inthandler27
                0x000000000028169b                _asm_inthandler2c
                0x00000000002816b6                _memtest_sub
 .text          0x00000000002816f8        0x0 font_8x16.o
 .text          0x00000000002816f8      0x41f libc/libc.a(sprintf.o)
                0x00000000002819e0                sprintf

.iplt           0x0000000000281b18        0x0
 .iplt          0x0000000000281b18        0x0 libc/libc.a(sprintf.o)

.rodata         0x0000000000281b20     0x1060
 .rodata        0x0000000000281b20       0x38 bootpack.o
 .rodata        0x0000000000281b58       0x15 int.o
 *fill*         0x0000000000281b6d       0x13 
 .rodata        0x0000000000281b80     0x1000 font_8x16.o
                0x0000000000281b80                fontdata_8x16

.note.gnu.property
                0x0000000000282b80       0x1c
 .note.gnu.property
                0x0000000000282b80       0x1c libc/libc.a(sprintf.o)

.rel.dyn        0x0000000000282b9c        0x0
 .rel.got       0x0000000000282b9c        0x0 libc/libc.a(sprintf.o)
 .rel.iplt      0x0000000000282b9c        0x0 libc/libc.a(sprintf.o)
 .rel.text      0x0000000000282b9c        0x0 libc/libc.a(sprintf.o)

.data           0x0000000000282ba0      0x140
 *(.data)
 .data          0x0000000000282ba0        0x0 bootpack.o
 .data          0x0000000000282ba0        0x0 dsctbl.o
 .data          0x0000000000282ba0      0x140 graphics.o
 .data          0x0000000000282ce0        0x0 int.o
 .data          0x0000000000282ce0        0x0 fifo.o
 .data          0x0000000000282ce0        0x0 mouse.o
 .data          0x0000000000282ce0        0x0 keyboard.o
 .data          0x0000000000282ce0        0x0 naskfunc.o
 .data          0x0000000000282ce0        0x0 font_8x16.o
 .data          0x0000000000282ce0        0x0 libc/libc.a(sprintf.o)

.got            0x0000000000282ce0        0x0
 .got           0x0000000000282ce0        0x0 libc/libc.a(sprintf.o)

.got.plt        0x0000000000282ce0        0x0
 .got.plt       0x0000000000282ce0        0x0 libc/libc.a(sprintf.o)

.igot.plt       0x0000000000282ce0        0x0
 .igot.plt      0x0000000000282ce0        0x0 libc/libc.a(sprintf.o)

.bss            0x0000000000282ce0       0x30
 *(.bss)
 .bss           0x0000000000282ce0        0x0 bootpack.o
 .bss           0x0000000000282ce0        0x0 dsctbl.o
 .bss           0x0000000000282ce0        0x0 graphics.o
 .bss           0x0000000000282ce0        0x0 int.o
 .bss           0x0000000000282ce0        0x0 fifo.o
 .bss           0x0000000000282ce0        0x0 mouse.o
 .bss           0x0000000000282ce0        0x0 keyboard.o
 .bss           0x0000000000282ce0        0x0 naskfunc.o
 .bss           0x0000000000282ce0        0x0 font_8x16.o
 .bss           0x0000000000282ce0        0x0 libc/libc.a(sprintf.o)
 COMMON         0x0000000000282ce0       0x18 mouse.o
                0x0000000000282ce0                mousefifo
 COMMON         0x0000000000282cf8       0x18 keyboard.o
                0x0000000000282cf8                keyfifo
LOAD libc/libc.a
OUTPUT(kernel.elf elf32-i386)

.comment        0x0000000000000000       0x1a
 .comment       0x0000000000000000       0x1a bootpack.o
                                         0x1b (size before relaxing)
 .comment       0x000000000000001a       0x1b dsctbl.o
 .comment       0x000000000000001a       0x1b graphics.o
 .comment       0x000000000000001a       0x1b int.o
 .comment       0x000000000000001a       0x1b fifo.o
 .comment       0x000000000000001a       0x1b mouse.o
 .comment       0x000000000000001a       0x1b keyboard.o
 .comment       0x000000000000001a       0x1b font_8x16.o
 .comment       0x000000000000001a       0x1b libc/libc.a(sprintf.o)

.note.GNU-stack
                0x0000000000000000        0x0
 .note.GNU-stack
                0x0000000000000000        0x0 bootpack.o
 .note.GNU-stack
                0x0000000000000000        0x0 dsctbl.o
 .note.GNU-stack
                0x0000000000000000        0x0 graphics.o
 .note.GNU-stack
                0x0000000000000000        0x0 int.o
 .note.GNU-stack
                0x0000000000000000        0x0 fifo.o
 .note.GNU-stack
                0x0000000000000000        0x0 mouse.o
 .note.GNU-stack
                0x0000000000000000        0x0 keyboard.o
 .note.GNU-stack
                0x0000000000000000        0x0 font_8x16.o
 .note.GNU-stack
                0x0000000000000000        0x0 libc/libc.a(sprintf.o)
