Archive member included to satisfy reference by file (symbol)

libc/libc.a(sprintf.o)        console.o (sprintf)
libc/libc.a(strcmp.o)         console.o (strcmp)

Allocating common symbols
Common symbol       size              file

mousedata0          0x4               mouse.o
keyfifo             0x4               keyboard.o
taskctl             0x4               mtask.o
timerctl            0x271c            timer.o
mousefifo           0x4               mouse.o
task_timer          0x4               mtask.o
keydata0            0x4               keyboard.o

Memory Configuration

Name             Origin             Length             Attributes
*default*        0x0000000000000000 0xffffffffffffffff

Linker script and memory map

LOAD bootpack.o
LOAD dsctbl.o
LOAD graphics.o
LOAD int.o
LOAD fifo.o
LOAD mouse.o
LOAD keyboard.o
LOAD memory.o
LOAD sheet.o
LOAD timer.o
LOAD mtask.o
LOAD file.o
LOAD window.o
LOAD console.o
LOAD naskfunc.o
LOAD font_8x16.o
                0x0000000000280000                . = 0x280000

.text           0x0000000000280000     0x4a3a
 *(.text)
 .text          0x0000000000280000      0xb5a bootpack.o
                0x0000000000280000                HariMain
 .text          0x0000000000280b5a      0x22f dsctbl.o
                0x0000000000280b5a                init_gdtidt
                0x0000000000280cc9                set_segmdesc
                0x0000000000280d44                set_gatedesc
 .text          0x0000000000280d89      0x5ce graphics.o
                0x0000000000280d89                init_palette
                0x0000000000280da6                set_palette
                0x0000000000280e52                boxfill8
                0x0000000000280ea4                init_screen8
                0x00000000002810c1                putfont8
                0x00000000002811c3                putfonts8_asc
                0x0000000000281212                init_mouse_cursor8
                0x00000000002812e8                putblock8_8
 .text          0x0000000000281357      0x122 int.o
                0x0000000000281357                init_pic
                0x0000000000281432                inthandler27
 .text          0x0000000000281479      0x178 fifo.o
                0x0000000000281479                fifo32_init
                0x00000000002814c0                fifo32_put
                0x000000000028156d                fifo32_get
                0x00000000002815dc                fifo32_status
 .text          0x00000000002815f1      0x1e4 mouse.o
                0x00000000002815f1                inthandler2c
                0x0000000000281648                enable_mouse
                0x0000000000281696                mouse_decode
 .text          0x00000000002817d5       0xa6 keyboard.o
                0x00000000002817d5                inthandler21
                0x000000000028181a                wait_KBC_sendready
                0x000000000028183a                init_keyboard
 .text          0x000000000028187b      0x4b1 memory.o
                0x000000000028187b                memtest
                0x0000000000281932                memman_init
                0x000000000028195f                memman_total
                0x0000000000281998                memman_alloc
                0x0000000000281a81                memman_free
                0x0000000000281cd1                memman_alloc_4k
                0x0000000000281cfd                memman_free_4k
 .text          0x0000000000281d2c      0xa25 sheet.o
                0x0000000000281d2c                shtctl_init
                0x0000000000281e0f                sheet_alloc
                0x0000000000281e86                sheet_setbuf
                0x0000000000281eaf                sheet_refreshmap
                0x0000000000282063                sheet_refreshsub
                0x000000000028222f                sheet_updown
                0x00000000002825a6                sheet_refresh
                0x0000000000282617                sheet_slide
                0x000000000028272a                sheet_free
 .text          0x0000000000282751      0x29a timer.o
                0x0000000000282751                init_pit
                0x00000000002827f9                timer_alloc
                0x0000000000282863                timer_free
                0x0000000000282873                timer_init
                0x000000000028288b                timer_settime
                0x000000000028293a                inthandler20
 .text          0x00000000002829eb      0x630 mtask.o
                0x00000000002829eb                task_now
                0x0000000000282a1b                task_add
                0x0000000000282a64                task_remove
                0x0000000000282b21                task_switchsub
                0x0000000000282b6d                task_idle
                0x0000000000282b7a                task_init
                0x0000000000282d7f                task_alloc
                0x0000000000282e8f                task_run
                0x0000000000282efc                task_sleep
                0x0000000000282f4c                task_switch
 .text          0x000000000028301b      0x2ca file.o
                0x000000000028301b                file_readfat
                0x00000000002830cb                file_loadfile
                0x0000000000283173                file_search
 .text          0x00000000002832e5      0x508 window.o
                0x00000000002832e5                make_window8
                0x0000000000283457                make_wtitle8
                0x000000000028354f                putfonts8_asc_sht
                0x00000000002835ee                make_textbox8
 .text          0x00000000002837ed      0xb9f console.o
                0x00000000002837ed                console_task
                0x0000000000283b95                cons_putchar
                0x0000000000283c9d                cons_newline
                0x0000000000283da5                cons_runcmd
                0x0000000000283ed4                cmd_mem
                0x0000000000283f97                cmd_cls
                0x0000000000284015                cmd_dir
                0x0000000000284169                cmd_type
                0x0000000000284279                cmd_hlt
 .text          0x000000000028438c      0x152 naskfunc.o
                0x000000000028438c                _io_hlt
                0x000000000028438e                _io_cli
                0x0000000000284390                _io_sti
                0x0000000000284392                _io_stihlt
                0x0000000000284395                _io_in8
                0x00000000002843a0                _io_in16
                0x00000000002843ac                _io_in32
                0x00000000002843b2                _io_out8
                0x00000000002843bc                _io_out16
                0x00000000002843c8                _io_out32
                0x00000000002843d2                _io_load_eflags
                0x00000000002843d5                _io_store_eflags
                0x00000000002843dc                _load_gdtr
                0x00000000002843ec                _load_idtr
                0x00000000002843fc                _load_cr0
                0x0000000000284400                _store_cr0
                0x0000000000284408                _load_tr
                0x000000000028440e                _asm_inthandler20
                0x0000000000284429                _asm_inthandler21
                0x0000000000284444                _asm_inthandler27
                0x000000000028445f                _asm_inthandler2c
                0x000000000028447a                _memtest_sub
                0x00000000002844bc                _farjmp
                0x00000000002844c1                _farcall
                0x00000000002844c6                _asm_cons_putchar
 .text          0x00000000002844de        0x0 font_8x16.o
 .text          0x00000000002844de      0x41f libc/libc.a(sprintf.o)
                0x00000000002847c6                sprintf
 .text          0x00000000002848fd      0x13d libc/libc.a(strcmp.o)
                0x00000000002848fd                strcmp
                0x000000000028498f                strncmp

.iplt           0x0000000000284a3a        0x0
 .iplt          0x0000000000284a3a        0x0 bootpack.o

.rodata         0x0000000000284a40     0x10a0
 .rodata        0x0000000000284a40       0x11 bootpack.o
 .rodata        0x0000000000284a51       0x15 int.o
 .rodata        0x0000000000284a66       0x67 console.o
 *fill*         0x0000000000284acd       0x13 
 .rodata        0x0000000000284ae0     0x1000 font_8x16.o
                0x0000000000284ae0                fontdata_8x16

.rel.dyn        0x0000000000285ae0        0x0
 .rel.got       0x0000000000285ae0        0x0 bootpack.o
 .rel.iplt      0x0000000000285ae0        0x0 bootpack.o
 .rel.text      0x0000000000285ae0        0x0 bootpack.o

.data           0x0000000000285ae0      0x320
 *(.data)
 .data          0x0000000000285ae0      0x100 bootpack.o
 .data          0x0000000000285be0        0x0 dsctbl.o
 .data          0x0000000000285be0      0x140 graphics.o
 .data          0x0000000000285d20        0x0 int.o
 .data          0x0000000000285d20        0x0 fifo.o
 .data          0x0000000000285d20        0x0 mouse.o
 .data          0x0000000000285d20        0x0 keyboard.o
 .data          0x0000000000285d20        0x0 memory.o
 .data          0x0000000000285d20        0x0 sheet.o
 .data          0x0000000000285d20        0x0 timer.o
 .data          0x0000000000285d20        0x0 mtask.o
 .data          0x0000000000285d20        0x0 file.o
 .data          0x0000000000285d20       0xe0 window.o
 .data          0x0000000000285e00        0x0 console.o
 .data          0x0000000000285e00        0x0 naskfunc.o
 .data          0x0000000000285e00        0x0 font_8x16.o
 .data          0x0000000000285e00        0x0 libc/libc.a(sprintf.o)
 .data          0x0000000000285e00        0x0 libc/libc.a(strcmp.o)

.got            0x0000000000285e00        0x0
 .got           0x0000000000285e00        0x0 bootpack.o

.got.plt        0x0000000000285e00        0x0
 .got.plt       0x0000000000285e00        0x0 bootpack.o

.igot.plt       0x0000000000285e00        0x0
 .igot.plt      0x0000000000285e00        0x0 bootpack.o

.bss            0x0000000000285e00     0x2744
 *(.bss)
 .bss           0x0000000000285e00        0x0 bootpack.o
 .bss           0x0000000000285e00        0x0 dsctbl.o
 .bss           0x0000000000285e00        0x0 graphics.o
 .bss           0x0000000000285e00        0x0 int.o
 .bss           0x0000000000285e00        0x0 fifo.o
 .bss           0x0000000000285e00        0x0 mouse.o
 .bss           0x0000000000285e00        0x0 keyboard.o
 .bss           0x0000000000285e00        0x0 memory.o
 .bss           0x0000000000285e00        0x0 sheet.o
 .bss           0x0000000000285e00        0x0 timer.o
 .bss           0x0000000000285e00        0x0 mtask.o
 .bss           0x0000000000285e00        0x0 file.o
 .bss           0x0000000000285e00        0x0 window.o
 .bss           0x0000000000285e00        0x0 console.o
 .bss           0x0000000000285e00        0x0 naskfunc.o
 .bss           0x0000000000285e00        0x0 font_8x16.o
 .bss           0x0000000000285e00        0x0 libc/libc.a(sprintf.o)
 .bss           0x0000000000285e00        0x0 libc/libc.a(strcmp.o)
 COMMON         0x0000000000285e00        0x8 mouse.o
                0x0000000000285e00                mousedata0
                0x0000000000285e04                mousefifo
 COMMON         0x0000000000285e08        0x8 keyboard.o
                0x0000000000285e08                keyfifo
                0x0000000000285e0c                keydata0
 *fill*         0x0000000000285e10       0x10 
 COMMON         0x0000000000285e20     0x271c timer.o
                0x0000000000285e20                timerctl
 COMMON         0x000000000028853c        0x8 mtask.o
                0x000000000028853c                taskctl
                0x0000000000288540                task_timer
LOAD libc/libc.a
OUTPUT(kernel.elf elf32-i386)

.comment        0x0000000000000000       0x11
 .comment       0x0000000000000000       0x11 bootpack.o
                                         0x12 (size before relaxing)
 .comment       0x0000000000000011       0x12 dsctbl.o
 .comment       0x0000000000000011       0x12 graphics.o
 .comment       0x0000000000000011       0x12 int.o
 .comment       0x0000000000000011       0x12 fifo.o
 .comment       0x0000000000000011       0x12 mouse.o
 .comment       0x0000000000000011       0x12 keyboard.o
 .comment       0x0000000000000011       0x12 memory.o
 .comment       0x0000000000000011       0x12 sheet.o
 .comment       0x0000000000000011       0x12 timer.o
 .comment       0x0000000000000011       0x12 mtask.o
 .comment       0x0000000000000011       0x12 file.o
 .comment       0x0000000000000011       0x12 window.o
 .comment       0x0000000000000011       0x12 console.o
 .comment       0x0000000000000011       0x12 font_8x16.o
 .comment       0x0000000000000011       0x12 libc/libc.a(sprintf.o)
 .comment       0x0000000000000011       0x12 libc/libc.a(strcmp.o)

.note.GNU-stack
                0x0000000000000000        0x0
 .note.GNU-stack
                0x0000000000000000        0x0 bootpack.o
 .note.GNU-stack
                0x0000000000000000        0x0 dsctbl.o
 .note.GNU-stack
                0x0000000000000000        0x0 graphics.o
 .note.GNU-stack
                0x0000000000000000        0x0 int.o
 .note.GNU-stack
                0x0000000000000000        0x0 fifo.o
 .note.GNU-stack
                0x0000000000000000        0x0 mouse.o
 .note.GNU-stack
                0x0000000000000000        0x0 keyboard.o
 .note.GNU-stack
                0x0000000000000000        0x0 memory.o
 .note.GNU-stack
                0x0000000000000000        0x0 sheet.o
 .note.GNU-stack
                0x0000000000000000        0x0 timer.o
 .note.GNU-stack
                0x0000000000000000        0x0 mtask.o
 .note.GNU-stack
                0x0000000000000000        0x0 file.o
 .note.GNU-stack
                0x0000000000000000        0x0 window.o
 .note.GNU-stack
                0x0000000000000000        0x0 console.o
 .note.GNU-stack
                0x0000000000000000        0x0 font_8x16.o
 .note.GNU-stack
                0x0000000000000000        0x0 libc/libc.a(sprintf.o)
 .note.GNU-stack
                0x0000000000000000        0x0 libc/libc.a(strcmp.o)
