Archive member included to satisfy reference by file (symbol)

libc/libc.a(sprintf.o)        bootpack.o (sprintf)

Allocating common symbols
Common symbol       size              file

mousedata0          0x4               mouse.o
keyfifo             0x4               keyboard.o
timerctl            0x271c            timer.o
mousefifo           0x4               mouse.o
keydata0            0x4               keyboard.o

Memory Configuration

Name             Origin             Length             Attributes
*default*        0x0000000000000000 0xffffffffffffffff

Linker script and memory map

LOAD bootpack.o
LOAD dsctbl.o
LOAD graphics.o
LOAD int.o
LOAD fifo.o
LOAD mouse.o
LOAD keyboard.o
LOAD memory.o
LOAD sheet.o
LOAD timer.o
LOAD naskfunc.o
LOAD font_8x16.o
                0x0000000000280000                . = 0x280000

.text           0x0000000000280000     0x2d42
 *(.text)
 .text          0x0000000000280000      0x9e5 bootpack.o
                0x0000000000280000                HariMain
                0x0000000000280728                make_window8
                0x0000000000280946                putfonts8_asc_sht
 .text          0x00000000002809e5      0x211 dsctbl.o
                0x00000000002809e5                init_gdtidt
                0x0000000000280b36                set_segmdesc
                0x0000000000280bb1                set_gatedesc
 .text          0x0000000000280bf6      0x5ce graphics.o
                0x0000000000280bf6                init_palette
                0x0000000000280c13                set_palette
                0x0000000000280cbf                boxfill8
                0x0000000000280d11                init_screen8
                0x0000000000280f2e                putfont8
                0x0000000000281030                putfonts8_asc
                0x000000000028107f                init_mouse_cursor8
                0x0000000000281155                putblock8_8
 .text          0x00000000002811c4      0x122 int.o
                0x00000000002811c4                init_pic
                0x000000000028129f                inthandler27
 .text          0x00000000002812e6      0x13b fifo.o
                0x00000000002812e6                fifo32_init
                0x0000000000281324                fifo32_put
                0x000000000028139d                fifo32_get
                0x000000000028140c                fifo32_status
 .text          0x0000000000281421      0x1e4 mouse.o
                0x0000000000281421                inthandler2c
                0x0000000000281478                enable_mouse
                0x00000000002814c6                mouse_decode
 .text          0x0000000000281605       0xa6 keyboard.o
                0x0000000000281605                inthandler21
                0x000000000028164a                wait_KBC_sendready
                0x000000000028166a                init_keyboard
 .text          0x00000000002816ab      0x4b1 memory.o
                0x00000000002816ab                memtest
                0x0000000000281762                memman_init
                0x000000000028178f                memman_total
                0x00000000002817c8                memman_alloc
                0x00000000002818b1                memman_free
                0x0000000000281b01                memman_alloc_4k
                0x0000000000281b2d                memman_free_4k
 .text          0x0000000000281b5c      0xa25 sheet.o
                0x0000000000281b5c                shtctl_init
                0x0000000000281c3f                sheet_alloc
                0x0000000000281cb6                sheet_setbuf
                0x0000000000281cdf                sheet_refreshmap
                0x0000000000281e93                sheet_refreshsub
                0x000000000028205f                sheet_updown
                0x00000000002823d6                sheet_refresh
                0x0000000000282447                sheet_slide
                0x000000000028255a                sheet_free
 .text          0x0000000000282581      0x278 timer.o
                0x0000000000282581                init_pit
                0x0000000000282629                timer_alloc
                0x0000000000282693                timer_free
                0x00000000002826a3                timer_init
                0x00000000002826bb                timer_settime
                0x000000000028276a                inthandler20
 .text          0x00000000002827f9      0x12a naskfunc.o
                0x00000000002827f9                _io_hlt
                0x00000000002827fb                _io_cli
                0x00000000002827fd                _io_sti
                0x00000000002827ff                _io_stihlt
                0x0000000000282802                _io_in8
                0x000000000028280d                _io_in16
                0x0000000000282819                _io_in32
                0x000000000028281f                _io_out8
                0x0000000000282829                _io_out16
                0x0000000000282835                _io_out32
                0x000000000028283f                _io_load_eflags
                0x0000000000282842                _io_store_eflags
                0x0000000000282849                _load_gdtr
                0x0000000000282859                _load_idtr
                0x0000000000282869                _load_cr0
                0x000000000028286d                _store_cr0
                0x0000000000282875                _asm_inthandler20
                0x0000000000282890                _asm_inthandler21
                0x00000000002828ab                _asm_inthandler27
                0x00000000002828c6                _asm_inthandler2c
                0x00000000002828e1                _memtest_sub
 .text          0x0000000000282923        0x0 font_8x16.o
 .text          0x0000000000282923      0x41f libc/libc.a(sprintf.o)
                0x0000000000282c0b                sprintf

.iplt           0x0000000000282d48        0x0
 .iplt          0x0000000000282d48        0x0 libc/libc.a(sprintf.o)

.rodata         0x0000000000282d60     0x1080
 .rodata        0x0000000000282d60       0x50 bootpack.o
 .rodata        0x0000000000282db0       0x15 int.o
 *fill*         0x0000000000282dc5       0x1b 
 .rodata        0x0000000000282de0     0x1000 font_8x16.o
                0x0000000000282de0                fontdata_8x16

.note.gnu.property
                0x0000000000283de0       0x1c
 .note.gnu.property
                0x0000000000283de0       0x1c libc/libc.a(sprintf.o)

.rel.dyn        0x0000000000283dfc        0x0
 .rel.got       0x0000000000283dfc        0x0 libc/libc.a(sprintf.o)
 .rel.iplt      0x0000000000283dfc        0x0 libc/libc.a(sprintf.o)
 .rel.text      0x0000000000283dfc        0x0 libc/libc.a(sprintf.o)

.data           0x0000000000283e00      0x220
 *(.data)
 .data          0x0000000000283e00       0xe0 bootpack.o
 .data          0x0000000000283ee0        0x0 dsctbl.o
 .data          0x0000000000283ee0      0x140 graphics.o
 .data          0x0000000000284020        0x0 int.o
 .data          0x0000000000284020        0x0 fifo.o
 .data          0x0000000000284020        0x0 mouse.o
 .data          0x0000000000284020        0x0 keyboard.o
 .data          0x0000000000284020        0x0 memory.o
 .data          0x0000000000284020        0x0 sheet.o
 .data          0x0000000000284020        0x0 timer.o
 .data          0x0000000000284020        0x0 naskfunc.o
 .data          0x0000000000284020        0x0 font_8x16.o
 .data          0x0000000000284020        0x0 libc/libc.a(sprintf.o)

.got            0x0000000000284020        0x0
 .got           0x0000000000284020        0x0 libc/libc.a(sprintf.o)

.got.plt        0x0000000000284020        0x0
 .got.plt       0x0000000000284020        0x0 libc/libc.a(sprintf.o)

.igot.plt       0x0000000000284020        0x0
 .igot.plt      0x0000000000284020        0x0 libc/libc.a(sprintf.o)

.bss            0x0000000000284020     0x273c
 *(.bss)
 .bss           0x0000000000284020        0x0 bootpack.o
 .bss           0x0000000000284020        0x0 dsctbl.o
 .bss           0x0000000000284020        0x0 graphics.o
 .bss           0x0000000000284020        0x0 int.o
 .bss           0x0000000000284020        0x0 fifo.o
 .bss           0x0000000000284020        0x0 mouse.o
 .bss           0x0000000000284020        0x0 keyboard.o
 .bss           0x0000000000284020        0x0 memory.o
 .bss           0x0000000000284020        0x0 sheet.o
 .bss           0x0000000000284020        0x0 timer.o
 .bss           0x0000000000284020        0x0 naskfunc.o
 .bss           0x0000000000284020        0x0 font_8x16.o
 .bss           0x0000000000284020        0x0 libc/libc.a(sprintf.o)
 COMMON         0x0000000000284020        0x8 mouse.o
                0x0000000000284020                mousedata0
                0x0000000000284024                mousefifo
 COMMON         0x0000000000284028        0x8 keyboard.o
                0x0000000000284028                keyfifo
                0x000000000028402c                keydata0
 *fill*         0x0000000000284030       0x10 
 COMMON         0x0000000000284040     0x271c timer.o
                0x0000000000284040                timerctl
LOAD libc/libc.a
OUTPUT(kernel.elf elf32-i386)

.comment        0x0000000000000000       0x1a
 .comment       0x0000000000000000       0x1a bootpack.o
                                         0x1b (size before relaxing)
 .comment       0x000000000000001a       0x1b dsctbl.o
 .comment       0x000000000000001a       0x1b graphics.o
 .comment       0x000000000000001a       0x1b int.o
 .comment       0x000000000000001a       0x1b fifo.o
 .comment       0x000000000000001a       0x1b mouse.o
 .comment       0x000000000000001a       0x1b keyboard.o
 .comment       0x000000000000001a       0x1b memory.o
 .comment       0x000000000000001a       0x1b sheet.o
 .comment       0x000000000000001a       0x1b timer.o
 .comment       0x000000000000001a       0x1b font_8x16.o
 .comment       0x000000000000001a       0x1b libc/libc.a(sprintf.o)

.note.GNU-stack
                0x0000000000000000        0x0
 .note.GNU-stack
                0x0000000000000000        0x0 bootpack.o
 .note.GNU-stack
                0x0000000000000000        0x0 dsctbl.o
 .note.GNU-stack
                0x0000000000000000        0x0 graphics.o
 .note.GNU-stack
                0x0000000000000000        0x0 int.o
 .note.GNU-stack
                0x0000000000000000        0x0 fifo.o
 .note.GNU-stack
                0x0000000000000000        0x0 mouse.o
 .note.GNU-stack
                0x0000000000000000        0x0 keyboard.o
 .note.GNU-stack
                0x0000000000000000        0x0 memory.o
 .note.GNU-stack
                0x0000000000000000        0x0 sheet.o
 .note.GNU-stack
                0x0000000000000000        0x0 timer.o
 .note.GNU-stack
                0x0000000000000000        0x0 font_8x16.o
 .note.GNU-stack
                0x0000000000000000        0x0 libc/libc.a(sprintf.o)
