Archive member included to satisfy reference by file (symbol)

libc/libc.a(sprintf.o)        console.o (sprintf)
libc/libc.a(strcmp.o)         console.o (strcmp)

Allocating common symbols
Common symbol       size              file

mousedata0          0x4               mouse.o
keyfifo             0x4               keyboard.o
taskctl             0x4               mtask.o
timerctl            0x271c            timer.o
mousefifo           0x4               mouse.o
task_timer          0x4               mtask.o
keydata0            0x4               keyboard.o

Memory Configuration

Name             Origin             Length             Attributes
*default*        0x0000000000000000 0xffffffffffffffff

Linker script and memory map

LOAD bootpack.o
LOAD dsctbl.o
LOAD graphics.o
LOAD int.o
LOAD fifo.o
LOAD mouse.o
LOAD keyboard.o
LOAD memory.o
LOAD sheet.o
LOAD timer.o
LOAD mtask.o
LOAD file.o
LOAD window.o
LOAD console.o
LOAD naskfunc.o
LOAD font_8x16.o
                0x0000000000280000                . = 0x280000

.text           0x0000000000280000     0x5425
 *(.text)
 .text          0x0000000000280000      0xbed bootpack.o
                0x0000000000280000                HariMain
 .text          0x0000000000280bed      0x267 dsctbl.o
                0x0000000000280bed                init_gdtidt
                0x0000000000280d94                set_segmdesc
                0x0000000000280e0f                set_gatedesc
 .text          0x0000000000280e54      0x5ce graphics.o
                0x0000000000280e54                init_palette
                0x0000000000280e71                set_palette
                0x0000000000280f1d                boxfill8
                0x0000000000280f6f                init_screen8
                0x000000000028118c                putfont8
                0x000000000028128e                putfonts8_asc
                0x00000000002812dd                init_mouse_cursor8
                0x00000000002813b3                putblock8_8
 .text          0x0000000000281422      0x122 int.o
                0x0000000000281422                init_pic
                0x00000000002814fd                inthandler27
 .text          0x0000000000281544      0x178 fifo.o
                0x0000000000281544                fifo32_init
                0x000000000028158b                fifo32_put
                0x0000000000281638                fifo32_get
                0x00000000002816a7                fifo32_status
 .text          0x00000000002816bc      0x1e4 mouse.o
                0x00000000002816bc                inthandler2c
                0x0000000000281713                enable_mouse
                0x0000000000281761                mouse_decode
 .text          0x00000000002818a0       0xa6 keyboard.o
                0x00000000002818a0                inthandler21
                0x00000000002818e5                wait_KBC_sendready
                0x0000000000281905                init_keyboard
 .text          0x0000000000281946      0x4b1 memory.o
                0x0000000000281946                memtest
                0x00000000002819fd                memman_init
                0x0000000000281a2a                memman_total
                0x0000000000281a63                memman_alloc
                0x0000000000281b4c                memman_free
                0x0000000000281d9c                memman_alloc_4k
                0x0000000000281dc8                memman_free_4k
 .text          0x0000000000281df7      0xa2f sheet.o
                0x0000000000281df7                shtctl_init
                0x0000000000281eda                sheet_alloc
                0x0000000000281f5b                sheet_setbuf
                0x0000000000281f84                sheet_refreshmap
                0x0000000000282138                sheet_refreshsub
                0x0000000000282304                sheet_updown
                0x000000000028267b                sheet_refresh
                0x00000000002826ec                sheet_slide
                0x00000000002827ff                sheet_free
 .text          0x0000000000282826      0x299 timer.o
                0x0000000000282826                init_pit
                0x00000000002828ce                timer_alloc
                0x0000000000282938                timer_free
                0x0000000000282948                timer_init
                0x0000000000282960                timer_settime
                0x0000000000282a0f                inthandler20
 .text          0x0000000000282abf      0x63a mtask.o
                0x0000000000282abf                task_now
                0x0000000000282aef                task_add
                0x0000000000282b38                task_remove
                0x0000000000282bf5                task_switchsub
                0x0000000000282c41                task_idle
                0x0000000000282c4e                task_init
                0x0000000000282e53                task_alloc
                0x0000000000282f6d                task_run
                0x0000000000282fda                task_sleep
                0x000000000028302a                task_switch
 .text          0x00000000002830f9      0x2ca file.o
                0x00000000002830f9                file_readfat
                0x00000000002831a9                file_loadfile
                0x0000000000283251                file_search
 .text          0x00000000002833c3      0x508 window.o
                0x00000000002833c3                make_window8
                0x0000000000283535                make_wtitle8
                0x000000000028362d                putfonts8_asc_sht
                0x00000000002836cc                make_textbox8
 .text          0x00000000002838cb     0x13f6 console.o
                0x00000000002838cb                console_task
                0x0000000000283c8a                cons_putchar
                0x0000000000283d92                cons_newline
                0x0000000000283e9a                cons_putstr0
                0x0000000000283ecd                cons_putstr1
                0x0000000000283f0a                cons_runcmd
                0x0000000000283ff6                cmd_mem
                0x0000000000284044                cmd_cls
                0x00000000002840c2                cmd_dir
                0x00000000002841f6                cmd_type
                0x00000000002842c1                cmd_app
                0x00000000002845d5                hrb_api
                0x0000000000284acc                inthandler0c
                0x0000000000284b2e                inthandler0d
                0x0000000000284b90                hrb_api_linewin
 .text          0x0000000000284cc1      0x1e0 naskfunc.o
                0x0000000000284cc1                _io_hlt
                0x0000000000284cc3                _io_cli
                0x0000000000284cc5                _io_sti
                0x0000000000284cc7                _io_stihlt
                0x0000000000284cca                _io_in8
                0x0000000000284cd5                _io_in16
                0x0000000000284ce1                _io_in32
                0x0000000000284ce7                _io_out8
                0x0000000000284cf1                _io_out16
                0x0000000000284cfd                _io_out32
                0x0000000000284d07                _io_load_eflags
                0x0000000000284d0a                _io_store_eflags
                0x0000000000284d11                _load_gdtr
                0x0000000000284d21                _load_idtr
                0x0000000000284d31                _load_cr0
                0x0000000000284d35                _store_cr0
                0x0000000000284d3d                _load_tr
                0x0000000000284d43                _asm_inthandler20
                0x0000000000284d5e                _asm_inthandler21
                0x0000000000284d79                _asm_inthandler27
                0x0000000000284d94                _asm_inthandler2c
                0x0000000000284daf                _asm_inthandler0c
                0x0000000000284dd7                _asm_inthandler0d
                0x0000000000284dfb                _memtest_sub
                0x0000000000284e3d                _farjmp
                0x0000000000284e42                _farcall
                0x0000000000284e47                _asm_hrb_api
                0x0000000000284e68                _asm_end_app
                0x0000000000284e73                _start_app
 .text          0x0000000000284ea1        0x0 font_8x16.o
 .text          0x0000000000284ea1      0x447 libc/libc.a(sprintf.o)
                0x0000000000285189                sprintf
 .text          0x00000000002852e8      0x13d libc/libc.a(strcmp.o)
                0x00000000002852e8                strcmp
                0x000000000028537a                strncmp

.iplt           0x0000000000285425        0x0
 .iplt          0x0000000000285425        0x0 bootpack.o

.rodata         0x0000000000285440     0x1120
 .rodata        0x0000000000285440       0x20 bootpack.o
 .rodata        0x0000000000285460       0x15 int.o
 *fill*         0x0000000000285475        0x3 
 .rodata        0x0000000000285478       0xd1 console.o
 *fill*         0x0000000000285549       0x17 
 .rodata        0x0000000000285560     0x1000 font_8x16.o
                0x0000000000285560                fontdata_8x16

.rel.dyn        0x0000000000286560        0x0
 .rel.got       0x0000000000286560        0x0 bootpack.o
 .rel.iplt      0x0000000000286560        0x0 bootpack.o
 .rel.text      0x0000000000286560        0x0 bootpack.o

.data           0x0000000000286560      0x320
 *(.data)
 .data          0x0000000000286560      0x100 bootpack.o
 .data          0x0000000000286660        0x0 dsctbl.o
 .data          0x0000000000286660      0x140 graphics.o
 .data          0x00000000002867a0        0x0 int.o
 .data          0x00000000002867a0        0x0 fifo.o
 .data          0x00000000002867a0        0x0 mouse.o
 .data          0x00000000002867a0        0x0 keyboard.o
 .data          0x00000000002867a0        0x0 memory.o
 .data          0x00000000002867a0        0x0 sheet.o
 .data          0x00000000002867a0        0x0 timer.o
 .data          0x00000000002867a0        0x0 mtask.o
 .data          0x00000000002867a0        0x0 file.o
 .data          0x00000000002867a0       0xe0 window.o
 .data          0x0000000000286880        0x0 console.o
 .data          0x0000000000286880        0x0 naskfunc.o
 .data          0x0000000000286880        0x0 font_8x16.o
 .data          0x0000000000286880        0x0 libc/libc.a(sprintf.o)
 .data          0x0000000000286880        0x0 libc/libc.a(strcmp.o)

.got            0x0000000000286880        0x0
 .got           0x0000000000286880        0x0 bootpack.o

.got.plt        0x0000000000286880        0x0
 .got.plt       0x0000000000286880        0x0 bootpack.o

.igot.plt       0x0000000000286880        0x0
 .igot.plt      0x0000000000286880        0x0 bootpack.o

.bss            0x0000000000286880     0x2744
 *(.bss)
 .bss           0x0000000000286880        0x0 bootpack.o
 .bss           0x0000000000286880        0x0 dsctbl.o
 .bss           0x0000000000286880        0x0 graphics.o
 .bss           0x0000000000286880        0x0 int.o
 .bss           0x0000000000286880        0x0 fifo.o
 .bss           0x0000000000286880        0x0 mouse.o
 .bss           0x0000000000286880        0x0 keyboard.o
 .bss           0x0000000000286880        0x0 memory.o
 .bss           0x0000000000286880        0x0 sheet.o
 .bss           0x0000000000286880        0x0 timer.o
 .bss           0x0000000000286880        0x0 mtask.o
 .bss           0x0000000000286880        0x0 file.o
 .bss           0x0000000000286880        0x0 window.o
 .bss           0x0000000000286880        0x0 console.o
 .bss           0x0000000000286880        0x0 naskfunc.o
 .bss           0x0000000000286880        0x0 font_8x16.o
 .bss           0x0000000000286880        0x0 libc/libc.a(sprintf.o)
 .bss           0x0000000000286880        0x0 libc/libc.a(strcmp.o)
 COMMON         0x0000000000286880        0x8 mouse.o
                0x0000000000286880                mousedata0
                0x0000000000286884                mousefifo
 COMMON         0x0000000000286888        0x8 keyboard.o
                0x0000000000286888                keyfifo
                0x000000000028688c                keydata0
 *fill*         0x0000000000286890       0x10 
 COMMON         0x00000000002868a0     0x271c timer.o
                0x00000000002868a0                timerctl
 COMMON         0x0000000000288fbc        0x8 mtask.o
                0x0000000000288fbc                taskctl
                0x0000000000288fc0                task_timer
LOAD libc/libc.a
OUTPUT(kernel.elf elf32-i386)

.comment        0x0000000000000000       0x11
 .comment       0x0000000000000000       0x11 bootpack.o
                                         0x12 (size before relaxing)
 .comment       0x0000000000000011       0x12 dsctbl.o
 .comment       0x0000000000000011       0x12 graphics.o
 .comment       0x0000000000000011       0x12 int.o
 .comment       0x0000000000000011       0x12 fifo.o
 .comment       0x0000000000000011       0x12 mouse.o
 .comment       0x0000000000000011       0x12 keyboard.o
 .comment       0x0000000000000011       0x12 memory.o
 .comment       0x0000000000000011       0x12 sheet.o
 .comment       0x0000000000000011       0x12 timer.o
 .comment       0x0000000000000011       0x12 mtask.o
 .comment       0x0000000000000011       0x12 file.o
 .comment       0x0000000000000011       0x12 window.o
 .comment       0x0000000000000011       0x12 console.o
 .comment       0x0000000000000011       0x12 font_8x16.o
 .comment       0x0000000000000011       0x12 libc/libc.a(sprintf.o)
 .comment       0x0000000000000011       0x12 libc/libc.a(strcmp.o)

.note.GNU-stack
                0x0000000000000000        0x0
 .note.GNU-stack
                0x0000000000000000        0x0 bootpack.o
 .note.GNU-stack
                0x0000000000000000        0x0 dsctbl.o
 .note.GNU-stack
                0x0000000000000000        0x0 graphics.o
 .note.GNU-stack
                0x0000000000000000        0x0 int.o
 .note.GNU-stack
                0x0000000000000000        0x0 fifo.o
 .note.GNU-stack
                0x0000000000000000        0x0 mouse.o
 .note.GNU-stack
                0x0000000000000000        0x0 keyboard.o
 .note.GNU-stack
                0x0000000000000000        0x0 memory.o
 .note.GNU-stack
                0x0000000000000000        0x0 sheet.o
 .note.GNU-stack
                0x0000000000000000        0x0 timer.o
 .note.GNU-stack
                0x0000000000000000        0x0 mtask.o
 .note.GNU-stack
                0x0000000000000000        0x0 file.o
 .note.GNU-stack
                0x0000000000000000        0x0 window.o
 .note.GNU-stack
                0x0000000000000000        0x0 console.o
 .note.GNU-stack
                0x0000000000000000        0x0 font_8x16.o
 .note.GNU-stack
                0x0000000000000000        0x0 libc/libc.a(sprintf.o)
 .note.GNU-stack
                0x0000000000000000        0x0 libc/libc.a(strcmp.o)
