Archive member included to satisfy reference by file (symbol)

libc/libc.a(sprintf.o)        bootpack.o (sprintf)

Allocating common symbols
Common symbol       size              file

keyfifo             0x18              keyboard.o
mousefifo           0x18              mouse.o

Memory Configuration

Name             Origin             Length             Attributes
*default*        0x0000000000000000 0xffffffffffffffff

Linker script and memory map

LOAD bootpack.o
LOAD dsctbl.o
LOAD graphics.o
LOAD int.o
LOAD fifo.o
LOAD mouse.o
LOAD keyboard.o
LOAD naskfunc.o
LOAD font_8x16.o
                0x0000000000280000                . = 0x280000

.text           0x0000000000280000     0x171d
 *(.text)
 .text          0x0000000000280000      0x56f bootpack.o
                0x0000000000280000                HariMain
                0x00000000002804ba                memtest
 .text          0x000000000028056f      0x1f3 dsctbl.o
                0x000000000028056f                init_gdtidt
                0x00000000002806a2                set_segmdesc
                0x000000000028071d                set_gatedesc
 .text          0x0000000000280762      0x5ce graphics.o
                0x0000000000280762                init_palette
                0x000000000028077f                set_palette
                0x000000000028082b                boxfill8
                0x000000000028087d                init_screen8
                0x0000000000280a9a                putfont8
                0x0000000000280b9c                putfonts8_asc
                0x0000000000280beb                init_mouse_cursor8
                0x0000000000280cc1                putblock8_8
 .text          0x0000000000280d30      0x122 int.o
                0x0000000000280d30                init_pic
                0x0000000000280e0b                inthandler27
 .text          0x0000000000280e52      0x143 fifo.o
                0x0000000000280e52                fifo8_init
                0x0000000000280e90                fifo8_put
                0x0000000000280f10                fifo8_get
                0x0000000000280f80                fifo8_status
 .text          0x0000000000280f95      0x1cc mouse.o
                0x0000000000280f95                inthandler2c
                0x0000000000280fe4                enable_mouse
                0x0000000000281022                mouse_decode
 .text          0x0000000000281161       0x8e keyboard.o
                0x0000000000281161                inthandler21
                0x000000000028119e                wait_KBC_sendready
                0x00000000002811be                init_keyboard
 .text          0x00000000002811ef      0x10f naskfunc.o
                0x00000000002811ef                _io_hlt
                0x00000000002811f1                _io_cli
                0x00000000002811f3                _io_sti
                0x00000000002811f5                _io_stihlt
                0x00000000002811f8                _io_in8
                0x0000000000281203                _io_in16
                0x000000000028120f                _io_in32
                0x0000000000281215                _io_out8
                0x000000000028121f                _io_out16
                0x000000000028122b                _io_out32
                0x0000000000281235                _io_load_eflags
                0x0000000000281238                _io_store_eflags
                0x000000000028123f                _load_gdtr
                0x000000000028124f                _load_idtr
                0x000000000028125f                _load_cr0
                0x0000000000281263                _store_cr0
                0x000000000028126b                _asm_inthandler21
                0x0000000000281286                _asm_inthandler27
                0x00000000002812a1                _asm_inthandler2c
                0x00000000002812bc                _memtest_sub
 .text          0x00000000002812fe        0x0 font_8x16.o
 .text          0x00000000002812fe      0x41f libc/libc.a(sprintf.o)
                0x00000000002815e6                sprintf

.iplt           0x0000000000281720        0x0
 .iplt          0x0000000000281720        0x0 libc/libc.a(sprintf.o)

.rodata         0x0000000000281720     0x1040
 .rodata        0x0000000000281720       0x2a bootpack.o
 .rodata        0x000000000028174a       0x15 int.o
 *fill*         0x000000000028175f        0x1 
 .rodata        0x0000000000281760     0x1000 font_8x16.o
                0x0000000000281760                fontdata_8x16

.note.gnu.property
                0x0000000000282760       0x1c
 .note.gnu.property
                0x0000000000282760       0x1c libc/libc.a(sprintf.o)

.rel.dyn        0x000000000028277c        0x0
 .rel.got       0x000000000028277c        0x0 libc/libc.a(sprintf.o)
 .rel.iplt      0x000000000028277c        0x0 libc/libc.a(sprintf.o)
 .rel.text      0x000000000028277c        0x0 libc/libc.a(sprintf.o)

.data           0x0000000000282780      0x140
 *(.data)
 .data          0x0000000000282780        0x0 bootpack.o
 .data          0x0000000000282780        0x0 dsctbl.o
 .data          0x0000000000282780      0x140 graphics.o
 .data          0x00000000002828c0        0x0 int.o
 .data          0x00000000002828c0        0x0 fifo.o
 .data          0x00000000002828c0        0x0 mouse.o
 .data          0x00000000002828c0        0x0 keyboard.o
 .data          0x00000000002828c0        0x0 naskfunc.o
 .data          0x00000000002828c0        0x0 font_8x16.o
 .data          0x00000000002828c0        0x0 libc/libc.a(sprintf.o)

.got            0x00000000002828c0        0x0
 .got           0x00000000002828c0        0x0 libc/libc.a(sprintf.o)

.got.plt        0x00000000002828c0        0x0
 .got.plt       0x00000000002828c0        0x0 libc/libc.a(sprintf.o)

.igot.plt       0x00000000002828c0        0x0
 .igot.plt      0x00000000002828c0        0x0 libc/libc.a(sprintf.o)

.bss            0x00000000002828c0       0x30
 *(.bss)
 .bss           0x00000000002828c0        0x0 bootpack.o
 .bss           0x00000000002828c0        0x0 dsctbl.o
 .bss           0x00000000002828c0        0x0 graphics.o
 .bss           0x00000000002828c0        0x0 int.o
 .bss           0x00000000002828c0        0x0 fifo.o
 .bss           0x00000000002828c0        0x0 mouse.o
 .bss           0x00000000002828c0        0x0 keyboard.o
 .bss           0x00000000002828c0        0x0 naskfunc.o
 .bss           0x00000000002828c0        0x0 font_8x16.o
 .bss           0x00000000002828c0        0x0 libc/libc.a(sprintf.o)
 COMMON         0x00000000002828c0       0x18 mouse.o
                0x00000000002828c0                mousefifo
 COMMON         0x00000000002828d8       0x18 keyboard.o
                0x00000000002828d8                keyfifo
LOAD libc/libc.a
OUTPUT(kernel.elf elf32-i386)

.comment        0x0000000000000000       0x1a
 .comment       0x0000000000000000       0x1a bootpack.o
                                         0x1b (size before relaxing)
 .comment       0x000000000000001a       0x1b dsctbl.o
 .comment       0x000000000000001a       0x1b graphics.o
 .comment       0x000000000000001a       0x1b int.o
 .comment       0x000000000000001a       0x1b fifo.o
 .comment       0x000000000000001a       0x1b mouse.o
 .comment       0x000000000000001a       0x1b keyboard.o
 .comment       0x000000000000001a       0x1b font_8x16.o
 .comment       0x000000000000001a       0x1b libc/libc.a(sprintf.o)

.note.GNU-stack
                0x0000000000000000        0x0
 .note.GNU-stack
                0x0000000000000000        0x0 bootpack.o
 .note.GNU-stack
                0x0000000000000000        0x0 dsctbl.o
 .note.GNU-stack
                0x0000000000000000        0x0 graphics.o
 .note.GNU-stack
                0x0000000000000000        0x0 int.o
 .note.GNU-stack
                0x0000000000000000        0x0 fifo.o
 .note.GNU-stack
                0x0000000000000000        0x0 mouse.o
 .note.GNU-stack
                0x0000000000000000        0x0 keyboard.o
 .note.GNU-stack
                0x0000000000000000        0x0 font_8x16.o
 .note.GNU-stack
                0x0000000000000000        0x0 libc/libc.a(sprintf.o)
