Archive member included to satisfy reference by file (symbol)

libc/libc.a(sprintf.o)        bootpack.o (sprintf)

Allocating common symbols
Common symbol       size              file

keyfifo             0x18              keyboard.o
mousefifo           0x18              mouse.o

Memory Configuration

Name             Origin             Length             Attributes
*default*        0x0000000000000000 0xffffffffffffffff

Linker script and memory map

LOAD bootpack.o
LOAD dsctbl.o
LOAD graphics.o
LOAD int.o
LOAD fifo.o
LOAD mouse.o
LOAD keyboard.o
LOAD memory.o
LOAD sheet.o
LOAD naskfunc.o
LOAD font_8x16.o
                0x0000000000280000                . = 0x280000

.text           0x0000000000280000     0x201d
 *(.text)
 .text          0x0000000000280000      0x581 bootpack.o
                0x0000000000280000                HariMain
 .text          0x0000000000280581      0x1f3 dsctbl.o
                0x0000000000280581                init_gdtidt
                0x00000000002806b4                set_segmdesc
                0x000000000028072f                set_gatedesc
 .text          0x0000000000280774      0x5ce graphics.o
                0x0000000000280774                init_palette
                0x0000000000280791                set_palette
                0x000000000028083d                boxfill8
                0x000000000028088f                init_screen8
                0x0000000000280aac                putfont8
                0x0000000000280bae                putfonts8_asc
                0x0000000000280bfd                init_mouse_cursor8
                0x0000000000280cd3                putblock8_8
 .text          0x0000000000280d42      0x122 int.o
                0x0000000000280d42                init_pic
                0x0000000000280e1d                inthandler27
 .text          0x0000000000280e64      0x143 fifo.o
                0x0000000000280e64                fifo8_init
                0x0000000000280ea2                fifo8_put
                0x0000000000280f22                fifo8_get
                0x0000000000280f92                fifo8_status
 .text          0x0000000000280fa7      0x1cc mouse.o
                0x0000000000280fa7                inthandler2c
                0x0000000000280ff6                enable_mouse
                0x0000000000281034                mouse_decode
 .text          0x0000000000281173       0x8e keyboard.o
                0x0000000000281173                inthandler21
                0x00000000002811b0                wait_KBC_sendready
                0x00000000002811d0                init_keyboard
 .text          0x0000000000281201      0x4af memory.o
                0x0000000000281201                memtest
                0x00000000002812b6                memman_init
                0x00000000002812e3                memman_total
                0x000000000028131c                memman_alloc
                0x0000000000281405                memman_free
                0x0000000000281655                memman_alloc_4k
                0x0000000000281681                memman_free_4k
 .text          0x00000000002816b0      0x43f sheet.o
                0x00000000002816b0                shtctl_init
                0x000000000028172b                sheet_alloc
                0x0000000000281792                sheet_setbuf
                0x00000000002817bb                sheet_updown
                0x00000000002819ad                sheet_refresh
                0x0000000000281a91                sheet_slide
                0x0000000000281abf                sheet_free
 .text          0x0000000000281aef      0x10f naskfunc.o
                0x0000000000281aef                _io_hlt
                0x0000000000281af1                _io_cli
                0x0000000000281af3                _io_sti
                0x0000000000281af5                _io_stihlt
                0x0000000000281af8                _io_in8
                0x0000000000281b03                _io_in16
                0x0000000000281b0f                _io_in32
                0x0000000000281b15                _io_out8
                0x0000000000281b1f                _io_out16
                0x0000000000281b2b                _io_out32
                0x0000000000281b35                _io_load_eflags
                0x0000000000281b38                _io_store_eflags
                0x0000000000281b3f                _load_gdtr
                0x0000000000281b4f                _load_idtr
                0x0000000000281b5f                _load_cr0
                0x0000000000281b63                _store_cr0
                0x0000000000281b6b                _asm_inthandler21
                0x0000000000281b86                _asm_inthandler27
                0x0000000000281ba1                _asm_inthandler2c
                0x0000000000281bbc                _memtest_sub
 .text          0x0000000000281bfe        0x0 font_8x16.o
 .text          0x0000000000281bfe      0x41f libc/libc.a(sprintf.o)
                0x0000000000281ee6                sprintf

.iplt           0x0000000000282020        0x0
 .iplt          0x0000000000282020        0x0 libc/libc.a(sprintf.o)

.rodata         0x0000000000282020     0x1060
 .rodata        0x0000000000282020       0x38 bootpack.o
 .rodata        0x0000000000282058       0x15 int.o
 *fill*         0x000000000028206d       0x13 
 .rodata        0x0000000000282080     0x1000 font_8x16.o
                0x0000000000282080                fontdata_8x16

.note.gnu.property
                0x0000000000283080       0x1c
 .note.gnu.property
                0x0000000000283080       0x1c libc/libc.a(sprintf.o)

.rel.dyn        0x000000000028309c        0x0
 .rel.got       0x000000000028309c        0x0 libc/libc.a(sprintf.o)
 .rel.iplt      0x000000000028309c        0x0 libc/libc.a(sprintf.o)
 .rel.text      0x000000000028309c        0x0 libc/libc.a(sprintf.o)

.data           0x00000000002830a0      0x140
 *(.data)
 .data          0x00000000002830a0        0x0 bootpack.o
 .data          0x00000000002830a0        0x0 dsctbl.o
 .data          0x00000000002830a0      0x140 graphics.o
 .data          0x00000000002831e0        0x0 int.o
 .data          0x00000000002831e0        0x0 fifo.o
 .data          0x00000000002831e0        0x0 mouse.o
 .data          0x00000000002831e0        0x0 keyboard.o
 .data          0x00000000002831e0        0x0 memory.o
 .data          0x00000000002831e0        0x0 sheet.o
 .data          0x00000000002831e0        0x0 naskfunc.o
 .data          0x00000000002831e0        0x0 font_8x16.o
 .data          0x00000000002831e0        0x0 libc/libc.a(sprintf.o)

.got            0x00000000002831e0        0x0
 .got           0x00000000002831e0        0x0 libc/libc.a(sprintf.o)

.got.plt        0x00000000002831e0        0x0
 .got.plt       0x00000000002831e0        0x0 libc/libc.a(sprintf.o)

.igot.plt       0x00000000002831e0        0x0
 .igot.plt      0x00000000002831e0        0x0 libc/libc.a(sprintf.o)

.bss            0x00000000002831e0       0x30
 *(.bss)
 .bss           0x00000000002831e0        0x0 bootpack.o
 .bss           0x00000000002831e0        0x0 dsctbl.o
 .bss           0x00000000002831e0        0x0 graphics.o
 .bss           0x00000000002831e0        0x0 int.o
 .bss           0x00000000002831e0        0x0 fifo.o
 .bss           0x00000000002831e0        0x0 mouse.o
 .bss           0x00000000002831e0        0x0 keyboard.o
 .bss           0x00000000002831e0        0x0 memory.o
 .bss           0x00000000002831e0        0x0 sheet.o
 .bss           0x00000000002831e0        0x0 naskfunc.o
 .bss           0x00000000002831e0        0x0 font_8x16.o
 .bss           0x00000000002831e0        0x0 libc/libc.a(sprintf.o)
 COMMON         0x00000000002831e0       0x18 mouse.o
                0x00000000002831e0                mousefifo
 COMMON         0x00000000002831f8       0x18 keyboard.o
                0x00000000002831f8                keyfifo
LOAD libc/libc.a
OUTPUT(kernel.elf elf32-i386)

.comment        0x0000000000000000       0x1a
 .comment       0x0000000000000000       0x1a bootpack.o
                                         0x1b (size before relaxing)
 .comment       0x000000000000001a       0x1b dsctbl.o
 .comment       0x000000000000001a       0x1b graphics.o
 .comment       0x000000000000001a       0x1b int.o
 .comment       0x000000000000001a       0x1b fifo.o
 .comment       0x000000000000001a       0x1b mouse.o
 .comment       0x000000000000001a       0x1b keyboard.o
 .comment       0x000000000000001a       0x1b memory.o
 .comment       0x000000000000001a       0x1b sheet.o
 .comment       0x000000000000001a       0x1b font_8x16.o
 .comment       0x000000000000001a       0x1b libc/libc.a(sprintf.o)

.note.GNU-stack
                0x0000000000000000        0x0
 .note.GNU-stack
                0x0000000000000000        0x0 bootpack.o
 .note.GNU-stack
                0x0000000000000000        0x0 dsctbl.o
 .note.GNU-stack
                0x0000000000000000        0x0 graphics.o
 .note.GNU-stack
                0x0000000000000000        0x0 int.o
 .note.GNU-stack
                0x0000000000000000        0x0 fifo.o
 .note.GNU-stack
                0x0000000000000000        0x0 mouse.o
 .note.GNU-stack
                0x0000000000000000        0x0 keyboard.o
 .note.GNU-stack
                0x0000000000000000        0x0 memory.o
 .note.GNU-stack
                0x0000000000000000        0x0 sheet.o
 .note.GNU-stack
                0x0000000000000000        0x0 font_8x16.o
 .note.GNU-stack
                0x0000000000000000        0x0 libc/libc.a(sprintf.o)
