Archive member included to satisfy reference by file (symbol)

libc/libc.a(sprintf.o)        bootpack.o (sprintf)

Allocating common symbols
Common symbol       size              file

keyfifo             0x18              int.o

Memory Configuration

Name             Origin             Length             Attributes
*default*        0x0000000000000000 0xffffffffffffffff

Linker script and memory map

LOAD bootpack.o
LOAD dsctbl.o
LOAD graphics.o
LOAD int.o
LOAD fifo.o
LOAD naskfunc.o
LOAD font_8x16.o
                0x0000000000280000                . = 0x280000

.text           0x0000000000280000     0x1060
 *(.text)
 .text          0x0000000000280000      0x1db bootpack.o
                0x0000000000280000                HariMain
 .text          0x00000000002801db      0x1f3 dsctbl.o
                0x00000000002801db                init_gdtidt
                0x000000000028030e                set_segmdesc
                0x0000000000280389                set_gatedesc
 .text          0x00000000002803ce      0x5ce graphics.o
                0x00000000002803ce                init_palette
                0x00000000002803eb                set_palette
                0x0000000000280497                boxfill8
                0x00000000002804e9                init_screen8
                0x0000000000280706                putfont8
                0x0000000000280808                putfonts8_asc
                0x0000000000280857                init_mouse_cursor8
                0x000000000028092d                putblock8_8
 .text          0x000000000028099c      0x1c5 int.o
                0x000000000028099c                init_pic
                0x0000000000280a77                inthandler21
                0x0000000000280ab4                inthandler2c
                0x0000000000280b1a                inthandler27
 .text          0x0000000000280b61      0x143 fifo.o
                0x0000000000280b61                fifo8_init
                0x0000000000280b9f                fifo8_put
                0x0000000000280c1f                fifo8_get
                0x0000000000280c8f                fifo8_status
 .text          0x0000000000280ca4       0xc1 naskfunc.o
                0x0000000000280ca4                _io_hlt
                0x0000000000280ca6                _io_cli
                0x0000000000280ca8                _io_sti
                0x0000000000280caa                _io_stihlt
                0x0000000000280cad                _io_in8
                0x0000000000280cb8                _io_in16
                0x0000000000280cc4                _io_in32
                0x0000000000280cca                _io_out8
                0x0000000000280cd4                _io_out16
                0x0000000000280ce0                _io_out32
                0x0000000000280cea                _io_load_eflags
                0x0000000000280ced                _io_store_eflags
                0x0000000000280cf4                _load_gdtr
                0x0000000000280d04                _load_idtr
                0x0000000000280d14                _asm_inthandler21
                0x0000000000280d2f                _asm_inthandler27
                0x0000000000280d4a                _asm_inthandler2c
 .text          0x0000000000280d65        0x0 font_8x16.o
 .text          0x0000000000280d65      0x2fb libc/libc.a(sprintf.o)
                0x0000000000280f5f                sprintf

.iplt           0x0000000000281060        0x0
 .iplt          0x0000000000281060        0x0 libc/libc.a(sprintf.o)

.rodata         0x0000000000281060     0x1040
 .rodata        0x0000000000281060        0xe bootpack.o
 .rodata        0x000000000028106e       0x32 int.o
 .rodata        0x00000000002810a0     0x1000 font_8x16.o
                0x00000000002810a0                fontdata_8x16

.note.gnu.property
                0x00000000002820a0       0x1c
 .note.gnu.property
                0x00000000002820a0       0x1c libc/libc.a(sprintf.o)

.rel.dyn        0x00000000002820bc        0x0
 .rel.got       0x00000000002820bc        0x0 libc/libc.a(sprintf.o)
 .rel.iplt      0x00000000002820bc        0x0 libc/libc.a(sprintf.o)
 .rel.text      0x00000000002820bc        0x0 libc/libc.a(sprintf.o)

.data           0x00000000002820c0      0x140
 *(.data)
 .data          0x00000000002820c0        0x0 bootpack.o
 .data          0x00000000002820c0        0x0 dsctbl.o
 .data          0x00000000002820c0      0x140 graphics.o
 .data          0x0000000000282200        0x0 int.o
 .data          0x0000000000282200        0x0 fifo.o
 .data          0x0000000000282200        0x0 naskfunc.o
 .data          0x0000000000282200        0x0 font_8x16.o
 .data          0x0000000000282200        0x0 libc/libc.a(sprintf.o)

.got            0x0000000000282200        0x0
 .got           0x0000000000282200        0x0 libc/libc.a(sprintf.o)

.got.plt        0x0000000000282200        0x0
 .got.plt       0x0000000000282200        0x0 libc/libc.a(sprintf.o)

.igot.plt       0x0000000000282200        0x0
 .igot.plt      0x0000000000282200        0x0 libc/libc.a(sprintf.o)

.bss            0x0000000000282200       0x18
 *(.bss)
 .bss           0x0000000000282200        0x0 bootpack.o
 .bss           0x0000000000282200        0x0 dsctbl.o
 .bss           0x0000000000282200        0x0 graphics.o
 .bss           0x0000000000282200        0x0 int.o
 .bss           0x0000000000282200        0x0 fifo.o
 .bss           0x0000000000282200        0x0 naskfunc.o
 .bss           0x0000000000282200        0x0 font_8x16.o
 .bss           0x0000000000282200        0x0 libc/libc.a(sprintf.o)
 COMMON         0x0000000000282200       0x18 int.o
                0x0000000000282200                keyfifo
LOAD libc/libc.a
OUTPUT(kernel.elf elf32-i386)

.comment        0x0000000000000000       0x1a
 .comment       0x0000000000000000       0x1a bootpack.o
                                         0x1b (size before relaxing)
 .comment       0x000000000000001a       0x1b dsctbl.o
 .comment       0x000000000000001a       0x1b graphics.o
 .comment       0x000000000000001a       0x1b int.o
 .comment       0x000000000000001a       0x1b fifo.o
 .comment       0x000000000000001a       0x1b font_8x16.o
 .comment       0x000000000000001a       0x1b libc/libc.a(sprintf.o)

.note.GNU-stack
                0x0000000000000000        0x0
 .note.GNU-stack
                0x0000000000000000        0x0 bootpack.o
 .note.GNU-stack
                0x0000000000000000        0x0 dsctbl.o
 .note.GNU-stack
                0x0000000000000000        0x0 graphics.o
 .note.GNU-stack
                0x0000000000000000        0x0 int.o
 .note.GNU-stack
                0x0000000000000000        0x0 fifo.o
 .note.GNU-stack
                0x0000000000000000        0x0 font_8x16.o
 .note.GNU-stack
                0x0000000000000000        0x0 libc/libc.a(sprintf.o)
