Archive member included to satisfy reference by file (symbol)

libc/libc.a(sprintf.o)        bootpack.o (sprintf)

Allocating common symbols
Common symbol       size              file

mousedata0          0x4               mouse.o
keyfifo             0x4               keyboard.o
timerctl            0x271c            timer.o
mousefifo           0x4               mouse.o
keydata0            0x4               keyboard.o

Memory Configuration

Name             Origin             Length             Attributes
*default*        0x0000000000000000 0xffffffffffffffff

Linker script and memory map

LOAD bootpack.o
LOAD dsctbl.o
LOAD graphics.o
LOAD int.o
LOAD fifo.o
LOAD mouse.o
LOAD keyboard.o
LOAD memory.o
LOAD sheet.o
LOAD timer.o
LOAD naskfunc.o
LOAD font_8x16.o
                0x0000000000280000                . = 0x280000

.text           0x0000000000280000     0x3218
 *(.text)
 .text          0x0000000000280000      0xea5 bootpack.o
                0x0000000000280000                HariMain
                0x000000000028094e                make_window8
                0x0000000000280b6c                putfonts8_asc_sht
                0x0000000000280c0b                make_textbox8
                0x0000000000280e0a                task_b_main
 .text          0x0000000000280ea5      0x211 dsctbl.o
                0x0000000000280ea5                init_gdtidt
                0x0000000000280ff6                set_segmdesc
                0x0000000000281071                set_gatedesc
 .text          0x00000000002810b6      0x5ce graphics.o
                0x00000000002810b6                init_palette
                0x00000000002810d3                set_palette
                0x000000000028117f                boxfill8
                0x00000000002811d1                init_screen8
                0x00000000002813ee                putfont8
                0x00000000002814f0                putfonts8_asc
                0x000000000028153f                init_mouse_cursor8
                0x0000000000281615                putblock8_8
 .text          0x0000000000281684      0x122 int.o
                0x0000000000281684                init_pic
                0x000000000028175f                inthandler27
 .text          0x00000000002817a6      0x13b fifo.o
                0x00000000002817a6                fifo32_init
                0x00000000002817e4                fifo32_put
                0x000000000028185d                fifo32_get
                0x00000000002818cc                fifo32_status
 .text          0x00000000002818e1      0x1e4 mouse.o
                0x00000000002818e1                inthandler2c
                0x0000000000281938                enable_mouse
                0x0000000000281986                mouse_decode
 .text          0x0000000000281ac5       0xa6 keyboard.o
                0x0000000000281ac5                inthandler21
                0x0000000000281b0a                wait_KBC_sendready
                0x0000000000281b2a                init_keyboard
 .text          0x0000000000281b6b      0x4b1 memory.o
                0x0000000000281b6b                memtest
                0x0000000000281c22                memman_init
                0x0000000000281c4f                memman_total
                0x0000000000281c88                memman_alloc
                0x0000000000281d71                memman_free
                0x0000000000281fc1                memman_alloc_4k
                0x0000000000281fed                memman_free_4k
 .text          0x000000000028201c      0xa25 sheet.o
                0x000000000028201c                shtctl_init
                0x00000000002820ff                sheet_alloc
                0x0000000000282176                sheet_setbuf
                0x000000000028219f                sheet_refreshmap
                0x0000000000282353                sheet_refreshsub
                0x000000000028251f                sheet_updown
                0x0000000000282896                sheet_refresh
                0x0000000000282907                sheet_slide
                0x0000000000282a1a                sheet_free
 .text          0x0000000000282a41      0x278 timer.o
                0x0000000000282a41                init_pit
                0x0000000000282ae9                timer_alloc
                0x0000000000282b53                timer_free
                0x0000000000282b63                timer_init
                0x0000000000282b7b                timer_settime
                0x0000000000282c2a                inthandler20
 .text          0x0000000000282cb9      0x140 naskfunc.o
                0x0000000000282cb9                _io_hlt
                0x0000000000282cbb                _io_cli
                0x0000000000282cbd                _io_sti
                0x0000000000282cbf                _io_stihlt
                0x0000000000282cc2                _io_in8
                0x0000000000282ccd                _io_in16
                0x0000000000282cd9                _io_in32
                0x0000000000282cdf                _io_out8
                0x0000000000282ce9                _io_out16
                0x0000000000282cf5                _io_out32
                0x0000000000282cff                _io_load_eflags
                0x0000000000282d02                _io_store_eflags
                0x0000000000282d09                _load_gdtr
                0x0000000000282d19                _load_idtr
                0x0000000000282d29                _load_cr0
                0x0000000000282d2d                _store_cr0
                0x0000000000282d35                _load_tr
                0x0000000000282d3b                _asm_inthandler20
                0x0000000000282d56                _asm_inthandler21
                0x0000000000282d71                _asm_inthandler27
                0x0000000000282d8c                _asm_inthandler2c
                0x0000000000282da7                _memtest_sub
                0x0000000000282de9                _taskswitch3
                0x0000000000282df1                _taskswitch4
 .text          0x0000000000282df9        0x0 font_8x16.o
 .text          0x0000000000282df9      0x41f libc/libc.a(sprintf.o)
                0x00000000002830e1                sprintf

.iplt           0x0000000000283218        0x0
 .iplt          0x0000000000283218        0x0 libc/libc.a(sprintf.o)

.rodata         0x0000000000283220     0x1080
 .rodata        0x0000000000283220       0x50 bootpack.o
 .rodata        0x0000000000283270       0x15 int.o
 *fill*         0x0000000000283285       0x1b 
 .rodata        0x00000000002832a0     0x1000 font_8x16.o
                0x00000000002832a0                fontdata_8x16

.note.gnu.property
                0x00000000002842a0       0x1c
 .note.gnu.property
                0x00000000002842a0       0x1c libc/libc.a(sprintf.o)

.rel.dyn        0x00000000002842bc        0x0
 .rel.got       0x00000000002842bc        0x0 libc/libc.a(sprintf.o)
 .rel.iplt      0x00000000002842bc        0x0 libc/libc.a(sprintf.o)
 .rel.text      0x00000000002842bc        0x0 libc/libc.a(sprintf.o)

.data           0x00000000002842c0      0x280
 *(.data)
 .data          0x00000000002842c0      0x140 bootpack.o
 .data          0x0000000000284400        0x0 dsctbl.o
 .data          0x0000000000284400      0x140 graphics.o
 .data          0x0000000000284540        0x0 int.o
 .data          0x0000000000284540        0x0 fifo.o
 .data          0x0000000000284540        0x0 mouse.o
 .data          0x0000000000284540        0x0 keyboard.o
 .data          0x0000000000284540        0x0 memory.o
 .data          0x0000000000284540        0x0 sheet.o
 .data          0x0000000000284540        0x0 timer.o
 .data          0x0000000000284540        0x0 naskfunc.o
 .data          0x0000000000284540        0x0 font_8x16.o
 .data          0x0000000000284540        0x0 libc/libc.a(sprintf.o)

.got            0x0000000000284540        0x0
 .got           0x0000000000284540        0x0 libc/libc.a(sprintf.o)

.got.plt        0x0000000000284540        0x0
 .got.plt       0x0000000000284540        0x0 libc/libc.a(sprintf.o)

.igot.plt       0x0000000000284540        0x0
 .igot.plt      0x0000000000284540        0x0 libc/libc.a(sprintf.o)

.bss            0x0000000000284540     0x273c
 *(.bss)
 .bss           0x0000000000284540        0x0 bootpack.o
 .bss           0x0000000000284540        0x0 dsctbl.o
 .bss           0x0000000000284540        0x0 graphics.o
 .bss           0x0000000000284540        0x0 int.o
 .bss           0x0000000000284540        0x0 fifo.o
 .bss           0x0000000000284540        0x0 mouse.o
 .bss           0x0000000000284540        0x0 keyboard.o
 .bss           0x0000000000284540        0x0 memory.o
 .bss           0x0000000000284540        0x0 sheet.o
 .bss           0x0000000000284540        0x0 timer.o
 .bss           0x0000000000284540        0x0 naskfunc.o
 .bss           0x0000000000284540        0x0 font_8x16.o
 .bss           0x0000000000284540        0x0 libc/libc.a(sprintf.o)
 COMMON         0x0000000000284540        0x8 mouse.o
                0x0000000000284540                mousedata0
                0x0000000000284544                mousefifo
 COMMON         0x0000000000284548        0x8 keyboard.o
                0x0000000000284548                keyfifo
                0x000000000028454c                keydata0
 *fill*         0x0000000000284550       0x10 
 COMMON         0x0000000000284560     0x271c timer.o
                0x0000000000284560                timerctl
LOAD libc/libc.a
OUTPUT(kernel.elf elf32-i386)

.comment        0x0000000000000000       0x1a
 .comment       0x0000000000000000       0x1a bootpack.o
                                         0x1b (size before relaxing)
 .comment       0x000000000000001a       0x1b dsctbl.o
 .comment       0x000000000000001a       0x1b graphics.o
 .comment       0x000000000000001a       0x1b int.o
 .comment       0x000000000000001a       0x1b fifo.o
 .comment       0x000000000000001a       0x1b mouse.o
 .comment       0x000000000000001a       0x1b keyboard.o
 .comment       0x000000000000001a       0x1b memory.o
 .comment       0x000000000000001a       0x1b sheet.o
 .comment       0x000000000000001a       0x1b timer.o
 .comment       0x000000000000001a       0x1b font_8x16.o
 .comment       0x000000000000001a       0x1b libc/libc.a(sprintf.o)

.note.GNU-stack
                0x0000000000000000        0x0
 .note.GNU-stack
                0x0000000000000000        0x0 bootpack.o
 .note.GNU-stack
                0x0000000000000000        0x0 dsctbl.o
 .note.GNU-stack
                0x0000000000000000        0x0 graphics.o
 .note.GNU-stack
                0x0000000000000000        0x0 int.o
 .note.GNU-stack
                0x0000000000000000        0x0 fifo.o
 .note.GNU-stack
                0x0000000000000000        0x0 mouse.o
 .note.GNU-stack
                0x0000000000000000        0x0 keyboard.o
 .note.GNU-stack
                0x0000000000000000        0x0 memory.o
 .note.GNU-stack
                0x0000000000000000        0x0 sheet.o
 .note.GNU-stack
                0x0000000000000000        0x0 timer.o
 .note.GNU-stack
                0x0000000000000000        0x0 font_8x16.o
 .note.GNU-stack
                0x0000000000000000        0x0 libc/libc.a(sprintf.o)
