Archive member included to satisfy reference by file (symbol)

libc/libc.a(sprintf.o)        bootpack.o (sprintf)

Allocating common symbols
Common symbol       size              file

mousedata0          0x4               mouse.o
keyfifo             0x4               keyboard.o
timerctl            0x271c            timer.o
mousefifo           0x4               mouse.o
keydata0            0x4               keyboard.o

Memory Configuration

Name             Origin             Length             Attributes
*default*        0x0000000000000000 0xffffffffffffffff

Linker script and memory map

LOAD bootpack.o
LOAD dsctbl.o
LOAD graphics.o
LOAD int.o
LOAD fifo.o
LOAD mouse.o
LOAD keyboard.o
LOAD memory.o
LOAD sheet.o
LOAD timer.o
LOAD naskfunc.o
LOAD font_8x16.o
                0x0000000000280000                . = 0x280000

.text           0x0000000000280000     0x2ffe
 *(.text)
 .text          0x0000000000280000      0xca1 bootpack.o
                0x0000000000280000                HariMain
                0x00000000002807e5                make_window8
                0x0000000000280a03                putfonts8_asc_sht
                0x0000000000280aa2                make_textbox8
 .text          0x0000000000280ca1      0x211 dsctbl.o
                0x0000000000280ca1                init_gdtidt
                0x0000000000280df2                set_segmdesc
                0x0000000000280e6d                set_gatedesc
 .text          0x0000000000280eb2      0x5ce graphics.o
                0x0000000000280eb2                init_palette
                0x0000000000280ecf                set_palette
                0x0000000000280f7b                boxfill8
                0x0000000000280fcd                init_screen8
                0x00000000002811ea                putfont8
                0x00000000002812ec                putfonts8_asc
                0x000000000028133b                init_mouse_cursor8
                0x0000000000281411                putblock8_8
 .text          0x0000000000281480      0x122 int.o
                0x0000000000281480                init_pic
                0x000000000028155b                inthandler27
 .text          0x00000000002815a2      0x13b fifo.o
                0x00000000002815a2                fifo32_init
                0x00000000002815e0                fifo32_put
                0x0000000000281659                fifo32_get
                0x00000000002816c8                fifo32_status
 .text          0x00000000002816dd      0x1e4 mouse.o
                0x00000000002816dd                inthandler2c
                0x0000000000281734                enable_mouse
                0x0000000000281782                mouse_decode
 .text          0x00000000002818c1       0xa6 keyboard.o
                0x00000000002818c1                inthandler21
                0x0000000000281906                wait_KBC_sendready
                0x0000000000281926                init_keyboard
 .text          0x0000000000281967      0x4b1 memory.o
                0x0000000000281967                memtest
                0x0000000000281a1e                memman_init
                0x0000000000281a4b                memman_total
                0x0000000000281a84                memman_alloc
                0x0000000000281b6d                memman_free
                0x0000000000281dbd                memman_alloc_4k
                0x0000000000281de9                memman_free_4k
 .text          0x0000000000281e18      0xa25 sheet.o
                0x0000000000281e18                shtctl_init
                0x0000000000281efb                sheet_alloc
                0x0000000000281f72                sheet_setbuf
                0x0000000000281f9b                sheet_refreshmap
                0x000000000028214f                sheet_refreshsub
                0x000000000028231b                sheet_updown
                0x0000000000282692                sheet_refresh
                0x0000000000282703                sheet_slide
                0x0000000000282816                sheet_free
 .text          0x000000000028283d      0x278 timer.o
                0x000000000028283d                init_pit
                0x00000000002828e5                timer_alloc
                0x000000000028294f                timer_free
                0x000000000028295f                timer_init
                0x0000000000282977                timer_settime
                0x0000000000282a26                inthandler20
 .text          0x0000000000282ab5      0x12a naskfunc.o
                0x0000000000282ab5                _io_hlt
                0x0000000000282ab7                _io_cli
                0x0000000000282ab9                _io_sti
                0x0000000000282abb                _io_stihlt
                0x0000000000282abe                _io_in8
                0x0000000000282ac9                _io_in16
                0x0000000000282ad5                _io_in32
                0x0000000000282adb                _io_out8
                0x0000000000282ae5                _io_out16
                0x0000000000282af1                _io_out32
                0x0000000000282afb                _io_load_eflags
                0x0000000000282afe                _io_store_eflags
                0x0000000000282b05                _load_gdtr
                0x0000000000282b15                _load_idtr
                0x0000000000282b25                _load_cr0
                0x0000000000282b29                _store_cr0
                0x0000000000282b31                _asm_inthandler20
                0x0000000000282b4c                _asm_inthandler21
                0x0000000000282b67                _asm_inthandler27
                0x0000000000282b82                _asm_inthandler2c
                0x0000000000282b9d                _memtest_sub
 .text          0x0000000000282bdf        0x0 font_8x16.o
 .text          0x0000000000282bdf      0x41f libc/libc.a(sprintf.o)
                0x0000000000282ec7                sprintf

.iplt           0x0000000000283000        0x0
 .iplt          0x0000000000283000        0x0 libc/libc.a(sprintf.o)

.rodata         0x0000000000283000     0x1080
 .rodata        0x0000000000283000       0x50 bootpack.o
 .rodata        0x0000000000283050       0x15 int.o
 *fill*         0x0000000000283065       0x1b 
 .rodata        0x0000000000283080     0x1000 font_8x16.o
                0x0000000000283080                fontdata_8x16

.note.gnu.property
                0x0000000000284080       0x1c
 .note.gnu.property
                0x0000000000284080       0x1c libc/libc.a(sprintf.o)

.rel.dyn        0x000000000028409c        0x0
 .rel.got       0x000000000028409c        0x0 libc/libc.a(sprintf.o)
 .rel.iplt      0x000000000028409c        0x0 libc/libc.a(sprintf.o)
 .rel.text      0x000000000028409c        0x0 libc/libc.a(sprintf.o)

.data           0x00000000002840a0      0x280
 *(.data)
 .data          0x00000000002840a0      0x140 bootpack.o
 .data          0x00000000002841e0        0x0 dsctbl.o
 .data          0x00000000002841e0      0x140 graphics.o
 .data          0x0000000000284320        0x0 int.o
 .data          0x0000000000284320        0x0 fifo.o
 .data          0x0000000000284320        0x0 mouse.o
 .data          0x0000000000284320        0x0 keyboard.o
 .data          0x0000000000284320        0x0 memory.o
 .data          0x0000000000284320        0x0 sheet.o
 .data          0x0000000000284320        0x0 timer.o
 .data          0x0000000000284320        0x0 naskfunc.o
 .data          0x0000000000284320        0x0 font_8x16.o
 .data          0x0000000000284320        0x0 libc/libc.a(sprintf.o)

.got            0x0000000000284320        0x0
 .got           0x0000000000284320        0x0 libc/libc.a(sprintf.o)

.got.plt        0x0000000000284320        0x0
 .got.plt       0x0000000000284320        0x0 libc/libc.a(sprintf.o)

.igot.plt       0x0000000000284320        0x0
 .igot.plt      0x0000000000284320        0x0 libc/libc.a(sprintf.o)

.bss            0x0000000000284320     0x273c
 *(.bss)
 .bss           0x0000000000284320        0x0 bootpack.o
 .bss           0x0000000000284320        0x0 dsctbl.o
 .bss           0x0000000000284320        0x0 graphics.o
 .bss           0x0000000000284320        0x0 int.o
 .bss           0x0000000000284320        0x0 fifo.o
 .bss           0x0000000000284320        0x0 mouse.o
 .bss           0x0000000000284320        0x0 keyboard.o
 .bss           0x0000000000284320        0x0 memory.o
 .bss           0x0000000000284320        0x0 sheet.o
 .bss           0x0000000000284320        0x0 timer.o
 .bss           0x0000000000284320        0x0 naskfunc.o
 .bss           0x0000000000284320        0x0 font_8x16.o
 .bss           0x0000000000284320        0x0 libc/libc.a(sprintf.o)
 COMMON         0x0000000000284320        0x8 mouse.o
                0x0000000000284320                mousedata0
                0x0000000000284324                mousefifo
 COMMON         0x0000000000284328        0x8 keyboard.o
                0x0000000000284328                keyfifo
                0x000000000028432c                keydata0
 *fill*         0x0000000000284330       0x10 
 COMMON         0x0000000000284340     0x271c timer.o
                0x0000000000284340                timerctl
LOAD libc/libc.a
OUTPUT(kernel.elf elf32-i386)

.comment        0x0000000000000000       0x1a
 .comment       0x0000000000000000       0x1a bootpack.o
                                         0x1b (size before relaxing)
 .comment       0x000000000000001a       0x1b dsctbl.o
 .comment       0x000000000000001a       0x1b graphics.o
 .comment       0x000000000000001a       0x1b int.o
 .comment       0x000000000000001a       0x1b fifo.o
 .comment       0x000000000000001a       0x1b mouse.o
 .comment       0x000000000000001a       0x1b keyboard.o
 .comment       0x000000000000001a       0x1b memory.o
 .comment       0x000000000000001a       0x1b sheet.o
 .comment       0x000000000000001a       0x1b timer.o
 .comment       0x000000000000001a       0x1b font_8x16.o
 .comment       0x000000000000001a       0x1b libc/libc.a(sprintf.o)

.note.GNU-stack
                0x0000000000000000        0x0
 .note.GNU-stack
                0x0000000000000000        0x0 bootpack.o
 .note.GNU-stack
                0x0000000000000000        0x0 dsctbl.o
 .note.GNU-stack
                0x0000000000000000        0x0 graphics.o
 .note.GNU-stack
                0x0000000000000000        0x0 int.o
 .note.GNU-stack
                0x0000000000000000        0x0 fifo.o
 .note.GNU-stack
                0x0000000000000000        0x0 mouse.o
 .note.GNU-stack
                0x0000000000000000        0x0 keyboard.o
 .note.GNU-stack
                0x0000000000000000        0x0 memory.o
 .note.GNU-stack
                0x0000000000000000        0x0 sheet.o
 .note.GNU-stack
                0x0000000000000000        0x0 timer.o
 .note.GNU-stack
                0x0000000000000000        0x0 font_8x16.o
 .note.GNU-stack
                0x0000000000000000        0x0 libc/libc.a(sprintf.o)
