Archive member included to satisfy reference by file (symbol)

libc/libc.a(sprintf.o)        bootpack.o (sprintf)

Allocating common symbols
Common symbol       size              file

mousedata0          0x4               mouse.o
keyfifo             0x4               keyboard.o
timerctl            0x2720            timer.o
mousefifo           0x4               mouse.o
keydata0            0x4               keyboard.o

Memory Configuration

Name             Origin             Length             Attributes
*default*        0x0000000000000000 0xffffffffffffffff

Linker script and memory map

LOAD bootpack.o
LOAD dsctbl.o
LOAD graphics.o
LOAD int.o
LOAD fifo.o
LOAD mouse.o
LOAD keyboard.o
LOAD memory.o
LOAD sheet.o
LOAD timer.o
LOAD naskfunc.o
LOAD font_8x16.o
                0x0000000000280000                . = 0x280000

.text           0x0000000000280000     0x2e32
 *(.text)
 .text          0x0000000000280000      0xa42 bootpack.o
                0x0000000000280000                HariMain
                0x0000000000280785                make_window8
                0x00000000002809a3                putfonts8_asc_sht
 .text          0x0000000000280a42      0x211 dsctbl.o
                0x0000000000280a42                init_gdtidt
                0x0000000000280b93                set_segmdesc
                0x0000000000280c0e                set_gatedesc
 .text          0x0000000000280c53      0x5ce graphics.o
                0x0000000000280c53                init_palette
                0x0000000000280c70                set_palette
                0x0000000000280d1c                boxfill8
                0x0000000000280d6e                init_screen8
                0x0000000000280f8b                putfont8
                0x000000000028108d                putfonts8_asc
                0x00000000002810dc                init_mouse_cursor8
                0x00000000002811b2                putblock8_8
 .text          0x0000000000281221      0x122 int.o
                0x0000000000281221                init_pic
                0x00000000002812fc                inthandler27
 .text          0x0000000000281343      0x13b fifo.o
                0x0000000000281343                fifo32_init
                0x0000000000281381                fifo32_put
                0x00000000002813fa                fifo32_get
                0x0000000000281469                fifo32_status
 .text          0x000000000028147e      0x1e4 mouse.o
                0x000000000028147e                inthandler2c
                0x00000000002814d5                enable_mouse
                0x0000000000281523                mouse_decode
 .text          0x0000000000281662       0xa6 keyboard.o
                0x0000000000281662                inthandler21
                0x00000000002816a7                wait_KBC_sendready
                0x00000000002816c7                init_keyboard
 .text          0x0000000000281708      0x4b1 memory.o
                0x0000000000281708                memtest
                0x00000000002817bf                memman_init
                0x00000000002817ec                memman_total
                0x0000000000281825                memman_alloc
                0x000000000028190e                memman_free
                0x0000000000281b5e                memman_alloc_4k
                0x0000000000281b8a                memman_free_4k
 .text          0x0000000000281bb9      0xa25 sheet.o
                0x0000000000281bb9                shtctl_init
                0x0000000000281c9c                sheet_alloc
                0x0000000000281d13                sheet_setbuf
                0x0000000000281d3c                sheet_refreshmap
                0x0000000000281ef0                sheet_refreshsub
                0x00000000002820bc                sheet_updown
                0x0000000000282433                sheet_refresh
                0x00000000002824a4                sheet_slide
                0x00000000002825b7                sheet_free
 .text          0x00000000002825de      0x30b timer.o
                0x00000000002825de                init_pit
                0x0000000000282663                timer_alloc
                0x00000000002826cd                timer_free
                0x00000000002826dd                timer_init
                0x00000000002826f5                timer_settime
                0x0000000000282813                inthandler20
 .text          0x00000000002828e9      0x12a naskfunc.o
                0x00000000002828e9                _io_hlt
                0x00000000002828eb                _io_cli
                0x00000000002828ed                _io_sti
                0x00000000002828ef                _io_stihlt
                0x00000000002828f2                _io_in8
                0x00000000002828fd                _io_in16
                0x0000000000282909                _io_in32
                0x000000000028290f                _io_out8
                0x0000000000282919                _io_out16
                0x0000000000282925                _io_out32
                0x000000000028292f                _io_load_eflags
                0x0000000000282932                _io_store_eflags
                0x0000000000282939                _load_gdtr
                0x0000000000282949                _load_idtr
                0x0000000000282959                _load_cr0
                0x000000000028295d                _store_cr0
                0x0000000000282965                _asm_inthandler20
                0x0000000000282980                _asm_inthandler21
                0x000000000028299b                _asm_inthandler27
                0x00000000002829b6                _asm_inthandler2c
                0x00000000002829d1                _memtest_sub
 .text          0x0000000000282a13        0x0 font_8x16.o
 .text          0x0000000000282a13      0x41f libc/libc.a(sprintf.o)
                0x0000000000282cfb                sprintf

.iplt           0x0000000000282e38        0x0
 .iplt          0x0000000000282e38        0x0 libc/libc.a(sprintf.o)

.rodata         0x0000000000282e40     0x1080
 .rodata        0x0000000000282e40       0x54 bootpack.o
 .rodata        0x0000000000282e94       0x15 int.o
 *fill*         0x0000000000282ea9       0x17 
 .rodata        0x0000000000282ec0     0x1000 font_8x16.o
                0x0000000000282ec0                fontdata_8x16

.note.gnu.property
                0x0000000000283ec0       0x1c
 .note.gnu.property
                0x0000000000283ec0       0x1c libc/libc.a(sprintf.o)

.rel.dyn        0x0000000000283edc        0x0
 .rel.got       0x0000000000283edc        0x0 libc/libc.a(sprintf.o)
 .rel.iplt      0x0000000000283edc        0x0 libc/libc.a(sprintf.o)
 .rel.text      0x0000000000283edc        0x0 libc/libc.a(sprintf.o)

.data           0x0000000000283ee0      0x220
 *(.data)
 .data          0x0000000000283ee0       0xe0 bootpack.o
 .data          0x0000000000283fc0        0x0 dsctbl.o
 .data          0x0000000000283fc0      0x140 graphics.o
 .data          0x0000000000284100        0x0 int.o
 .data          0x0000000000284100        0x0 fifo.o
 .data          0x0000000000284100        0x0 mouse.o
 .data          0x0000000000284100        0x0 keyboard.o
 .data          0x0000000000284100        0x0 memory.o
 .data          0x0000000000284100        0x0 sheet.o
 .data          0x0000000000284100        0x0 timer.o
 .data          0x0000000000284100        0x0 naskfunc.o
 .data          0x0000000000284100        0x0 font_8x16.o
 .data          0x0000000000284100        0x0 libc/libc.a(sprintf.o)

.got            0x0000000000284100        0x0
 .got           0x0000000000284100        0x0 libc/libc.a(sprintf.o)

.got.plt        0x0000000000284100        0x0
 .got.plt       0x0000000000284100        0x0 libc/libc.a(sprintf.o)

.igot.plt       0x0000000000284100        0x0
 .igot.plt      0x0000000000284100        0x0 libc/libc.a(sprintf.o)

.bss            0x0000000000284100     0x2740
 *(.bss)
 .bss           0x0000000000284100        0x0 bootpack.o
 .bss           0x0000000000284100        0x0 dsctbl.o
 .bss           0x0000000000284100        0x0 graphics.o
 .bss           0x0000000000284100        0x0 int.o
 .bss           0x0000000000284100        0x0 fifo.o
 .bss           0x0000000000284100        0x0 mouse.o
 .bss           0x0000000000284100        0x0 keyboard.o
 .bss           0x0000000000284100        0x0 memory.o
 .bss           0x0000000000284100        0x0 sheet.o
 .bss           0x0000000000284100        0x0 timer.o
 .bss           0x0000000000284100        0x0 naskfunc.o
 .bss           0x0000000000284100        0x0 font_8x16.o
 .bss           0x0000000000284100        0x0 libc/libc.a(sprintf.o)
 COMMON         0x0000000000284100        0x8 mouse.o
                0x0000000000284100                mousedata0
                0x0000000000284104                mousefifo
 COMMON         0x0000000000284108        0x8 keyboard.o
                0x0000000000284108                keyfifo
                0x000000000028410c                keydata0
 *fill*         0x0000000000284110       0x10 
 COMMON         0x0000000000284120     0x2720 timer.o
                0x0000000000284120                timerctl
LOAD libc/libc.a
OUTPUT(kernel.elf elf32-i386)

.comment        0x0000000000000000       0x1a
 .comment       0x0000000000000000       0x1a bootpack.o
                                         0x1b (size before relaxing)
 .comment       0x000000000000001a       0x1b dsctbl.o
 .comment       0x000000000000001a       0x1b graphics.o
 .comment       0x000000000000001a       0x1b int.o
 .comment       0x000000000000001a       0x1b fifo.o
 .comment       0x000000000000001a       0x1b mouse.o
 .comment       0x000000000000001a       0x1b keyboard.o
 .comment       0x000000000000001a       0x1b memory.o
 .comment       0x000000000000001a       0x1b sheet.o
 .comment       0x000000000000001a       0x1b timer.o
 .comment       0x000000000000001a       0x1b font_8x16.o
 .comment       0x000000000000001a       0x1b libc/libc.a(sprintf.o)

.note.GNU-stack
                0x0000000000000000        0x0
 .note.GNU-stack
                0x0000000000000000        0x0 bootpack.o
 .note.GNU-stack
                0x0000000000000000        0x0 dsctbl.o
 .note.GNU-stack
                0x0000000000000000        0x0 graphics.o
 .note.GNU-stack
                0x0000000000000000        0x0 int.o
 .note.GNU-stack
                0x0000000000000000        0x0 fifo.o
 .note.GNU-stack
                0x0000000000000000        0x0 mouse.o
 .note.GNU-stack
                0x0000000000000000        0x0 keyboard.o
 .note.GNU-stack
                0x0000000000000000        0x0 memory.o
 .note.GNU-stack
                0x0000000000000000        0x0 sheet.o
 .note.GNU-stack
                0x0000000000000000        0x0 timer.o
 .note.GNU-stack
                0x0000000000000000        0x0 font_8x16.o
 .note.GNU-stack
                0x0000000000000000        0x0 libc/libc.a(sprintf.o)
