Archive member included to satisfy reference by file (symbol)

libc/libc.a(sprintf.o)        console.o (sprintf)
libc/libc.a(strcmp.o)         console.o (strcmp)

Allocating common symbols
Common symbol       size              file

mousedata0          0x4               mouse.o
keyfifo             0x4               keyboard.o
taskctl             0x4               mtask.o
timerctl            0x271c            timer.o
mousefifo           0x4               mouse.o
task_timer          0x4               mtask.o
keydata0            0x4               keyboard.o

Memory Configuration

Name             Origin             Length             Attributes
*default*        0x0000000000000000 0xffffffffffffffff

Linker script and memory map

LOAD bootpack.o
LOAD dsctbl.o
LOAD graphics.o
LOAD int.o
LOAD fifo.o
LOAD mouse.o
LOAD keyboard.o
LOAD memory.o
LOAD sheet.o
LOAD timer.o
LOAD mtask.o
LOAD file.o
LOAD window.o
LOAD console.o
LOAD naskfunc.o
LOAD font_8x16.o
                0x0000000000280000                . = 0x280000

.text           0x0000000000280000     0x4bd2
 *(.text)
 .text          0x0000000000280000      0xb5a bootpack.o
                0x0000000000280000                HariMain
 .text          0x0000000000280b5a      0x24b dsctbl.o
                0x0000000000280b5a                init_gdtidt
                0x0000000000280ce5                set_segmdesc
                0x0000000000280d60                set_gatedesc
 .text          0x0000000000280da5      0x5ce graphics.o
                0x0000000000280da5                init_palette
                0x0000000000280dc2                set_palette
                0x0000000000280e6e                boxfill8
                0x0000000000280ec0                init_screen8
                0x00000000002810dd                putfont8
                0x00000000002811df                putfonts8_asc
                0x000000000028122e                init_mouse_cursor8
                0x0000000000281304                putblock8_8
 .text          0x0000000000281373      0x122 int.o
                0x0000000000281373                init_pic
                0x000000000028144e                inthandler27
 .text          0x0000000000281495      0x178 fifo.o
                0x0000000000281495                fifo32_init
                0x00000000002814dc                fifo32_put
                0x0000000000281589                fifo32_get
                0x00000000002815f8                fifo32_status
 .text          0x000000000028160d      0x1e4 mouse.o
                0x000000000028160d                inthandler2c
                0x0000000000281664                enable_mouse
                0x00000000002816b2                mouse_decode
 .text          0x00000000002817f1       0xa6 keyboard.o
                0x00000000002817f1                inthandler21
                0x0000000000281836                wait_KBC_sendready
                0x0000000000281856                init_keyboard
 .text          0x0000000000281897      0x4b1 memory.o
                0x0000000000281897                memtest
                0x000000000028194e                memman_init
                0x000000000028197b                memman_total
                0x00000000002819b4                memman_alloc
                0x0000000000281a9d                memman_free
                0x0000000000281ced                memman_alloc_4k
                0x0000000000281d19                memman_free_4k
 .text          0x0000000000281d48      0xa25 sheet.o
                0x0000000000281d48                shtctl_init
                0x0000000000281e2b                sheet_alloc
                0x0000000000281ea2                sheet_setbuf
                0x0000000000281ecb                sheet_refreshmap
                0x000000000028207f                sheet_refreshsub
                0x000000000028224b                sheet_updown
                0x00000000002825c2                sheet_refresh
                0x0000000000282633                sheet_slide
                0x0000000000282746                sheet_free
 .text          0x000000000028276d      0x299 timer.o
                0x000000000028276d                init_pit
                0x0000000000282815                timer_alloc
                0x000000000028287f                timer_free
                0x000000000028288f                timer_init
                0x00000000002828a7                timer_settime
                0x0000000000282956                inthandler20
 .text          0x0000000000282a06      0x630 mtask.o
                0x0000000000282a06                task_now
                0x0000000000282a36                task_add
                0x0000000000282a7f                task_remove
                0x0000000000282b3c                task_switchsub
                0x0000000000282b88                task_idle
                0x0000000000282b95                task_init
                0x0000000000282d9a                task_alloc
                0x0000000000282eaa                task_run
                0x0000000000282f17                task_sleep
                0x0000000000282f67                task_switch
 .text          0x0000000000283036      0x2ca file.o
                0x0000000000283036                file_readfat
                0x00000000002830e6                file_loadfile
                0x000000000028318e                file_search
 .text          0x0000000000283300      0x508 window.o
                0x0000000000283300                make_window8
                0x0000000000283472                make_wtitle8
                0x000000000028356a                putfonts8_asc_sht
                0x0000000000283609                make_textbox8
 .text          0x0000000000283808      0xc98 console.o
                0x0000000000283808                console_task
                0x0000000000283bb0                cons_putchar
                0x0000000000283cb8                cons_newline
                0x0000000000283dc0                cons_putstr0
                0x0000000000283df3                cons_putstr1
                0x0000000000283e30                cons_runcmd
                0x0000000000283f1c                cmd_mem
                0x0000000000283f6a                cmd_cls
                0x0000000000283fe8                cmd_dir
                0x000000000028411c                cmd_type
                0x00000000002841e7                cmd_app
                0x00000000002843d6                hrb_api
                0x000000000028446d                inthandler0d
 .text          0x00000000002844a0      0x1ae naskfunc.o
                0x00000000002844a0                _io_hlt
                0x00000000002844a2                _io_cli
                0x00000000002844a4                _io_sti
                0x00000000002844a6                _io_stihlt
                0x00000000002844a9                _io_in8
                0x00000000002844b4                _io_in16
                0x00000000002844c0                _io_in32
                0x00000000002844c6                _io_out8
                0x00000000002844d0                _io_out16
                0x00000000002844dc                _io_out32
                0x00000000002844e6                _io_load_eflags
                0x00000000002844e9                _io_store_eflags
                0x00000000002844f0                _load_gdtr
                0x0000000000284500                _load_idtr
                0x0000000000284510                _load_cr0
                0x0000000000284514                _store_cr0
                0x000000000028451c                _load_tr
                0x0000000000284522                _asm_inthandler20
                0x000000000028453d                _asm_inthandler21
                0x0000000000284558                _asm_inthandler27
                0x0000000000284573                _asm_inthandler2c
                0x000000000028458e                _asm_inthandler0d
                0x00000000002845af                _memtest_sub
                0x00000000002845f1                _farjmp
                0x00000000002845f6                _farcall
                0x00000000002845fb                _asm_hrb_api
                0x0000000000284620                _start_app
 .text          0x000000000028464e        0x0 font_8x16.o
 .text          0x000000000028464e      0x447 libc/libc.a(sprintf.o)
                0x0000000000284936                sprintf
 .text          0x0000000000284a95      0x13d libc/libc.a(strcmp.o)
                0x0000000000284a95                strcmp
                0x0000000000284b27                strncmp

.iplt           0x0000000000284bd2        0x0
 .iplt          0x0000000000284bd2        0x0 bootpack.o

.rodata         0x0000000000284be0     0x10c0
 .rodata        0x0000000000284be0       0x11 bootpack.o
 .rodata        0x0000000000284bf1       0x15 int.o
 *fill*         0x0000000000284c06        0x2 
 .rodata        0x0000000000284c08       0x8d console.o
 *fill*         0x0000000000284c95        0xb 
 .rodata        0x0000000000284ca0     0x1000 font_8x16.o
                0x0000000000284ca0                fontdata_8x16

.rel.dyn        0x0000000000285ca0        0x0
 .rel.got       0x0000000000285ca0        0x0 bootpack.o
 .rel.iplt      0x0000000000285ca0        0x0 bootpack.o
 .rel.text      0x0000000000285ca0        0x0 bootpack.o

.data           0x0000000000285ca0      0x320
 *(.data)
 .data          0x0000000000285ca0      0x100 bootpack.o
 .data          0x0000000000285da0        0x0 dsctbl.o
 .data          0x0000000000285da0      0x140 graphics.o
 .data          0x0000000000285ee0        0x0 int.o
 .data          0x0000000000285ee0        0x0 fifo.o
 .data          0x0000000000285ee0        0x0 mouse.o
 .data          0x0000000000285ee0        0x0 keyboard.o
 .data          0x0000000000285ee0        0x0 memory.o
 .data          0x0000000000285ee0        0x0 sheet.o
 .data          0x0000000000285ee0        0x0 timer.o
 .data          0x0000000000285ee0        0x0 mtask.o
 .data          0x0000000000285ee0        0x0 file.o
 .data          0x0000000000285ee0       0xe0 window.o
 .data          0x0000000000285fc0        0x0 console.o
 .data          0x0000000000285fc0        0x0 naskfunc.o
 .data          0x0000000000285fc0        0x0 font_8x16.o
 .data          0x0000000000285fc0        0x0 libc/libc.a(sprintf.o)
 .data          0x0000000000285fc0        0x0 libc/libc.a(strcmp.o)

.got            0x0000000000285fc0        0x0
 .got           0x0000000000285fc0        0x0 bootpack.o

.got.plt        0x0000000000285fc0        0x0
 .got.plt       0x0000000000285fc0        0x0 bootpack.o

.igot.plt       0x0000000000285fc0        0x0
 .igot.plt      0x0000000000285fc0        0x0 bootpack.o

.bss            0x0000000000285fc0     0x2744
 *(.bss)
 .bss           0x0000000000285fc0        0x0 bootpack.o
 .bss           0x0000000000285fc0        0x0 dsctbl.o
 .bss           0x0000000000285fc0        0x0 graphics.o
 .bss           0x0000000000285fc0        0x0 int.o
 .bss           0x0000000000285fc0        0x0 fifo.o
 .bss           0x0000000000285fc0        0x0 mouse.o
 .bss           0x0000000000285fc0        0x0 keyboard.o
 .bss           0x0000000000285fc0        0x0 memory.o
 .bss           0x0000000000285fc0        0x0 sheet.o
 .bss           0x0000000000285fc0        0x0 timer.o
 .bss           0x0000000000285fc0        0x0 mtask.o
 .bss           0x0000000000285fc0        0x0 file.o
 .bss           0x0000000000285fc0        0x0 window.o
 .bss           0x0000000000285fc0        0x0 console.o
 .bss           0x0000000000285fc0        0x0 naskfunc.o
 .bss           0x0000000000285fc0        0x0 font_8x16.o
 .bss           0x0000000000285fc0        0x0 libc/libc.a(sprintf.o)
 .bss           0x0000000000285fc0        0x0 libc/libc.a(strcmp.o)
 COMMON         0x0000000000285fc0        0x8 mouse.o
                0x0000000000285fc0                mousedata0
                0x0000000000285fc4                mousefifo
 COMMON         0x0000000000285fc8        0x8 keyboard.o
                0x0000000000285fc8                keyfifo
                0x0000000000285fcc                keydata0
 *fill*         0x0000000000285fd0       0x10 
 COMMON         0x0000000000285fe0     0x271c timer.o
                0x0000000000285fe0                timerctl
 COMMON         0x00000000002886fc        0x8 mtask.o
                0x00000000002886fc                taskctl
                0x0000000000288700                task_timer
LOAD libc/libc.a
OUTPUT(kernel.elf elf32-i386)

.comment        0x0000000000000000       0x11
 .comment       0x0000000000000000       0x11 bootpack.o
                                         0x12 (size before relaxing)
 .comment       0x0000000000000011       0x12 dsctbl.o
 .comment       0x0000000000000011       0x12 graphics.o
 .comment       0x0000000000000011       0x12 int.o
 .comment       0x0000000000000011       0x12 fifo.o
 .comment       0x0000000000000011       0x12 mouse.o
 .comment       0x0000000000000011       0x12 keyboard.o
 .comment       0x0000000000000011       0x12 memory.o
 .comment       0x0000000000000011       0x12 sheet.o
 .comment       0x0000000000000011       0x12 timer.o
 .comment       0x0000000000000011       0x12 mtask.o
 .comment       0x0000000000000011       0x12 file.o
 .comment       0x0000000000000011       0x12 window.o
 .comment       0x0000000000000011       0x12 console.o
 .comment       0x0000000000000011       0x12 font_8x16.o
 .comment       0x0000000000000011       0x12 libc/libc.a(sprintf.o)
 .comment       0x0000000000000011       0x12 libc/libc.a(strcmp.o)

.note.GNU-stack
                0x0000000000000000        0x0
 .note.GNU-stack
                0x0000000000000000        0x0 bootpack.o
 .note.GNU-stack
                0x0000000000000000        0x0 dsctbl.o
 .note.GNU-stack
                0x0000000000000000        0x0 graphics.o
 .note.GNU-stack
                0x0000000000000000        0x0 int.o
 .note.GNU-stack
                0x0000000000000000        0x0 fifo.o
 .note.GNU-stack
                0x0000000000000000        0x0 mouse.o
 .note.GNU-stack
                0x0000000000000000        0x0 keyboard.o
 .note.GNU-stack
                0x0000000000000000        0x0 memory.o
 .note.GNU-stack
                0x0000000000000000        0x0 sheet.o
 .note.GNU-stack
                0x0000000000000000        0x0 timer.o
 .note.GNU-stack
                0x0000000000000000        0x0 mtask.o
 .note.GNU-stack
                0x0000000000000000        0x0 file.o
 .note.GNU-stack
                0x0000000000000000        0x0 window.o
 .note.GNU-stack
                0x0000000000000000        0x0 console.o
 .note.GNU-stack
                0x0000000000000000        0x0 font_8x16.o
 .note.GNU-stack
                0x0000000000000000        0x0 libc/libc.a(sprintf.o)
 .note.GNU-stack
                0x0000000000000000        0x0 libc/libc.a(strcmp.o)
