Archive member included to satisfy reference by file (symbol)

libc/libc.a(sprintf.o)        bootpack.o (sprintf)

Allocating common symbols
Common symbol       size              file

mousedata0          0x4               mouse.o
keyfifo             0x4               keyboard.o
timerctl            0x271c            timer.o
mousefifo           0x4               mouse.o
keydata0            0x4               keyboard.o

Memory Configuration

Name             Origin             Length             Attributes
*default*        0x0000000000000000 0xffffffffffffffff

Linker script and memory map

LOAD bootpack.o
LOAD dsctbl.o
LOAD graphics.o
LOAD int.o
LOAD fifo.o
LOAD mouse.o
LOAD keyboard.o
LOAD memory.o
LOAD sheet.o
LOAD timer.o
LOAD naskfunc.o
LOAD font_8x16.o
                0x0000000000280000                . = 0x280000

.text           0x0000000000280000     0x3182
 *(.text)
 .text          0x0000000000280000      0xe17 bootpack.o
                0x0000000000280000                HariMain
                0x000000000028094e                make_window8
                0x0000000000280b6c                putfonts8_asc_sht
                0x0000000000280c0b                make_textbox8
                0x0000000000280e0a                task_b_main
 .text          0x0000000000280e17      0x211 dsctbl.o
                0x0000000000280e17                init_gdtidt
                0x0000000000280f68                set_segmdesc
                0x0000000000280fe3                set_gatedesc
 .text          0x0000000000281028      0x5ce graphics.o
                0x0000000000281028                init_palette
                0x0000000000281045                set_palette
                0x00000000002810f1                boxfill8
                0x0000000000281143                init_screen8
                0x0000000000281360                putfont8
                0x0000000000281462                putfonts8_asc
                0x00000000002814b1                init_mouse_cursor8
                0x0000000000281587                putblock8_8
 .text          0x00000000002815f6      0x122 int.o
                0x00000000002815f6                init_pic
                0x00000000002816d1                inthandler27
 .text          0x0000000000281718      0x13b fifo.o
                0x0000000000281718                fifo32_init
                0x0000000000281756                fifo32_put
                0x00000000002817cf                fifo32_get
                0x000000000028183e                fifo32_status
 .text          0x0000000000281853      0x1e4 mouse.o
                0x0000000000281853                inthandler2c
                0x00000000002818aa                enable_mouse
                0x00000000002818f8                mouse_decode
 .text          0x0000000000281a37       0xa6 keyboard.o
                0x0000000000281a37                inthandler21
                0x0000000000281a7c                wait_KBC_sendready
                0x0000000000281a9c                init_keyboard
 .text          0x0000000000281add      0x4b1 memory.o
                0x0000000000281add                memtest
                0x0000000000281b94                memman_init
                0x0000000000281bc1                memman_total
                0x0000000000281bfa                memman_alloc
                0x0000000000281ce3                memman_free
                0x0000000000281f33                memman_alloc_4k
                0x0000000000281f5f                memman_free_4k
 .text          0x0000000000281f8e      0xa25 sheet.o
                0x0000000000281f8e                shtctl_init
                0x0000000000282071                sheet_alloc
                0x00000000002820e8                sheet_setbuf
                0x0000000000282111                sheet_refreshmap
                0x00000000002822c5                sheet_refreshsub
                0x0000000000282491                sheet_updown
                0x0000000000282808                sheet_refresh
                0x0000000000282879                sheet_slide
                0x000000000028298c                sheet_free
 .text          0x00000000002829b3      0x278 timer.o
                0x00000000002829b3                init_pit
                0x0000000000282a5b                timer_alloc
                0x0000000000282ac5                timer_free
                0x0000000000282ad5                timer_init
                0x0000000000282aed                timer_settime
                0x0000000000282b9c                inthandler20
 .text          0x0000000000282c2b      0x138 naskfunc.o
                0x0000000000282c2b                _io_hlt
                0x0000000000282c2d                _io_cli
                0x0000000000282c2f                _io_sti
                0x0000000000282c31                _io_stihlt
                0x0000000000282c34                _io_in8
                0x0000000000282c3f                _io_in16
                0x0000000000282c4b                _io_in32
                0x0000000000282c51                _io_out8
                0x0000000000282c5b                _io_out16
                0x0000000000282c67                _io_out32
                0x0000000000282c71                _io_load_eflags
                0x0000000000282c74                _io_store_eflags
                0x0000000000282c7b                _load_gdtr
                0x0000000000282c8b                _load_idtr
                0x0000000000282c9b                _load_cr0
                0x0000000000282c9f                _store_cr0
                0x0000000000282ca7                _load_tr
                0x0000000000282cad                _asm_inthandler20
                0x0000000000282cc8                _asm_inthandler21
                0x0000000000282ce3                _asm_inthandler27
                0x0000000000282cfe                _asm_inthandler2c
                0x0000000000282d19                _memtest_sub
                0x0000000000282d5b                _taskswitch4
 .text          0x0000000000282d63        0x0 font_8x16.o
 .text          0x0000000000282d63      0x41f libc/libc.a(sprintf.o)
                0x000000000028304b                sprintf

.iplt           0x0000000000283188        0x0
 .iplt          0x0000000000283188        0x0 libc/libc.a(sprintf.o)

.rodata         0x00000000002831a0     0x1080
 .rodata        0x00000000002831a0       0x50 bootpack.o
 .rodata        0x00000000002831f0       0x15 int.o
 *fill*         0x0000000000283205       0x1b 
 .rodata        0x0000000000283220     0x1000 font_8x16.o
                0x0000000000283220                fontdata_8x16

.note.gnu.property
                0x0000000000284220       0x1c
 .note.gnu.property
                0x0000000000284220       0x1c libc/libc.a(sprintf.o)

.rel.dyn        0x000000000028423c        0x0
 .rel.got       0x000000000028423c        0x0 libc/libc.a(sprintf.o)
 .rel.iplt      0x000000000028423c        0x0 libc/libc.a(sprintf.o)
 .rel.text      0x000000000028423c        0x0 libc/libc.a(sprintf.o)

.data           0x0000000000284240      0x280
 *(.data)
 .data          0x0000000000284240      0x140 bootpack.o
 .data          0x0000000000284380        0x0 dsctbl.o
 .data          0x0000000000284380      0x140 graphics.o
 .data          0x00000000002844c0        0x0 int.o
 .data          0x00000000002844c0        0x0 fifo.o
 .data          0x00000000002844c0        0x0 mouse.o
 .data          0x00000000002844c0        0x0 keyboard.o
 .data          0x00000000002844c0        0x0 memory.o
 .data          0x00000000002844c0        0x0 sheet.o
 .data          0x00000000002844c0        0x0 timer.o
 .data          0x00000000002844c0        0x0 naskfunc.o
 .data          0x00000000002844c0        0x0 font_8x16.o
 .data          0x00000000002844c0        0x0 libc/libc.a(sprintf.o)

.got            0x00000000002844c0        0x0
 .got           0x00000000002844c0        0x0 libc/libc.a(sprintf.o)

.got.plt        0x00000000002844c0        0x0
 .got.plt       0x00000000002844c0        0x0 libc/libc.a(sprintf.o)

.igot.plt       0x00000000002844c0        0x0
 .igot.plt      0x00000000002844c0        0x0 libc/libc.a(sprintf.o)

.bss            0x00000000002844c0     0x273c
 *(.bss)
 .bss           0x00000000002844c0        0x0 bootpack.o
 .bss           0x00000000002844c0        0x0 dsctbl.o
 .bss           0x00000000002844c0        0x0 graphics.o
 .bss           0x00000000002844c0        0x0 int.o
 .bss           0x00000000002844c0        0x0 fifo.o
 .bss           0x00000000002844c0        0x0 mouse.o
 .bss           0x00000000002844c0        0x0 keyboard.o
 .bss           0x00000000002844c0        0x0 memory.o
 .bss           0x00000000002844c0        0x0 sheet.o
 .bss           0x00000000002844c0        0x0 timer.o
 .bss           0x00000000002844c0        0x0 naskfunc.o
 .bss           0x00000000002844c0        0x0 font_8x16.o
 .bss           0x00000000002844c0        0x0 libc/libc.a(sprintf.o)
 COMMON         0x00000000002844c0        0x8 mouse.o
                0x00000000002844c0                mousedata0
                0x00000000002844c4                mousefifo
 COMMON         0x00000000002844c8        0x8 keyboard.o
                0x00000000002844c8                keyfifo
                0x00000000002844cc                keydata0
 *fill*         0x00000000002844d0       0x10 
 COMMON         0x00000000002844e0     0x271c timer.o
                0x00000000002844e0                timerctl
LOAD libc/libc.a
OUTPUT(kernel.elf elf32-i386)

.comment        0x0000000000000000       0x1a
 .comment       0x0000000000000000       0x1a bootpack.o
                                         0x1b (size before relaxing)
 .comment       0x000000000000001a       0x1b dsctbl.o
 .comment       0x000000000000001a       0x1b graphics.o
 .comment       0x000000000000001a       0x1b int.o
 .comment       0x000000000000001a       0x1b fifo.o
 .comment       0x000000000000001a       0x1b mouse.o
 .comment       0x000000000000001a       0x1b keyboard.o
 .comment       0x000000000000001a       0x1b memory.o
 .comment       0x000000000000001a       0x1b sheet.o
 .comment       0x000000000000001a       0x1b timer.o
 .comment       0x000000000000001a       0x1b font_8x16.o
 .comment       0x000000000000001a       0x1b libc/libc.a(sprintf.o)

.note.GNU-stack
                0x0000000000000000        0x0
 .note.GNU-stack
                0x0000000000000000        0x0 bootpack.o
 .note.GNU-stack
                0x0000000000000000        0x0 dsctbl.o
 .note.GNU-stack
                0x0000000000000000        0x0 graphics.o
 .note.GNU-stack
                0x0000000000000000        0x0 int.o
 .note.GNU-stack
                0x0000000000000000        0x0 fifo.o
 .note.GNU-stack
                0x0000000000000000        0x0 mouse.o
 .note.GNU-stack
                0x0000000000000000        0x0 keyboard.o
 .note.GNU-stack
                0x0000000000000000        0x0 memory.o
 .note.GNU-stack
                0x0000000000000000        0x0 sheet.o
 .note.GNU-stack
                0x0000000000000000        0x0 timer.o
 .note.GNU-stack
                0x0000000000000000        0x0 font_8x16.o
 .note.GNU-stack
                0x0000000000000000        0x0 libc/libc.a(sprintf.o)
