Archive member included to satisfy reference by file (symbol)

libc/libc.a(sprintf.o)        bootpack.o (sprintf)

Allocating common symbols
Common symbol       size              file

keyfifo             0x18              keyboard.o
mousefifo           0x18              mouse.o

Memory Configuration

Name             Origin             Length             Attributes
*default*        0x0000000000000000 0xffffffffffffffff

Linker script and memory map

LOAD bootpack.o
LOAD dsctbl.o
LOAD graphics.o
LOAD int.o
LOAD fifo.o
LOAD mouse.o
LOAD keyboard.o
LOAD naskfunc.o
LOAD font_8x16.o
                0x0000000000280000                . = 0x280000

.text           0x0000000000280000     0x15c1
 *(.text)
 .text          0x0000000000280000      0x461 bootpack.o
                0x0000000000280000                HariMain
 .text          0x0000000000280461      0x1f3 dsctbl.o
                0x0000000000280461                init_gdtidt
                0x0000000000280594                set_segmdesc
                0x000000000028060f                set_gatedesc
 .text          0x0000000000280654      0x5ce graphics.o
                0x0000000000280654                init_palette
                0x0000000000280671                set_palette
                0x000000000028071d                boxfill8
                0x000000000028076f                init_screen8
                0x000000000028098c                putfont8
                0x0000000000280a8e                putfonts8_asc
                0x0000000000280add                init_mouse_cursor8
                0x0000000000280bb3                putblock8_8
 .text          0x0000000000280c22      0x122 int.o
                0x0000000000280c22                init_pic
                0x0000000000280cfd                inthandler27
 .text          0x0000000000280d44      0x143 fifo.o
                0x0000000000280d44                fifo8_init
                0x0000000000280d82                fifo8_put
                0x0000000000280e02                fifo8_get
                0x0000000000280e72                fifo8_status
 .text          0x0000000000280e87      0x1cc mouse.o
                0x0000000000280e87                inthandler2c
                0x0000000000280ed6                enable_mouse
                0x0000000000280f14                mouse_decode
 .text          0x0000000000281053       0x8e keyboard.o
                0x0000000000281053                inthandler21
                0x0000000000281090                wait_KBC_sendready
                0x00000000002810b0                init_keyboard
 .text          0x00000000002810e1       0xc1 naskfunc.o
                0x00000000002810e1                _io_hlt
                0x00000000002810e3                _io_cli
                0x00000000002810e5                _io_sti
                0x00000000002810e7                _io_stihlt
                0x00000000002810ea                _io_in8
                0x00000000002810f5                _io_in16
                0x0000000000281101                _io_in32
                0x0000000000281107                _io_out8
                0x0000000000281111                _io_out16
                0x000000000028111d                _io_out32
                0x0000000000281127                _io_load_eflags
                0x000000000028112a                _io_store_eflags
                0x0000000000281131                _load_gdtr
                0x0000000000281141                _load_idtr
                0x0000000000281151                _asm_inthandler21
                0x000000000028116c                _asm_inthandler27
                0x0000000000281187                _asm_inthandler2c
 .text          0x00000000002811a2        0x0 font_8x16.o
 .text          0x00000000002811a2      0x41f libc/libc.a(sprintf.o)
                0x000000000028148a                sprintf

.iplt           0x00000000002815c8        0x0
 .iplt          0x00000000002815c8        0x0 libc/libc.a(sprintf.o)

.rodata         0x00000000002815e0     0x1040
 .rodata        0x00000000002815e0       0x1e bootpack.o
 .rodata        0x00000000002815fe       0x15 int.o
 *fill*         0x0000000000281613        0xd 
 .rodata        0x0000000000281620     0x1000 font_8x16.o
                0x0000000000281620                fontdata_8x16

.note.gnu.property
                0x0000000000282620       0x1c
 .note.gnu.property
                0x0000000000282620       0x1c libc/libc.a(sprintf.o)

.rel.dyn        0x000000000028263c        0x0
 .rel.got       0x000000000028263c        0x0 libc/libc.a(sprintf.o)
 .rel.iplt      0x000000000028263c        0x0 libc/libc.a(sprintf.o)
 .rel.text      0x000000000028263c        0x0 libc/libc.a(sprintf.o)

.data           0x0000000000282640      0x140
 *(.data)
 .data          0x0000000000282640        0x0 bootpack.o
 .data          0x0000000000282640        0x0 dsctbl.o
 .data          0x0000000000282640      0x140 graphics.o
 .data          0x0000000000282780        0x0 int.o
 .data          0x0000000000282780        0x0 fifo.o
 .data          0x0000000000282780        0x0 mouse.o
 .data          0x0000000000282780        0x0 keyboard.o
 .data          0x0000000000282780        0x0 naskfunc.o
 .data          0x0000000000282780        0x0 font_8x16.o
 .data          0x0000000000282780        0x0 libc/libc.a(sprintf.o)

.got            0x0000000000282780        0x0
 .got           0x0000000000282780        0x0 libc/libc.a(sprintf.o)

.got.plt        0x0000000000282780        0x0
 .got.plt       0x0000000000282780        0x0 libc/libc.a(sprintf.o)

.igot.plt       0x0000000000282780        0x0
 .igot.plt      0x0000000000282780        0x0 libc/libc.a(sprintf.o)

.bss            0x0000000000282780       0x30
 *(.bss)
 .bss           0x0000000000282780        0x0 bootpack.o
 .bss           0x0000000000282780        0x0 dsctbl.o
 .bss           0x0000000000282780        0x0 graphics.o
 .bss           0x0000000000282780        0x0 int.o
 .bss           0x0000000000282780        0x0 fifo.o
 .bss           0x0000000000282780        0x0 mouse.o
 .bss           0x0000000000282780        0x0 keyboard.o
 .bss           0x0000000000282780        0x0 naskfunc.o
 .bss           0x0000000000282780        0x0 font_8x16.o
 .bss           0x0000000000282780        0x0 libc/libc.a(sprintf.o)
 COMMON         0x0000000000282780       0x18 mouse.o
                0x0000000000282780                mousefifo
 COMMON         0x0000000000282798       0x18 keyboard.o
                0x0000000000282798                keyfifo
LOAD libc/libc.a
OUTPUT(kernel.elf elf32-i386)

.comment        0x0000000000000000       0x1a
 .comment       0x0000000000000000       0x1a bootpack.o
                                         0x1b (size before relaxing)
 .comment       0x000000000000001a       0x1b dsctbl.o
 .comment       0x000000000000001a       0x1b graphics.o
 .comment       0x000000000000001a       0x1b int.o
 .comment       0x000000000000001a       0x1b fifo.o
 .comment       0x000000000000001a       0x1b mouse.o
 .comment       0x000000000000001a       0x1b keyboard.o
 .comment       0x000000000000001a       0x1b font_8x16.o
 .comment       0x000000000000001a       0x1b libc/libc.a(sprintf.o)

.note.GNU-stack
                0x0000000000000000        0x0
 .note.GNU-stack
                0x0000000000000000        0x0 bootpack.o
 .note.GNU-stack
                0x0000000000000000        0x0 dsctbl.o
 .note.GNU-stack
                0x0000000000000000        0x0 graphics.o
 .note.GNU-stack
                0x0000000000000000        0x0 int.o
 .note.GNU-stack
                0x0000000000000000        0x0 fifo.o
 .note.GNU-stack
                0x0000000000000000        0x0 mouse.o
 .note.GNU-stack
                0x0000000000000000        0x0 keyboard.o
 .note.GNU-stack
                0x0000000000000000        0x0 font_8x16.o
 .note.GNU-stack
                0x0000000000000000        0x0 libc/libc.a(sprintf.o)
