Archive member included to satisfy reference by file (symbol)

libc/libc.a(sprintf.o)        bootpack.o (sprintf)

Allocating common symbols
Common symbol       size              file

keyfifo             0x18              int.o
mousefifo           0x18              int.o

Memory Configuration

Name             Origin             Length             Attributes
*default*        0x0000000000000000 0xffffffffffffffff

Linker script and memory map

LOAD bootpack.o
LOAD dsctbl.o
LOAD graphics.o
LOAD int.o
LOAD fifo.o
LOAD naskfunc.o
LOAD font_8x16.o
                0x0000000000280000                . = 0x280000

.text           0x0000000000280000     0x11be
 *(.text)
 .text          0x0000000000280000      0x350 bootpack.o
                0x0000000000280000                HariMain
                0x00000000002802c8                wait_KBC_sendready
                0x00000000002802e8                init_keyboard
                0x0000000000280319                enable_mouse
 .text          0x0000000000280350      0x1f3 dsctbl.o
                0x0000000000280350                init_gdtidt
                0x0000000000280483                set_segmdesc
                0x00000000002804fe                set_gatedesc
 .text          0x0000000000280543      0x5ce graphics.o
                0x0000000000280543                init_palette
                0x0000000000280560                set_palette
                0x000000000028060c                boxfill8
                0x000000000028065e                init_screen8
                0x000000000028087b                putfont8
                0x000000000028097d                putfonts8_asc
                0x00000000002809cc                init_mouse_cursor8
                0x0000000000280aa2                putblock8_8
 .text          0x0000000000280b11      0x1ae int.o
                0x0000000000280b11                init_pic
                0x0000000000280bec                inthandler21
                0x0000000000280c29                inthandler2c
                0x0000000000280c78                inthandler27
 .text          0x0000000000280cbf      0x143 fifo.o
                0x0000000000280cbf                fifo8_init
                0x0000000000280cfd                fifo8_put
                0x0000000000280d7d                fifo8_get
                0x0000000000280ded                fifo8_status
 .text          0x0000000000280e02       0xc1 naskfunc.o
                0x0000000000280e02                _io_hlt
                0x0000000000280e04                _io_cli
                0x0000000000280e06                _io_sti
                0x0000000000280e08                _io_stihlt
                0x0000000000280e0b                _io_in8
                0x0000000000280e16                _io_in16
                0x0000000000280e22                _io_in32
                0x0000000000280e28                _io_out8
                0x0000000000280e32                _io_out16
                0x0000000000280e3e                _io_out32
                0x0000000000280e48                _io_load_eflags
                0x0000000000280e4b                _io_store_eflags
                0x0000000000280e52                _load_gdtr
                0x0000000000280e62                _load_idtr
                0x0000000000280e72                _asm_inthandler21
                0x0000000000280e8d                _asm_inthandler27
                0x0000000000280ea8                _asm_inthandler2c
 .text          0x0000000000280ec3        0x0 font_8x16.o
 .text          0x0000000000280ec3      0x2fb libc/libc.a(sprintf.o)
                0x00000000002810bd                sprintf

.iplt           0x00000000002811c0        0x0
 .iplt          0x00000000002811c0        0x0 libc/libc.a(sprintf.o)

.rodata         0x00000000002811c0     0x1040
 .rodata        0x00000000002811c0        0xe bootpack.o
 .rodata        0x00000000002811ce       0x15 int.o
 *fill*         0x00000000002811e3       0x1d 
 .rodata        0x0000000000281200     0x1000 font_8x16.o
                0x0000000000281200                fontdata_8x16

.note.gnu.property
                0x0000000000282200       0x1c
 .note.gnu.property
                0x0000000000282200       0x1c libc/libc.a(sprintf.o)

.rel.dyn        0x000000000028221c        0x0
 .rel.got       0x000000000028221c        0x0 libc/libc.a(sprintf.o)
 .rel.iplt      0x000000000028221c        0x0 libc/libc.a(sprintf.o)
 .rel.text      0x000000000028221c        0x0 libc/libc.a(sprintf.o)

.data           0x0000000000282220      0x140
 *(.data)
 .data          0x0000000000282220        0x0 bootpack.o
 .data          0x0000000000282220        0x0 dsctbl.o
 .data          0x0000000000282220      0x140 graphics.o
 .data          0x0000000000282360        0x0 int.o
 .data          0x0000000000282360        0x0 fifo.o
 .data          0x0000000000282360        0x0 naskfunc.o
 .data          0x0000000000282360        0x0 font_8x16.o
 .data          0x0000000000282360        0x0 libc/libc.a(sprintf.o)

.got            0x0000000000282360        0x0
 .got           0x0000000000282360        0x0 libc/libc.a(sprintf.o)

.got.plt        0x0000000000282360        0x0
 .got.plt       0x0000000000282360        0x0 libc/libc.a(sprintf.o)

.igot.plt       0x0000000000282360        0x0
 .igot.plt      0x0000000000282360        0x0 libc/libc.a(sprintf.o)

.bss            0x0000000000282360       0x30
 *(.bss)
 .bss           0x0000000000282360        0x0 bootpack.o
 .bss           0x0000000000282360        0x0 dsctbl.o
 .bss           0x0000000000282360        0x0 graphics.o
 .bss           0x0000000000282360        0x0 int.o
 .bss           0x0000000000282360        0x0 fifo.o
 .bss           0x0000000000282360        0x0 naskfunc.o
 .bss           0x0000000000282360        0x0 font_8x16.o
 .bss           0x0000000000282360        0x0 libc/libc.a(sprintf.o)
 COMMON         0x0000000000282360       0x30 int.o
                0x0000000000282360                keyfifo
                0x0000000000282378                mousefifo
LOAD libc/libc.a
OUTPUT(kernel.elf elf32-i386)

.comment        0x0000000000000000       0x1a
 .comment       0x0000000000000000       0x1a bootpack.o
                                         0x1b (size before relaxing)
 .comment       0x000000000000001a       0x1b dsctbl.o
 .comment       0x000000000000001a       0x1b graphics.o
 .comment       0x000000000000001a       0x1b int.o
 .comment       0x000000000000001a       0x1b fifo.o
 .comment       0x000000000000001a       0x1b font_8x16.o
 .comment       0x000000000000001a       0x1b libc/libc.a(sprintf.o)

.note.GNU-stack
                0x0000000000000000        0x0
 .note.GNU-stack
                0x0000000000000000        0x0 bootpack.o
 .note.GNU-stack
                0x0000000000000000        0x0 dsctbl.o
 .note.GNU-stack
                0x0000000000000000        0x0 graphics.o
 .note.GNU-stack
                0x0000000000000000        0x0 int.o
 .note.GNU-stack
                0x0000000000000000        0x0 fifo.o
 .note.GNU-stack
                0x0000000000000000        0x0 font_8x16.o
 .note.GNU-stack
                0x0000000000000000        0x0 libc/libc.a(sprintf.o)
