Archive member included to satisfy reference by file (symbol)

libc/libc.a(sprintf.o)        bootpack.o (sprintf)

Allocating common symbols
Common symbol       size              file

mousedata0          0x4               mouse.o
keyfifo             0x4               keyboard.o
taskctl             0x4               mtask.o
timerctl            0x271c            timer.o
mousefifo           0x4               mouse.o
task_timer          0x4               mtask.o
keydata0            0x4               keyboard.o

Memory Configuration

Name             Origin             Length             Attributes
*default*        0x0000000000000000 0xffffffffffffffff

Linker script and memory map

LOAD bootpack.o
LOAD dsctbl.o
LOAD graphics.o
LOAD int.o
LOAD fifo.o
LOAD mouse.o
LOAD keyboard.o
LOAD memory.o
LOAD sheet.o
LOAD timer.o
LOAD mtask.o
LOAD naskfunc.o
LOAD font_8x16.o
                0x0000000000280000                . = 0x280000

.text           0x0000000000280000     0x38cb
 *(.text)
 .text          0x0000000000280000      0xf8c bootpack.o
                0x0000000000280000                HariMain
                0x00000000002809b4                make_window8
                0x0000000000280bf9                putfonts8_asc_sht
                0x0000000000280c98                make_textbox8
                0x0000000000280e97                task_b_main
 .text          0x0000000000280f8c      0x211 dsctbl.o
                0x0000000000280f8c                init_gdtidt
                0x00000000002810dd                set_segmdesc
                0x0000000000281158                set_gatedesc
 .text          0x000000000028119d      0x5ce graphics.o
                0x000000000028119d                init_palette
                0x00000000002811ba                set_palette
                0x0000000000281266                boxfill8
                0x00000000002812b8                init_screen8
                0x00000000002814d5                putfont8
                0x00000000002815d7                putfonts8_asc
                0x0000000000281626                init_mouse_cursor8
                0x00000000002816fc                putblock8_8
 .text          0x000000000028176b      0x122 int.o
                0x000000000028176b                init_pic
                0x0000000000281846                inthandler27
 .text          0x000000000028188d      0x178 fifo.o
                0x000000000028188d                fifo32_init
                0x00000000002818d4                fifo32_put
                0x0000000000281981                fifo32_get
                0x00000000002819f0                fifo32_status
 .text          0x0000000000281a05      0x1e4 mouse.o
                0x0000000000281a05                inthandler2c
                0x0000000000281a5c                enable_mouse
                0x0000000000281aaa                mouse_decode
 .text          0x0000000000281be9       0xa6 keyboard.o
                0x0000000000281be9                inthandler21
                0x0000000000281c2e                wait_KBC_sendready
                0x0000000000281c4e                init_keyboard
 .text          0x0000000000281c8f      0x4b1 memory.o
                0x0000000000281c8f                memtest
                0x0000000000281d46                memman_init
                0x0000000000281d73                memman_total
                0x0000000000281dac                memman_alloc
                0x0000000000281e95                memman_free
                0x00000000002820e5                memman_alloc_4k
                0x0000000000282111                memman_free_4k
 .text          0x0000000000282140      0xa25 sheet.o
                0x0000000000282140                shtctl_init
                0x0000000000282223                sheet_alloc
                0x000000000028229a                sheet_setbuf
                0x00000000002822c3                sheet_refreshmap
                0x0000000000282477                sheet_refreshsub
                0x0000000000282643                sheet_updown
                0x00000000002829ba                sheet_refresh
                0x0000000000282a2b                sheet_slide
                0x0000000000282b3e                sheet_free
 .text          0x0000000000282b65      0x29a timer.o
                0x0000000000282b65                init_pit
                0x0000000000282c0d                timer_alloc
                0x0000000000282c77                timer_free
                0x0000000000282c87                timer_init
                0x0000000000282c9f                timer_settime
                0x0000000000282d4e                inthandler20
 .text          0x0000000000282dff      0x578 mtask.o
                0x0000000000282dff                task_now
                0x0000000000282e2f                task_add
                0x0000000000282e78                task_remove
                0x0000000000282f35                task_switchsub
                0x0000000000282f81                task_init
                0x00000000002830f0                task_alloc
                0x00000000002831eb                task_run
                0x0000000000283258                task_sleep
                0x00000000002832a8                task_switch
 .text          0x0000000000283377      0x135 naskfunc.o
                0x0000000000283377                _io_hlt
                0x0000000000283379                _io_cli
                0x000000000028337b                _io_sti
                0x000000000028337d                _io_stihlt
                0x0000000000283380                _io_in8
                0x000000000028338b                _io_in16
                0x0000000000283397                _io_in32
                0x000000000028339d                _io_out8
                0x00000000002833a7                _io_out16
                0x00000000002833b3                _io_out32
                0x00000000002833bd                _io_load_eflags
                0x00000000002833c0                _io_store_eflags
                0x00000000002833c7                _load_gdtr
                0x00000000002833d7                _load_idtr
                0x00000000002833e7                _load_cr0
                0x00000000002833eb                _store_cr0
                0x00000000002833f3                _load_tr
                0x00000000002833f9                _asm_inthandler20
                0x0000000000283414                _asm_inthandler21
                0x000000000028342f                _asm_inthandler27
                0x000000000028344a                _asm_inthandler2c
                0x0000000000283465                _memtest_sub
                0x00000000002834a7                _farjmp
 .text          0x00000000002834ac        0x0 font_8x16.o
 .text          0x00000000002834ac      0x41f libc/libc.a(sprintf.o)
                0x0000000000283794                sprintf

.iplt           0x00000000002838cb        0x0
 .iplt          0x00000000002838cb        0x0 bootpack.o

.rodata         0x00000000002838e0     0x1080
 .rodata        0x00000000002838e0       0x4f bootpack.o
 .rodata        0x000000000028392f       0x15 int.o
 *fill*         0x0000000000283944       0x1c 
 .rodata        0x0000000000283960     0x1000 font_8x16.o
                0x0000000000283960                fontdata_8x16

.rel.dyn        0x0000000000284960        0x0
 .rel.got       0x0000000000284960        0x0 bootpack.o
 .rel.iplt      0x0000000000284960        0x0 bootpack.o
 .rel.text      0x0000000000284960        0x0 bootpack.o

.data           0x0000000000284960      0x280
 *(.data)
 .data          0x0000000000284960      0x140 bootpack.o
 .data          0x0000000000284aa0        0x0 dsctbl.o
 .data          0x0000000000284aa0      0x140 graphics.o
 .data          0x0000000000284be0        0x0 int.o
 .data          0x0000000000284be0        0x0 fifo.o
 .data          0x0000000000284be0        0x0 mouse.o
 .data          0x0000000000284be0        0x0 keyboard.o
 .data          0x0000000000284be0        0x0 memory.o
 .data          0x0000000000284be0        0x0 sheet.o
 .data          0x0000000000284be0        0x0 timer.o
 .data          0x0000000000284be0        0x0 mtask.o
 .data          0x0000000000284be0        0x0 naskfunc.o
 .data          0x0000000000284be0        0x0 font_8x16.o
 .data          0x0000000000284be0        0x0 libc/libc.a(sprintf.o)

.got            0x0000000000284be0        0x0
 .got           0x0000000000284be0        0x0 bootpack.o

.got.plt        0x0000000000284be0        0x0
 .got.plt       0x0000000000284be0        0x0 bootpack.o

.igot.plt       0x0000000000284be0        0x0
 .igot.plt      0x0000000000284be0        0x0 bootpack.o

.bss            0x0000000000284be0     0x2744
 *(.bss)
 .bss           0x0000000000284be0        0x0 bootpack.o
 .bss           0x0000000000284be0        0x0 dsctbl.o
 .bss           0x0000000000284be0        0x0 graphics.o
 .bss           0x0000000000284be0        0x0 int.o
 .bss           0x0000000000284be0        0x0 fifo.o
 .bss           0x0000000000284be0        0x0 mouse.o
 .bss           0x0000000000284be0        0x0 keyboard.o
 .bss           0x0000000000284be0        0x0 memory.o
 .bss           0x0000000000284be0        0x0 sheet.o
 .bss           0x0000000000284be0        0x0 timer.o
 .bss           0x0000000000284be0        0x0 mtask.o
 .bss           0x0000000000284be0        0x0 naskfunc.o
 .bss           0x0000000000284be0        0x0 font_8x16.o
 .bss           0x0000000000284be0        0x0 libc/libc.a(sprintf.o)
 COMMON         0x0000000000284be0        0x8 mouse.o
                0x0000000000284be0                mousedata0
                0x0000000000284be4                mousefifo
 COMMON         0x0000000000284be8        0x8 keyboard.o
                0x0000000000284be8                keyfifo
                0x0000000000284bec                keydata0
 *fill*         0x0000000000284bf0       0x10 
 COMMON         0x0000000000284c00     0x271c timer.o
                0x0000000000284c00                timerctl
 COMMON         0x000000000028731c        0x8 mtask.o
                0x000000000028731c                taskctl
                0x0000000000287320                task_timer
LOAD libc/libc.a
OUTPUT(kernel.elf elf32-i386)

.comment        0x0000000000000000       0x11
 .comment       0x0000000000000000       0x11 bootpack.o
                                         0x12 (size before relaxing)
 .comment       0x0000000000000011       0x12 dsctbl.o
 .comment       0x0000000000000011       0x12 graphics.o
 .comment       0x0000000000000011       0x12 int.o
 .comment       0x0000000000000011       0x12 fifo.o
 .comment       0x0000000000000011       0x12 mouse.o
 .comment       0x0000000000000011       0x12 keyboard.o
 .comment       0x0000000000000011       0x12 memory.o
 .comment       0x0000000000000011       0x12 sheet.o
 .comment       0x0000000000000011       0x12 timer.o
 .comment       0x0000000000000011       0x12 mtask.o
 .comment       0x0000000000000011       0x12 font_8x16.o
 .comment       0x0000000000000011       0x12 libc/libc.a(sprintf.o)

.note.GNU-stack
                0x0000000000000000        0x0
 .note.GNU-stack
                0x0000000000000000        0x0 bootpack.o
 .note.GNU-stack
                0x0000000000000000        0x0 dsctbl.o
 .note.GNU-stack
                0x0000000000000000        0x0 graphics.o
 .note.GNU-stack
                0x0000000000000000        0x0 int.o
 .note.GNU-stack
                0x0000000000000000        0x0 fifo.o
 .note.GNU-stack
                0x0000000000000000        0x0 mouse.o
 .note.GNU-stack
                0x0000000000000000        0x0 keyboard.o
 .note.GNU-stack
                0x0000000000000000        0x0 memory.o
 .note.GNU-stack
                0x0000000000000000        0x0 sheet.o
 .note.GNU-stack
                0x0000000000000000        0x0 timer.o
 .note.GNU-stack
                0x0000000000000000        0x0 mtask.o
 .note.GNU-stack
                0x0000000000000000        0x0 font_8x16.o
 .note.GNU-stack
                0x0000000000000000        0x0 libc/libc.a(sprintf.o)
